Archive member included to satisfy reference by file (symbol)

.\CortexM3\ARM_GCC_541\Debug\Design03.a(WaveDAC8.o)
                              .\CortexM3\ARM_GCC_541\Debug\main.o (WaveDAC8_Start)
.\CortexM3\ARM_GCC_541\Debug\Design03.a(ADC_DelSig.o)
                              .\CortexM3\ARM_GCC_541\Debug\main.o (ADC_DelSig_Start)
.\CortexM3\ARM_GCC_541\Debug\Design03.a(ADC_DelSig_INT.o)
                              .\CortexM3\ARM_GCC_541\Debug\Design03.a(ADC_DelSig.o) (ADC_DelSig_ISR1)
.\CortexM3\ARM_GCC_541\Debug\Design03.a(UART.o)
                              .\CortexM3\ARM_GCC_541\Debug\main.o (UART_Start)
.\CortexM3\ARM_GCC_541\Debug\Design03.a(WaveDAC8_DacClk.o)
                              .\CortexM3\ARM_GCC_541\Debug\Design03.a(WaveDAC8.o) (WaveDAC8_DacClk_Start)
.\CortexM3\ARM_GCC_541\Debug\Design03.a(WaveDAC8_Wave1_DMA_dma.o)
                              .\CortexM3\ARM_GCC_541\Debug\Design03.a(WaveDAC8.o) (WaveDAC8_Wave1_DMA_DmaInitialize)
.\CortexM3\ARM_GCC_541\Debug\Design03.a(WaveDAC8_Wave2_DMA_dma.o)
                              .\CortexM3\ARM_GCC_541\Debug\Design03.a(WaveDAC8.o) (WaveDAC8_Wave2_DMA_DmaInitialize)
.\CortexM3\ARM_GCC_541\Debug\Design03.a(WaveDAC8_VDAC8.o)
                              .\CortexM3\ARM_GCC_541\Debug\Design03.a(WaveDAC8.o) (WaveDAC8_VDAC8_Enable)
.\CortexM3\ARM_GCC_541\Debug\Design03.a(ADC_DelSig_AMux.o)
                              .\CortexM3\ARM_GCC_541\Debug\Design03.a(ADC_DelSig.o) (ADC_DelSig_AMux_Select)
.\CortexM3\ARM_GCC_541\Debug\Design03.a(ADC_DelSig_Ext_CP_Clk.o)
                              .\CortexM3\ARM_GCC_541\Debug\Design03.a(ADC_DelSig.o) (ADC_DelSig_Ext_CP_Clk_SetModeRegister)
.\CortexM3\ARM_GCC_541\Debug\Design03.a(ADC_DelSig_IRQ.o)
                              .\CortexM3\ARM_GCC_541\Debug\main.o (ADC_DelSig_IRQ_Start)
.\CortexM3\ARM_GCC_541\Debug\Design03.a(ADC_DelSig_theACLK.o)
                              .\CortexM3\ARM_GCC_541\Debug\Design03.a(ADC_DelSig.o) (ADC_DelSig_theACLK_SetModeRegister)
.\CortexM3\ARM_GCC_541\Debug\Design03.a(UART_IntClock.o)
                              .\CortexM3\ARM_GCC_541\Debug\Design03.a(UART.o) (UART_IntClock_Start)
.\CortexM3\ARM_GCC_541\Debug\Design03.a(CyDmac.o)
                              .\CortexM3\ARM_GCC_541\Debug\Cm3Start.o (CyDmacConfigure)
.\CortexM3\ARM_GCC_541\Debug\Design03.a(CyLib.o)
                              .\CortexM3\ARM_GCC_541\Debug\Cm3Start.o (CyHalt)
.\CortexM3\ARM_GCC_541\Debug\Design03.a(cyPm.o)
                              .\CortexM3\ARM_GCC_541\Debug\Design03.a(CyLib.o) (CyPmReadStatus)
.\CortexM3\ARM_GCC_541\Debug\Design03.a(isr_TIMER.o)
                              .\CortexM3\ARM_GCC_541\Debug\main.o (isr_TIMER_StartEx)
.\CortexM3\ARM_GCC_541\Debug\Design03.a(Timer.o)
                              .\CortexM3\ARM_GCC_541\Debug\InterruptRoutines.o (Timer_ReadStatusRegister)
.\CortexM3\ARM_GCC_541\Debug\Design03.a(DMA_dma.o)
                              .\CortexM3\ARM_GCC_541\Debug\DMA_Routines.o (DMA_DmaInitialize)
.\CortexM3\ARM_GCC_541\Debug\Design03.a(Filter_1.o)
                              .\CortexM3\ARM_GCC_541\Debug\main.o (Filter_1_Start)
.\CortexM3\ARM_GCC_541\Debug\Design03.a(Filter_1_PVT.o)
                              .\CortexM3\ARM_GCC_541\Debug\Design03.a(Filter_1.o) (Filter_1_SetInterruptMode)
.\CortexM3\ARM_GCC_541\Debug\Design03.a(Filter_1_RAM_Data.o)
                              .\CortexM3\ARM_GCC_541\Debug\Design03.a(Filter_1.o) (Filter_1_cfsm)
.\CortexM3\ARM_GCC_541\Debug\Design03.a(DMA_FM_dma.o)
                              .\CortexM3\ARM_GCC_541\Debug\DMA_Routines.o (DMA_FM_DmaInitialize)
.\CortexM3\ARM_GCC_541\Debug\Design03.a(DMA_MF_dma.o)
                              .\CortexM3\ARM_GCC_541\Debug\DMA_Routines.o (DMA_MF_DmaInitialize)
.\CortexM3\ARM_GCC_541\Debug\Design03.a(CyBootAsmGnu.o)
                              .\CortexM3\ARM_GCC_541\Debug\cyfitter_cfg.o (CyDelayCycles)
.\CortexM3\ARM_GCC_541\Debug\Design03.a(CyFlash.o)
                              .\CortexM3\ARM_GCC_541\Debug\Design03.a(cyPm.o) (CyFlash_SetWaitCycles)
.\CortexM3\ARM_GCC_541\Debug\Design03.a(CySpc.o)
                              .\CortexM3\ARM_GCC_541\Debug\Design03.a(CyFlash.o) (CySpcStart)
c:/program files (x86)/cypress/psoc creator/4.4/psoc creator/import/gnu/arm/5.4.1/bin/../lib/gcc/arm-none-eabi/5.4.1/armv7-m\libgcc.a(_arm_addsubdf3.o)
                              .\CortexM3\ARM_GCC_541\Debug\Design03.a(ADC_DelSig.o) (__aeabi_f2d)
c:/program files (x86)/cypress/psoc creator/4.4/psoc creator/import/gnu/arm/5.4.1/bin/../lib/gcc/arm-none-eabi/5.4.1/armv7-m\libgcc.a(_arm_cmpdf2.o)
                              .\CortexM3\ARM_GCC_541\Debug\Design03.a(ADC_DelSig.o) (__aeabi_dcmpgt)
c:/program files (x86)/cypress/psoc creator/4.4/psoc creator/import/gnu/arm/5.4.1/bin/../lib/gcc/arm-none-eabi/5.4.1/armv7-m\libgcc.a(_arm_addsubsf3.o)
                              .\CortexM3\ARM_GCC_541\Debug\Design03.a(ADC_DelSig.o) (__aeabi_ui2f)
[...]
Memory Configuration

Name             Origin             Length             Attributes
rom              0x00000000         0x00040000         xr
ram              0x1fff8000         0x00010000         xrw
*default*        0x00000000         0xffffffff

Linker script and memory map

LOAD c:/program files (x86)/cypress/psoc creator/4.4/psoc creator/import/gnu/arm/5.4.1/bin/../lib/gcc/arm-none-eabi/5.4.1/armv7-m/crti.o
LOAD c:/program files (x86)/cypress/psoc creator/4.4/psoc creator/import/gnu/arm/5.4.1/bin/../lib/gcc/arm-none-eabi/5.4.1/armv7-m/crtbegin.o
LOAD c:/program files (x86)/cypress/psoc creator/4.4/psoc creator/import/gnu/arm/5.4.1/bin/../lib/gcc/arm-none-eabi/5.4.1/../../../../arm-none-eabi/lib/armv7-m/crt0.o
START GROUP
LOAD .\CortexM3\ARM_GCC_541\Debug\main.o
LOAD .\CortexM3\ARM_GCC_541\Debug\InterruptRoutines.o
LOAD .\CortexM3\ARM_GCC_541\Debug\DMA_Routines.o
LOAD .\CortexM3\ARM_GCC_541\Debug\cyfitter_cfg.o
LOAD .\CortexM3\ARM_GCC_541\Debug\cymetadata.o
LOAD .\CortexM3\ARM_GCC_541\Debug\Cm3Start.o
LOAD .\CortexM3\ARM_GCC_541\Debug\Design03.a
LOAD C:\Program Files (x86)\Cypress\PSoC Creator\4.4\PSoC Creator\psoc\content\cycomponentlibrary\CyComponentLibrary.cylib\CortexM3\ARM_GCC_541\Debug\CyComponentLibrary.a
END GROUP
START GROUP
LOAD c:/program files (x86)/cypress/psoc creator/4.4/psoc creator/import/gnu/arm/5.4.1/bin/../lib/gcc/arm-none-eabi/5.4.1/armv7-m\libgcc.a
LOAD c:/program files (x86)/cypress/psoc creator/4.4/psoc creator/import/gnu/arm/5.4.1/bin/../lib/gcc/arm-none-eabi/5.4.1/../../../../arm-none-eabi/lib/armv7-m\libg_nano.a
LOAD c:/program files (x86)/cypress/psoc creator/4.4/psoc creator/import/gnu/arm/5.4.1/bin/../lib/gcc/arm-none-eabi/5.4.1/../../../../arm-none-eabi/lib/armv7-m\libc_nano.a
END GROUP
START GROUP
LOAD c:/program files (x86)/cypress/psoc creator/4.4/psoc creator/import/gnu/arm/5.4.1/bin/../lib/gcc/arm-none-eabi/5.4.1/armv7-m\libgcc.a
LOAD c:/program files (x86)/cypress/psoc creator/4.4/psoc creator/import/gnu/arm/5.4.1/bin/../lib/gcc/arm-none-eabi/5.4.1/../../../../arm-none-eabi/lib/armv7-m\libc_nano.a
END GROUP
LOAD c:/program files (x86)/cypress/psoc creator/4.4/psoc creator/import/gnu/arm/5.4.1/bin/../lib/gcc/arm-none-eabi/5.4.1/armv7-m/crtend.o
LOAD c:/program files (x86)/cypress/psoc creator/4.4/psoc creator/import/gnu/arm/5.4.1/bin/../lib/gcc/arm-none-eabi/5.4.1/armv7-m/crtn.o
START GROUP
LOAD c:/program files (x86)/cypress/psoc creator/4.4/psoc creator/import/gnu/arm/5.4.1/bin/../lib/gcc/arm-none-eabi/5.4.1/armv7-m\libgcc.a
LOAD c:/program files (x86)/cypress/psoc creator/4.4/psoc creator/import/gnu/arm/5.4.1/bin/../lib/gcc/arm-none-eabi/5.4.1/../../../../arm-none-eabi/lib/armv7-m\libc.a
LOAD c:/program files (x86)/cypress/psoc creator/4.4/psoc creator/import/gnu/arm/5.4.1/bin/../lib/gcc/arm-none-eabi/5.4.1/../../../../arm-none-eabi/lib/armv7-m\libnosys.a
END GROUP
                0x00000000                CY_APPL_ORIGIN = 0x0
                0x00000100                CY_FLASH_ROW_SIZE = 0x100
                0x00000020                CY_ECC_ROW_SIZE = 0x20
                0x00000000                CY_EE_IN_BTLDR = 0x0
                0x00000000                CY_APPL_LOADABLE = 0x0
                0x00000800                CY_EE_SIZE = 0x800
                0x00000001                CY_APPL_NUM = 0x1
                0x00000001                CY_APPL_MAX = 0x1
                0x00000040                CY_METADATA_SIZE = 0x40
                0x00000000                CY_APPL_LOADABLE = 0x0
                0x00000000                CY_CHECKSUM_EXCLUDE_SIZE = ALIGN (0x0, CY_FLASH_ROW_SIZE)
                [!provide]                PROVIDE (__cy_heap_start, _end)
                0x00000001                PROVIDE (__cy_region_num, ((__cy_regions_end - __cy_regions) / 0x10))
                0x20008000                PROVIDE (__cy_stack, (ORIGIN (ram) + LENGTH (ram)))
                [!provide]                PROVIDE (__cy_heap_end, (__cy_stack - 0x800))

.cybootloader   0x00000000        0x0
 *(.cybootloader)
                0x00000000                appl1_start = CY_APPL_ORIGIN?CY_APPL_ORIGIN:ALIGN (CY_FLASH_ROW_SIZE)
                0x0001ff00                appl2_start = (appl1_start + ALIGN ((((LENGTH (rom) - appl1_start) - (0x2 * CY_FLASH_ROW_SIZE)) / 0x2), CY_FLASH_ROW_SIZE))
                0x00000000                appl_start = (CY_APPL_NUM == 0x1)?appl1_start:appl2_start
                0x00000000                ecc_offset = ((appl_start / CY_FLASH_ROW_SIZE) * CY_ECC_ROW_SIZE)
                0x00000000                ee_offset = (CY_APPL_LOADABLE && ! (CY_EE_IN_BTLDR))?((CY_EE_SIZE / CY_APPL_MAX) * (CY_APPL_NUM - 0x1)):0x0
                0x00000800                ee_size = (CY_APPL_LOADABLE && ! (CY_EE_IN_BTLDR))?(CY_EE_SIZE / CY_APPL_MAX):CY_EE_SIZE
                [!provide]                PROVIDE (CY_ECC_OFFSET, ecc_offset)

.text           0x00000000     0x15e6
 CREATE_OBJECT_SYMBOLS
                0x00000000                PROVIDE (__cy_interrupt_vector, RomVectors)
 *(.romvectors)
 .romvectors    0x00000000       0x10 .\CortexM3\ARM_GCC_541\Debug\Cm3Start.o
                0x00000000                RomVectors
                0x00000001                ASSERT ((. != __cy_interrupt_vector), No interrupt vector)
                0x00000001                ASSERT (CY_APPL_ORIGIN?(SIZEOF (.cybootloader) <= CY_APPL_ORIGIN):0x1, Wrong image location)
                0x00000010                PROVIDE (__cy_reset, Reset)
 *(.text.Reset)
 .text.Reset    0x00000010       0x18 .\CortexM3\ARM_GCC_541\Debug\Cm3Start.o
                0x00000010                Reset
                0x00000001                ASSERT ((. != __cy_reset), No reset code)
 *(.dma_init)
                0x00000001                ASSERT ((((appl_start + .) <= 0x10000) || 0x1), DMA Init must be within the first 64k of flash)
 *(.text .text.* .gnu.linkonce.t.*)
 .text          0x00000028       0x5c c:/program files (x86)/cypress/psoc creator/4.4/psoc creator/import/gnu/arm/5.4.1/bin/../lib/gcc/arm-none-eabi/5.4.1/armv7-m/crtbegin.o
 .text.main     0x00000084       0x70 .\CortexM3\ARM_GCC_541\Debug\main.o
                0x00000084                main
 .text.Custom_ISR_timer
                0x000000f4       0xa0 .\CortexM3\ARM_GCC_541\Debug\InterruptRoutines.o
                0x000000f4                Custom_ISR_timer
 .text.DMA_ADC_2_MEM_Config
                0x00000194       0x48 .\CortexM3\ARM_GCC_541\Debug\DMA_Routines.o
                0x00000194                DMA_ADC_2_MEM_Config
 .text.DMA_FILTER_2_MEM_Config
                0x000001dc       0x48 .\CortexM3\ARM_GCC_541\Debug\DMA_Routines.o
                0x000001dc                DMA_FILTER_2_MEM_Config
 .text.DMA_MEM_2_FILTER_Config
                0x00000224       0x48 .\CortexM3\ARM_GCC_541\Debug\DMA_Routines.o
                0x00000224                DMA_MEM_2_FILTER_Config
 .text.CyClockStartupError
                0x0000026c        0x4 .\CortexM3\ARM_GCC_541\Debug\cyfitter_cfg.o
 .text.cfg_write_bytes32
                0x00000270       0x34 .\CortexM3\ARM_GCC_541\Debug\cyfitter_cfg.o
 .text.AnalogSetDefault
                0x000002a4       0x34 .\CortexM3\ARM_GCC_541\Debug\cyfitter_cfg.o
 .text.CYMEMZERO
                0x000002d8        0xc .\CortexM3\ARM_GCC_541\Debug\cyfitter_cfg.o
 .text.CYCONFIGCPY
                0x000002e4        0x8 .\CortexM3\ARM_GCC_541\Debug\cyfitter_cfg.o
 .text.ClockSetup
                0x000002ec      0x108 .\CortexM3\ARM_GCC_541\Debug\cyfitter_cfg.o
 .text.ADC_DelSig_AMux_Set
                0x000003f4       0x1c .\CortexM3\ARM_GCC_541\Debug\cyfitter_cfg.o
                0x000003f4                ADC_DelSig_AMux_Set
 .text.ADC_DelSig_AMux_Unset
                0x00000410       0x1c .\CortexM3\ARM_GCC_541\Debug\cyfitter_cfg.o
                0x00000410                ADC_DelSig_AMux_Unset
 .text.cyfitter_cfg
                0x0000042c      0x128 .\CortexM3\ARM_GCC_541\Debug\cyfitter_cfg.o
                0x0000042c                cyfitter_cfg
 .text.IntDefaultHandler
                0x00000554       0x10 .\CortexM3\ARM_GCC_541\Debug\Cm3Start.o
                0x00000554                IntDefaultHandler
 .text.Start_c  0x00000564       0x4c .\CortexM3\ARM_GCC_541\Debug\Cm3Start.o
                0x00000564                Start_c
 .text.initialize_psoc
                0x000005b0       0x6c .\CortexM3\ARM_GCC_541\Debug\Cm3Start.o
                0x000005b0                initialize_psoc
 .text.WaveDAC8_Enable
                0x0000061c       0x28 .\CortexM3\ARM_GCC_541\Debug\Design03.a(WaveDAC8.o)
                0x0000061c                WaveDAC8_Enable
 .text.WaveDAC8_Wave1Setup
                0x00000644       0x40 .\CortexM3\ARM_GCC_541\Debug\Design03.a(WaveDAC8.o)
                0x00000644                WaveDAC8_Wave1Setup
 .text.WaveDAC8_Wave2Setup
                0x00000684       0x40 .\CortexM3\ARM_GCC_541\Debug\Design03.a(WaveDAC8.o)
                0x00000684                WaveDAC8_Wave2Setup
 .text.WaveDAC8_Init
                0x000006c4       0x40 .\CortexM3\ARM_GCC_541\Debug\Design03.a(WaveDAC8.o)
                0x000006c4                WaveDAC8_Init
 .text.WaveDAC8_Start
                0x00000704       0x1c .\CortexM3\ARM_GCC_541\Debug\Design03.a(WaveDAC8.o)
                0x00000704                WaveDAC8_Start
 .text.ADC_DelSig_GainCompensation
                0x00000720       0xdc .\CortexM3\ARM_GCC_541\Debug\Design03.a(ADC_DelSig.o)
 .text.ADC_DelSig_SetDSMRef0Reg
                0x000007fc       0x4c .\CortexM3\ARM_GCC_541\Debug\Design03.a(ADC_DelSig.o)
 .text.ADC_DelSig_InitConfig
                0x00000848       0xe0 .\CortexM3\ARM_GCC_541\Debug\Design03.a(ADC_DelSig.o)
 .text.ADC_DelSig_Init
                0x00000928       0xc4 .\CortexM3\ARM_GCC_541\Debug\Design03.a(ADC_DelSig.o)
                0x00000928                ADC_DelSig_Init
 .text.ADC_DelSig_Enable
                0x000009ec       0xd8 .\CortexM3\ARM_GCC_541\Debug\Design03.a(ADC_DelSig.o)
                0x000009ec                ADC_DelSig_Enable
 .text.ADC_DelSig_Start
                0x00000ac4       0x28 .\CortexM3\ARM_GCC_541\Debug\Design03.a(ADC_DelSig.o)
                0x00000ac4                ADC_DelSig_Start
 .text.ADC_DelSig_StartConvert
                0x00000aec       0x10 .\CortexM3\ARM_GCC_541\Debug\Design03.a(ADC_DelSig.o)
                0x00000aec                ADC_DelSig_StartConvert
 .text.ADC_DelSig_CountsTo_mVolts
                0x00000afc       0x24 .\CortexM3\ARM_GCC_541\Debug\Design03.a(ADC_DelSig.o)
                0x00000afc                ADC_DelSig_CountsTo_mVolts
 .text.ADC_DelSig_ISR1
                0x00000b20        0x4 .\CortexM3\ARM_GCC_541\Debug\Design03.a(ADC_DelSig_INT.o)
                0x00000b20                ADC_DelSig_ISR1
 .text.UART_Init
                0x00000b24       0x28 .\CortexM3\ARM_GCC_541\Debug\Design03.a(UART.o)
                0x00000b24                UART_Init
 .text.UART_Enable
                0x00000b4c       0x38 .\CortexM3\ARM_GCC_541\Debug\Design03.a(UART.o)
                0x00000b4c                UART_Enable
 .text.UART_Start
                0x00000b84       0x1c .\CortexM3\ARM_GCC_541\Debug\Design03.a(UART.o)
                0x00000b84                UART_Start
 .text.UART_PutChar
                0x00000ba0       0x18 .\CortexM3\ARM_GCC_541\Debug\Design03.a(UART.o)
                0x00000ba0                UART_PutChar
 .text.UART_PutArray
                0x00000bb8       0x28 .\CortexM3\ARM_GCC_541\Debug\Design03.a(UART.o)
                0x00000bb8                UART_PutArray
 .text.WaveDAC8_DacClk_Start
                0x00000be0       0x1c .\CortexM3\ARM_GCC_541\Debug\Design03.a(WaveDAC8_DacClk.o)
                0x00000be0                WaveDAC8_DacClk_Start
 .text.WaveDAC8_Wave1_DMA_DmaInitialize
                0x00000bfc       0x3c .\CortexM3\ARM_GCC_541\Debug\Design03.a(WaveDAC8_Wave1_DMA_dma.o)
                0x00000bfc                WaveDAC8_Wave1_DMA_DmaInitialize
 .text.WaveDAC8_Wave2_DMA_DmaInitialize
                0x00000c38       0x3c .\CortexM3\ARM_GCC_541\Debug\Design03.a(WaveDAC8_Wave2_DMA_dma.o)
                0x00000c38                WaveDAC8_Wave2_DMA_DmaInitialize
 .text.WaveDAC8_VDAC8_Enable
                0x00000c74       0x1c .\CortexM3\ARM_GCC_541\Debug\Design03.a(WaveDAC8_VDAC8.o)
                0x00000c74                WaveDAC8_VDAC8_Enable
 .text.WaveDAC8_VDAC8_SetSpeed
                0x00000c90       0x1c .\CortexM3\ARM_GCC_541\Debug\Design03.a(WaveDAC8_VDAC8.o)
                0x00000c90                WaveDAC8_VDAC8_SetSpeed
 .text.WaveDAC8_VDAC8_SetValue
                0x00000cac        0xc .\CortexM3\ARM_GCC_541\Debug\Design03.a(WaveDAC8_VDAC8.o)
                0x00000cac                WaveDAC8_VDAC8_SetValue
 .text.WaveDAC8_VDAC8_DacTrim
                0x00000cb8       0x24 .\CortexM3\ARM_GCC_541\Debug\Design03.a(WaveDAC8_VDAC8.o)
                0x00000cb8                WaveDAC8_VDAC8_DacTrim
 .text.WaveDAC8_VDAC8_SetRange
                0x00000cdc       0x20 .\CortexM3\ARM_GCC_541\Debug\Design03.a(WaveDAC8_VDAC8.o)
                0x00000cdc                WaveDAC8_VDAC8_SetRange
 .text.WaveDAC8_VDAC8_Init
                0x00000cfc       0x2c .\CortexM3\ARM_GCC_541\Debug\Design03.a(WaveDAC8_VDAC8.o)
                0x00000cfc                WaveDAC8_VDAC8_Init
 .text.ADC_DelSig_AMux_Start
                0x00000d28       0x20 .\CortexM3\ARM_GCC_541\Debug\Design03.a(ADC_DelSig_AMux.o)
                0x00000d28                ADC_DelSig_AMux_Start
 .text.ADC_DelSig_AMux_Select
                0x00000d48       0x18 .\CortexM3\ARM_GCC_541\Debug\Design03.a(ADC_DelSig_AMux.o)
                0x00000d48                ADC_DelSig_AMux_Select
 .text.ADC_DelSig_Ext_CP_Clk_GetDividerRegister
                0x00000d60        0xc .\CortexM3\ARM_GCC_541\Debug\Design03.a(ADC_DelSig_Ext_CP_Clk.o)
                0x00000d60                ADC_DelSig_Ext_CP_Clk_GetDividerRegister
 .text.ADC_DelSig_Ext_CP_Clk_SetModeRegister
                0x00000d6c       0x14 .\CortexM3\ARM_GCC_541\Debug\Design03.a(ADC_DelSig_Ext_CP_Clk.o)
                0x00000d6c                ADC_DelSig_Ext_CP_Clk_SetModeRegister
 .text.ADC_DelSig_Ext_CP_Clk_GetSourceRegister
                0x00000d80       0x10 .\CortexM3\ARM_GCC_541\Debug\Design03.a(ADC_DelSig_Ext_CP_Clk.o)
                0x00000d80                ADC_DelSig_Ext_CP_Clk_GetSourceRegister
 .text.ADC_DelSig_Ext_CP_Clk_SetDividerRegister
                0x00000d90       0xd8 .\CortexM3\ARM_GCC_541\Debug\Design03.a(ADC_DelSig_Ext_CP_Clk.o)
                0x00000d90                ADC_DelSig_Ext_CP_Clk_SetDividerRegister
 .text.ADC_DelSig_IRQ_Interrupt
                0x00000e68        0x4 .\CortexM3\ARM_GCC_541\Debug\Design03.a(ADC_DelSig_IRQ.o)
                0x00000e68                ADC_DelSig_IRQ_Interrupt
 .text.ADC_DelSig_IRQ_SetVector
                0x00000e6c       0x10 .\CortexM3\ARM_GCC_541\Debug\Design03.a(ADC_DelSig_IRQ.o)
                0x00000e6c                ADC_DelSig_IRQ_SetVector
 .text.ADC_DelSig_IRQ_SetPriority
                0x00000e7c       0x10 .\CortexM3\ARM_GCC_541\Debug\Design03.a(ADC_DelSig_IRQ.o)
                0x00000e7c                ADC_DelSig_IRQ_SetPriority
 .text.ADC_DelSig_IRQ_Enable
                0x00000e8c       0x10 .\CortexM3\ARM_GCC_541\Debug\Design03.a(ADC_DelSig_IRQ.o)
                0x00000e8c                ADC_DelSig_IRQ_Enable
 .text.ADC_DelSig_IRQ_Disable
                0x00000e9c       0x10 .\CortexM3\ARM_GCC_541\Debug\Design03.a(ADC_DelSig_IRQ.o)
                0x00000e9c                ADC_DelSig_IRQ_Disable
 .text.ADC_DelSig_IRQ_Start
                0x00000eac       0x1c .\CortexM3\ARM_GCC_541\Debug\Design03.a(ADC_DelSig_IRQ.o)
                0x00000eac                ADC_DelSig_IRQ_Start
 .text.ADC_DelSig_theACLK_GetDividerRegister
                0x00000ec8        0xc .\CortexM3\ARM_GCC_541\Debug\Design03.a(ADC_DelSig_theACLK.o)
                0x00000ec8                ADC_DelSig_theACLK_GetDividerRegister
 .text.ADC_DelSig_theACLK_SetModeRegister
                0x00000ed4       0x14 .\CortexM3\ARM_GCC_541\Debug\Design03.a(ADC_DelSig_theACLK.o)
                0x00000ed4                ADC_DelSig_theACLK_SetModeRegister
 .text.ADC_DelSig_theACLK_GetSourceRegister
                0x00000ee8       0x10 .\CortexM3\ARM_GCC_541\Debug\Design03.a(ADC_DelSig_theACLK.o)
                0x00000ee8                ADC_DelSig_theACLK_GetSourceRegister
 .text.ADC_DelSig_theACLK_SetDividerRegister
                0x00000ef8       0xd8 .\CortexM3\ARM_GCC_541\Debug\Design03.a(ADC_DelSig_theACLK.o)
                0x00000ef8                ADC_DelSig_theACLK_SetDividerRegister
 .text.UART_IntClock_Start
                0x00000fd0       0x1c .\CortexM3\ARM_GCC_541\Debug\Design03.a(UART_IntClock.o)
                0x00000fd0                UART_IntClock_Start
 .text.CyDmacConfigure
                0x00000fec       0x34 .\CortexM3\ARM_GCC_541\Debug\Design03.a(CyDmac.o)
                0x00000fec                CyDmacConfigure
 .text.CyDmaChEnable
                0x00001020       0x38 .\CortexM3\ARM_GCC_541\Debug\Design03.a(CyDmac.o)
                0x00001020                CyDmaChEnable
 .text.CyDmaChPriority
                0x00001058       0x24 .\CortexM3\ARM_GCC_541\Debug\Design03.a(CyDmac.o)
                0x00001058                CyDmaChPriority
 .text.CyDmaChSetExtendedAddress
                0x0000107c       0x34 .\CortexM3\ARM_GCC_541\Debug\Design03.a(CyDmac.o)
                0x0000107c                CyDmaChSetExtendedAddress
 .text.CyDmaChSetInitialTd
                0x000010b0       0x18 .\CortexM3\ARM_GCC_541\Debug\Design03.a(CyDmac.o)
                0x000010b0                CyDmaChSetInitialTd
 .text.CyDmaChSetConfiguration
                0x000010c8       0x44 .\CortexM3\ARM_GCC_541\Debug\Design03.a(CyDmac.o)
                0x000010c8                CyDmaChSetConfiguration
 .text.CyDmaTdAllocate
                0x0000110c       0x34 .\CortexM3\ARM_GCC_541\Debug\Design03.a(CyDmac.o)
                0x0000110c                CyDmaTdAllocate
 .text.CyDmaTdSetConfiguration
                0x00001140       0x28 .\CortexM3\ARM_GCC_541\Debug\Design03.a(CyDmac.o)
                0x00001140                CyDmaTdSetConfiguration
 .text.CyDmaTdSetAddress
                0x00001168       0x1c .\CortexM3\ARM_GCC_541\Debug\Design03.a(CyDmac.o)
                0x00001168                CyDmaTdSetAddress
 .text.CyHalt   0x00001184        0x4 .\CortexM3\ARM_GCC_541\Debug\Design03.a(CyLib.o)
                0x00001184                CyHalt
 .text.CyDelayUs
                0x00001188       0x14 .\CortexM3\ARM_GCC_541\Debug\Design03.a(CyLib.o)
                0x00001188                CyDelayUs
 .text.CyIntSetVector
                0x0000119c       0x28 .\CortexM3\ARM_GCC_541\Debug\Design03.a(CyLib.o)
                0x0000119c                CyIntSetVector
 .text.CyIntSetPriority
                0x000011c4       0x30 .\CortexM3\ARM_GCC_541\Debug\Design03.a(CyLib.o)
                0x000011c4                CyIntSetPriority
 .text.isr_TIMER_SetVector
                0x000011f4        0xc .\CortexM3\ARM_GCC_541\Debug\Design03.a(isr_TIMER.o)
                0x000011f4                isr_TIMER_SetVector
 .text.isr_TIMER_SetPriority
                0x00001200       0x10 .\CortexM3\ARM_GCC_541\Debug\Design03.a(isr_TIMER.o)
                0x00001200                isr_TIMER_SetPriority
 .text.isr_TIMER_Enable
                0x00001210        0xc .\CortexM3\ARM_GCC_541\Debug\Design03.a(isr_TIMER.o)
                0x00001210                isr_TIMER_Enable
 .text.isr_TIMER_Disable
                0x0000121c        0xc .\CortexM3\ARM_GCC_541\Debug\Design03.a(isr_TIMER.o)
                0x0000121c                isr_TIMER_Disable
 .text.isr_TIMER_StartEx
                0x00001228       0x1c .\CortexM3\ARM_GCC_541\Debug\Design03.a(isr_TIMER.o)
                0x00001228                isr_TIMER_StartEx
 .text.Timer_Enable
                0x00001244       0x28 .\CortexM3\ARM_GCC_541\Debug\Design03.a(Timer.o)
                0x00001244                Timer_Enable
 .text.Timer_SetInterruptMode
                0x0000126c        0xc .\CortexM3\ARM_GCC_541\Debug\Design03.a(Timer.o)
                0x0000126c                Timer_SetInterruptMode
 .text.Timer_ReadStatusRegister
                0x00001278        0xc .\CortexM3\ARM_GCC_541\Debug\Design03.a(Timer.o)
                0x00001278                Timer_ReadStatusRegister
 .text.Timer_WritePeriod
                0x00001284        0xc .\CortexM3\ARM_GCC_541\Debug\Design03.a(Timer.o)
                0x00001284                Timer_WritePeriod
 .text.Timer_WriteCounter
                0x00001290        0xc .\CortexM3\ARM_GCC_541\Debug\Design03.a(Timer.o)
                0x00001290                Timer_WriteCounter
 .text.Timer_Init
                0x0000129c       0x64 .\CortexM3\ARM_GCC_541\Debug\Design03.a(Timer.o)
                0x0000129c                Timer_Init
 .text.Timer_Start
                0x00001300       0x1c .\CortexM3\ARM_GCC_541\Debug\Design03.a(Timer.o)
                0x00001300                Timer_Start
 .text.DMA_DmaInitialize
                0x0000131c       0x3c .\CortexM3\ARM_GCC_541\Debug\Design03.a(DMA_dma.o)
                0x0000131c                DMA_DmaInitialize
 .text.Filter_1_Init
                0x00001358       0xcc .\CortexM3\ARM_GCC_541\Debug\Design03.a(Filter_1.o)
                0x00001358                Filter_1_Init
 .text.Filter_1_Enable
                0x00001424       0x28 .\CortexM3\ARM_GCC_541\Debug\Design03.a(Filter_1.o)
                0x00001424                Filter_1_Enable
 .text.Filter_1_Start
                0x0000144c       0x1c .\CortexM3\ARM_GCC_541\Debug\Design03.a(Filter_1.o)
                0x0000144c                Filter_1_Start
 .text.Filter_1_SetCoherency
                0x00001468       0x48 .\CortexM3\ARM_GCC_541\Debug\Design03.a(Filter_1.o)
                0x00001468                Filter_1_SetCoherency
 .text.Filter_1_SetInterruptMode
                0x000014b0       0x10 .\CortexM3\ARM_GCC_541\Debug\Design03.a(Filter_1_PVT.o)
                0x000014b0                Filter_1_SetInterruptMode
 .text.Filter_1_SetDMAMode
                0x000014c0       0x10 .\CortexM3\ARM_GCC_541\Debug\Design03.a(Filter_1_PVT.o)
                0x000014c0                Filter_1_SetDMAMode
 .text.DMA_FM_DmaInitialize
                0x000014d0       0x3c .\CortexM3\ARM_GCC_541\Debug\Design03.a(DMA_FM_dma.o)
                0x000014d0                DMA_FM_DmaInitialize
 .text.DMA_MF_DmaInitialize
                0x0000150c       0x3c .\CortexM3\ARM_GCC_541\Debug\Design03.a(DMA_MF_dma.o)
                0x0000150c                DMA_MF_DmaInitialize
 .text          0x00001548       0x20 .\CortexM3\ARM_GCC_541\Debug\Design03.a(CyBootAsmGnu.o)
                0x00001548                CyDelayCycles
                0x00001558                CyEnterCriticalSection
                0x00001560                CyExitCriticalSection
 .text.__errno  0x00001568        0xc c:/program files (x86)/cypress/psoc creator/4.4/psoc creator/import/gnu/arm/5.4.1/bin/../lib/gcc/arm-none-eabi/5.4.1/../../../../arm-none-eabi/lib/armv7-m\libg_nano.a(lib_a-errno.o)
                0x00001568                __errno
 .text.__libc_init_array
                0x00001574       0x4c c:/program files (x86)/cypress/psoc creator/4.4/psoc creator/import/gnu/arm/5.4.1/bin/../lib/gcc/arm-none-eabi/5.4.1/../../../../arm-none-eabi/lib/armv7-m\libg_nano.a(lib_a-init.o)
                0x00001574                __libc_init_array
 .text.memcpy   0x000015c0       0x16 c:/program files (x86)/cypress/psoc creator/4.4/psoc creator/import/gnu/arm/5.4.1/bin/../lib/gcc/arm-none-eabi/5.4.1/../../../../arm-none-eabi/lib/armv7-m\libg_nano.a(lib_a-memcpy-stub.o)
                0x000015c0                memcpy
 .text.memset   0x000015d6       0x10 c:/program files (x86)/cypress/psoc creator/4.4/psoc creator/import/gnu/arm/5.4.1/bin/../lib/gcc/arm-none-eabi/5.4.1/../../../../arm-none-eabi/lib/armv7-m\libg_nano.a(lib_a-memset.o)
                0x000015d6                memset
 *(.plt)
 *(.gnu.warning)
 *(.glue_7t)
 .glue_7t       0x000015e6        0x0 linker stubs
 *(.glue_7)
 .glue_7        0x000015e6        0x0 linker stubs
 *(.vfp11_veneer)
 .vfp11_veneer  0x000015e6        0x0 linker stubs
 *(.bootloader)
 *(.ARM.extab* .gnu.linkonce.armextab.*)
 *(.gcc_except_table)

.v4_bx          0x000015e8        0x0
 .v4_bx         0x000015e8        0x0 linker stubs

.iplt           0x000015e8        0x0
 .iplt          0x000015e8        0x0 c:/program files (x86)/cypress/psoc creator/4.4/psoc creator/import/gnu/arm/5.4.1/bin/../lib/gcc/arm-none-eabi/5.4.1/armv7-m/crtbegin.o

.eh_frame_hdr
 *(.eh_frame_hdr)

.eh_frame       0x000015e8        0x4
 *(.eh_frame)
 .eh_frame      0x000015e8        0x0 c:/program files (x86)/cypress/psoc creator/4.4/psoc creator/import/gnu/arm/5.4.1/bin/../lib/gcc/arm-none-eabi/5.4.1/armv7-m/crtbegin.o
 .eh_frame      0x000015e8        0x4 c:/program files (x86)/cypress/psoc creator/4.4/psoc creator/import/gnu/arm/5.4.1/bin/../lib/gcc/arm-none-eabi/5.4.1/armv7-m/crtend.o
                [!provide]                PROVIDE (__exidx_start, .)

.ARM.exidx
 *(.ARM.exidx* .gnu.linkonce.armexidx.*)
                0x000015ec                __exidx_end = .

.rodata         0x000015ec     0x25fc
 *(.rodata .rodata.* .gnu.linkonce.r.*)
 .rodata        0x000015ec       0x42 .\CortexM3\ARM_GCC_541\Debug\cyfitter_cfg.o
                0x000015ec                ADC_DelSig_AMux__addrTable
                0x000015f4                ADC_DelSig_AMux__maskTable
 *fill*         0x0000162e        0x2 
 .rodata        0x00001630     0x1f40 .\CortexM3\ARM_GCC_541\Debug\Design03.a(WaveDAC8.o)
                0x00001630                WaveDAC8_wave1
                0x000025d0                WaveDAC8_wave2
 .rodata        0x00003570      0x640 .\CortexM3\ARM_GCC_541\Debug\Design03.a(Filter_1_RAM_Data.o)
                0x00003570                Filter_1_cfsm
                0x00003670                Filter_1_acu
                0x000036b0                Filter_1_data_b
                0x000038b0                Filter_1_data_a
                0x00003ab0                Filter_1_control
 .rodata.str1.1
                0x00003bb0        0x2 c:/program files (x86)/cypress/psoc creator/4.4/psoc creator/import/gnu/arm/5.4.1/bin/../lib/gcc/arm-none-eabi/5.4.1/../../../../arm-none-eabi/lib/armv7-m\libg_nano.a(lib_a-impure.o)
                0x00003bb4                . = ALIGN (0x4)
 *fill*         0x00003bb2        0x2 
 *(.init)
 .init          0x00003bb4        0x4 c:/program files (x86)/cypress/psoc creator/4.4/psoc creator/import/gnu/arm/5.4.1/bin/../lib/gcc/arm-none-eabi/5.4.1/armv7-m/crti.o
                0x00003bb4                _init
 .init          0x00003bb8        0x8 c:/program files (x86)/cypress/psoc creator/4.4/psoc creator/import/gnu/arm/5.4.1/bin/../lib/gcc/arm-none-eabi/5.4.1/armv7-m/crtn.o
                0x00003bc0                . = ALIGN (0x4)
                0x00003bc0                __preinit_array_start = .
 *(.preinit_array)
                0x00003bc0                __preinit_array_end = .
                0x00003bc0                . = ALIGN (0x4)
                0x00003bc0                __init_array_start = .
 *(SORT(.init_array.*))
 *(.init_array)
 .init_array    0x00003bc0        0x4 c:/program files (x86)/cypress/psoc creator/4.4/psoc creator/import/gnu/arm/5.4.1/bin/../lib/gcc/arm-none-eabi/5.4.1/armv7-m/crtbegin.o
 .init_array    0x00003bc4        0x4 .\CortexM3\ARM_GCC_541\Debug\Cm3Start.o
                0x00003bc8                __init_array_end = .
                0x00003bc8                . = ALIGN (0x4)
 *(.fini)
 .fini          0x00003bc8        0x4 c:/program files (x86)/cypress/psoc creator/4.4/psoc creator/import/gnu/arm/5.4.1/bin/../lib/gcc/arm-none-eabi/5.4.1/armv7-m/crti.o
                0x00003bc8                _fini
 .fini          0x00003bcc        0x8 c:/program files (x86)/cypress/psoc creator/4.4/psoc creator/import/gnu/arm/5.4.1/bin/../lib/gcc/arm-none-eabi/5.4.1/armv7-m/crtn.o
                0x00003bd4                . = ALIGN (0x4)
                0x00003bd4                __fini_array_start = .
 *(.fini_array)
 .fini_array    0x00003bd4        0x4 c:/program files (x86)/cypress/psoc creator/4.4/psoc creator/import/gnu/arm/5.4.1/bin/../lib/gcc/arm-none-eabi/5.4.1/armv7-m/crtbegin.o
 *(SORT(.fini_array.*))
                0x00003bd8                __fini_array_end = .
                0x00003bd8                . = ALIGN (0x4)
 *crtbegin.o(.ctors)
 *(EXCLUDE_FILE(*crtend.o) .ctors)
 *(SORT(.ctors.*))
 *crtend.o(.ctors)
                0x00003bd8                . = ALIGN (0x4)
 *crtbegin.o(.dtors)
 *(EXCLUDE_FILE(*crtend.o) .dtors)
 *(SORT(.dtors.*))
 *crtend.o(.dtors)
                0x00003bd8                . = ALIGN (0x4)
                0x00003bd8                __cy_regions = .
                0x00003bd8        0x4 LONG 0x3be8 __cy_region_init_ram
                0x00003bdc        0x4 LONG 0x1fff80c8 __cy_region_start_data
                0x00003be0        0x4 LONG 0x88 __cy_region_init_size_ram
                0x00003be4        0x4 LONG 0x50 __cy_region_zero_size_ram
                0x00003be8                __cy_regions_end = .
                0x00003be8                . = ALIGN (0x8)
                0x00003be8                _etext = .

.cy_checksum_exclude
                0x00003be8        0x0
 *(.cy_checksum_exclude)

.ramvectors     0x1fff8000       0xc0
                0x1fff8000                __cy_region_start_ram = .
 *(.ramvectors)
 .ramvectors    0x1fff8000       0xc0 .\CortexM3\ARM_GCC_541\Debug\Cm3Start.o
                0x1fff8000                CyRamVectors

.noinit         0x1fff80c0        0x1
 *(.noinit)
 .noinit        0x1fff80c0        0x1 .\CortexM3\ARM_GCC_541\Debug\Design03.a(CyLib.o)
                0x1fff80c0                CyResetStatus

.data           0x1fff80c8       0x88 load address 0x00003be8
                0x1fff80c8                __cy_region_start_data = .
 *(.jcr)
 .jcr           0x1fff80c8        0x0 c:/program files (x86)/cypress/psoc creator/4.4/psoc creator/import/gnu/arm/5.4.1/bin/../lib/gcc/arm-none-eabi/5.4.1/armv7-m/crtbegin.o
 .jcr           0x1fff80c8        0x4 c:/program files (x86)/cypress/psoc creator/4.4/psoc creator/import/gnu/arm/5.4.1/bin/../lib/gcc/arm-none-eabi/5.4.1/armv7-m/crtend.o
 *(.got.plt)
 *(.got)
 *(.shdata)
 *(.data .data.* .gnu.linkonce.d.*)
 .data          0x1fff80cc        0x1 .\CortexM3\ARM_GCC_541\Debug\Design03.a(ADC_DelSig.o)
                0x1fff80cc                ADC_DelSig_Config
 .data          0x1fff80cd        0x1 .\CortexM3\ARM_GCC_541\Debug\Design03.a(WaveDAC8_Wave1_DMA_dma.o)
                0x1fff80cd                WaveDAC8_Wave1_DMA_DmaHandle
 .data          0x1fff80ce        0x1 .\CortexM3\ARM_GCC_541\Debug\Design03.a(WaveDAC8_Wave2_DMA_dma.o)
                0x1fff80ce                WaveDAC8_Wave2_DMA_DmaHandle
 .data          0x1fff80cf        0x1 .\CortexM3\ARM_GCC_541\Debug\Design03.a(ADC_DelSig_AMux.o)
 .data          0x1fff80d0        0x8 .\CortexM3\ARM_GCC_541\Debug\Design03.a(CyDmac.o)
 .data          0x1fff80d8       0x10 .\CortexM3\ARM_GCC_541\Debug\Design03.a(CyLib.o)
                0x1fff80d8                cydelay_32k_ms
                0x1fff80dc                cydelay_freq_khz
                0x1fff80e0                cydelay_freq_mhz
                0x1fff80e4                cydelay_freq_hz
 .data          0x1fff80e8        0x1 .\CortexM3\ARM_GCC_541\Debug\Design03.a(DMA_dma.o)
                0x1fff80e8                DMA_DmaHandle
 .data          0x1fff80e9        0x1 .\CortexM3\ARM_GCC_541\Debug\Design03.a(DMA_FM_dma.o)
                0x1fff80e9                DMA_FM_DmaHandle
 .data          0x1fff80ea        0x1 .\CortexM3\ARM_GCC_541\Debug\Design03.a(DMA_MF_dma.o)
                0x1fff80ea                DMA_MF_DmaHandle
 *fill*         0x1fff80eb        0x1 
 .data.impure_data
                0x1fff80ec       0x60 c:/program files (x86)/cypress/psoc creator/4.4/psoc creator/import/gnu/arm/5.4.1/bin/../lib/gcc/arm-none-eabi/5.4.1/../../../../arm-none-eabi/lib/armv7-m\libg_nano.a(lib_a-impure.o)
 .data._impure_ptr
                0x1fff814c        0x4 c:/program files (x86)/cypress/psoc creator/4.4/psoc creator/import/gnu/arm/5.4.1/bin/../lib/gcc/arm-none-eabi/5.4.1/../../../../arm-none-eabi/lib/armv7-m\libg_nano.a(lib_a-impure.o)
                0x1fff814c                _impure_ptr
                0x1fff8150                . = ALIGN (0x8)
 *(.ram)
                0x1fff8150                _edata = .

.igot.plt       0x1fff8150        0x0 load address 0x00003c70
 .igot.plt      0x1fff8150        0x0 c:/program files (x86)/cypress/psoc creator/4.4/psoc creator/import/gnu/arm/5.4.1/bin/../lib/gcc/arm-none-eabi/5.4.1/armv7-m/crtbegin.o

.bss            0x1fff8150       0x50 load address 0x00003c70
                0x1fff8150                PROVIDE (__bss_start__, .)
 *(.shbss)
 *(.bss .bss.* .gnu.linkonce.b.*)
 .bss           0x1fff8150       0x1c c:/program files (x86)/cypress/psoc creator/4.4/psoc creator/import/gnu/arm/5.4.1/bin/../lib/gcc/arm-none-eabi/5.4.1/armv7-m/crtbegin.o
 .bss           0x1fff816c        0x5 .\CortexM3\ARM_GCC_541\Debug\Design03.a(WaveDAC8.o)
                0x1fff8170                WaveDAC8_initVar
 *fill*         0x1fff8171        0x3 
 .bss           0x1fff8174        0xc .\CortexM3\ARM_GCC_541\Debug\Design03.a(ADC_DelSig.o)
                0x1fff8178                ADC_DelSig_stopConversion
                0x1fff8179                ADC_DelSig_convDone
                0x1fff817a                ADC_DelSig_initVar
                0x1fff817b                ADC_DelSig_started
                0x1fff817c                ADC_DelSig_Offset
 .bss           0x1fff8180        0x2 .\CortexM3\ARM_GCC_541\Debug\Design03.a(UART.o)
                0x1fff8180                UART_initVar
 .bss           0x1fff8182        0x1 .\CortexM3\ARM_GCC_541\Debug\Design03.a(Timer.o)
                0x1fff8182                Timer_initVar
 .bss           0x1fff8183        0x1 .\CortexM3\ARM_GCC_541\Debug\Design03.a(Filter_1.o)
                0x1fff8183                Filter_1_initVar
 *(COMMON)
 COMMON         0x1fff8184        0xf .\CortexM3\ARM_GCC_541\Debug\main.o
                0x1fff8184                FilterBuffer
                0x1fff8188                AdcBuffer
                0x1fff818c                dataBuffer
                0x1fff8192                Flag
 *fill*         0x1fff8193        0x1 
 COMMON         0x1fff8194        0x8 .\CortexM3\ARM_GCC_541\Debug\InterruptRoutines.o
                0x1fff8194                value_digit
                0x1fff8198                value_mv
 COMMON         0x1fff819c        0x4 .\CortexM3\ARM_GCC_541\Debug\Design03.a(ADC_DelSig.o)
                0x1fff819c                ADC_DelSig_CountsPerVolt
                0x1fff81a0                . = ALIGN (0x8)
 *(.ram.b)
                0x1fff81a0                _end = .
                0x1fff81a0                __end = .
                0x1fff81a0                PROVIDE (end, .)
                0x1fff81a0                PROVIDE (__bss_end__, .)
                0x00003be8                __cy_region_init_ram = LOADADDR (.data)
                0x00000088                __cy_region_init_size_ram = (_edata - ADDR (.data))
                0x00000050                __cy_region_zero_size_ram = (_end - _edata)

.heap           0x1fff81a0       0x80 load address 0x00003c70
                0x1fff81a0                . = _end
                0x1fff8220                . = (. + 0x80)
 *fill*         0x1fff81a0       0x80 
                0x1fff8220                __cy_heap_limit = .

.stack          0x20007800      0x800
                0x20007800                __cy_stack_limit = .
                0x20008000                . = (. + 0x800)
 *fill*         0x20007800      0x800 
                0x00000001                ASSERT ((__cy_stack_limit >= __cy_heap_limit), region RAM overflowed with stack)
                0x00000000                cy_checksum_exclude_size = (CY_APPL_LOADABLE == 0x1)?SIZEOF (.cy_checksum_exclude):0x0
                0x00000001                ASSERT ((cy_checksum_exclude_size <= CY_CHECKSUM_EXCLUDE_SIZE), CY_BOOT: Section .cy_checksum_exclude size exceedes specified limit.)

.cyloadermeta
 *(.cyloadermeta)

.cyloadablemeta
 *(.cyloadablemeta)

.cyconfigecc    0x80000000      0x4a4
 *(.cyconfigecc)
 .cyconfigecc   0x80000000      0x4a4 .\CortexM3\ARM_GCC_541\Debug\cymetadata.o
                0x80000000                cy_meta_configecc

.cycustnvl      0x90000000        0x4
 *(.cycustnvl)
 .cycustnvl     0x90000000        0x4 .\CortexM3\ARM_GCC_541\Debug\cymetadata.o
                0x90000000                cy_meta_custnvl

.cywolatch      0x90100000        0x4
 *(.cywolatch)
 .cywolatch     0x90100000        0x4 .\CortexM3\ARM_GCC_541\Debug\cymetadata.o
                0x90100000                cy_meta_wonvl

.cyeeprom       0x90200000        0x0
 *(.cyeeprom)
                0x00000001                ASSERT ((. <= ((0x90200000 + ee_offset) + ee_size)), .cyeeprom data will not fit in EEPROM)

.cyflashprotect
                0x90400000      0x100
 *(.cyflashprotect)
 .cyflashprotect
                0x90400000      0x100 .\CortexM3\ARM_GCC_541\Debug\cymetadata.o
                0x90400000                cy_meta_flashprotect

.cymeta         0x90500000        0xc
 *(.cymeta)
 .cymeta        0x90500000        0xc .\CortexM3\ARM_GCC_541\Debug\cymetadata.o
                0x90500000                cy_metadata

.rel.dyn        0x00003c70        0x0 load address 0x9050000c
 .rel.iplt      0x00003c70        0x0 c:/program files (x86)/cypress/psoc creator/4.4/psoc creator/import/gnu/arm/5.4.1/bin/../lib/gcc/arm-none-eabi/5.4.1/armv7-m/crtbegin.o

.stab
 *(.stab)

.stabstr
 *(.stabstr)

.debug
 *(.debug)

.line
 *(.line)

.debug_srcinfo
 *(.debug_srcinfo)

.debug_sfnames
 *(.debug_sfnames)

.debug_aranges  0x00000000      0xe38
 *(.debug_aranges)
 .debug_aranges
                0x00000000       0x20 .\CortexM3\ARM_GCC_541\Debug\main.o
 .debug_aranges
                0x00000020       0x20 .\CortexM3\ARM_GCC_541\Debug\InterruptRoutines.o
 .debug_aranges
                0x00000040       0x30 .\CortexM3\ARM_GCC_541\Debug\DMA_Routines.o
 .debug_aranges
                0x00000070       0x68 .\CortexM3\ARM_GCC_541\Debug\cyfitter_cfg.o
 .debug_aranges
                0x000000d8       0x18 .\CortexM3\ARM_GCC_541\Debug\cymetadata.o
 .debug_aranges
                0x000000f0       0x48 .\CortexM3\ARM_GCC_541\Debug\Cm3Start.o
 .debug_aranges
                0x00000138       0x50 .\CortexM3\ARM_GCC_541\Debug\Design03.a(WaveDAC8.o)
 .debug_aranges
                0x00000188       0xe8 .\CortexM3\ARM_GCC_541\Debug\Design03.a(ADC_DelSig.o)
 .debug_aranges
                0x00000270       0x38 .\CortexM3\ARM_GCC_541\Debug\Design03.a(ADC_DelSig_INT.o)
 .debug_aranges
                0x000002a8       0xf0 .\CortexM3\ARM_GCC_541\Debug\Design03.a(UART.o)
 .debug_aranges
                0x00000398       0x70 .\CortexM3\ARM_GCC_541\Debug\Design03.a(WaveDAC8_DacClk.o)
 .debug_aranges
                0x00000408       0x28 .\CortexM3\ARM_GCC_541\Debug\Design03.a(WaveDAC8_Wave1_DMA_dma.o)
 .debug_aranges
                0x00000430       0x28 .\CortexM3\ARM_GCC_541\Debug\Design03.a(WaveDAC8_Wave2_DMA_dma.o)
 .debug_aranges
                0x00000458       0x58 .\CortexM3\ARM_GCC_541\Debug\Design03.a(WaveDAC8_VDAC8.o)
 .debug_aranges
                0x000004b0       0x30 .\CortexM3\ARM_GCC_541\Debug\Design03.a(ADC_DelSig_AMux.o)
 .debug_aranges
                0x000004e0       0x70 .\CortexM3\ARM_GCC_541\Debug\Design03.a(ADC_DelSig_Ext_CP_Clk.o)
 .debug_aranges
                0x00000550       0x80 .\CortexM3\ARM_GCC_541\Debug\Design03.a(ADC_DelSig_IRQ.o)
 .debug_aranges
                0x000005d0       0x80 .\CortexM3\ARM_GCC_541\Debug\Design03.a(ADC_DelSig_theACLK.o)
 .debug_aranges
                0x00000650       0x70 .\CortexM3\ARM_GCC_541\Debug\Design03.a(UART_IntClock.o)
 .debug_aranges
                0x000006c0       0xd8 .\CortexM3\ARM_GCC_541\Debug\Design03.a(CyDmac.o)
 .debug_aranges
                0x00000798      0x2a0 .\CortexM3\ARM_GCC_541\Debug\Design03.a(CyLib.o)
 .debug_aranges
                0x00000a38       0x98 .\CortexM3\ARM_GCC_541\Debug\Design03.a(cyPm.o)
 .debug_aranges
                0x00000ad0       0x80 .\CortexM3\ARM_GCC_541\Debug\Design03.a(isr_TIMER.o)
 .debug_aranges
                0x00000b50       0x88 .\CortexM3\ARM_GCC_541\Debug\Design03.a(Timer.o)
 .debug_aranges
                0x00000bd8       0x28 .\CortexM3\ARM_GCC_541\Debug\Design03.a(DMA_dma.o)
 .debug_aranges
                0x00000c00       0x80 .\CortexM3\ARM_GCC_541\Debug\Design03.a(Filter_1.o)
 .debug_aranges
                0x00000c80       0x28 .\CortexM3\ARM_GCC_541\Debug\Design03.a(Filter_1_PVT.o)
 .debug_aranges
                0x00000ca8       0x18 .\CortexM3\ARM_GCC_541\Debug\Design03.a(Filter_1_RAM_Data.o)
 .debug_aranges
                0x00000cc0       0x28 .\CortexM3\ARM_GCC_541\Debug\Design03.a(DMA_FM_dma.o)
 .debug_aranges
                0x00000ce8       0x28 .\CortexM3\ARM_GCC_541\Debug\Design03.a(DMA_MF_dma.o)
 .debug_aranges
                0x00000d10       0x20 .\CortexM3\ARM_GCC_541\Debug\Design03.a(CyBootAsmGnu.o)
 .debug_aranges
                0x00000d30       0x88 .\CortexM3\ARM_GCC_541\Debug\Design03.a(CyFlash.o)
 .debug_aranges
                0x00000db8       0x80 .\CortexM3\ARM_GCC_541\Debug\Design03.a(CySpc.o)

.debug_pubnames
 *(.debug_pubnames)

.debug_info     0x00000000     0x8148
 *(.debug_info .gnu.linkonce.wi.*)
 .debug_info    0x00000000      0x262 .\CortexM3\ARM_GCC_541\Debug\main.o
 .debug_info    0x00000262      0x19b .\CortexM3\ARM_GCC_541\Debug\InterruptRoutines.o
 .debug_info    0x000003fd      0x407 .\CortexM3\ARM_GCC_541\Debug\DMA_Routines.o
 .debug_info    0x00000804      0x60c .\CortexM3\ARM_GCC_541\Debug\cyfitter_cfg.o
 .debug_info    0x00000e10      0x136 .\CortexM3\ARM_GCC_541\Debug\cymetadata.o
 .debug_info    0x00000f46      0x3cf .\CortexM3\ARM_GCC_541\Debug\Cm3Start.o
 .debug_info    0x00001315      0x50a .\CortexM3\ARM_GCC_541\Debug\Design03.a(WaveDAC8.o)
 .debug_info    0x0000181f      0xa18 .\CortexM3\ARM_GCC_541\Debug\Design03.a(ADC_DelSig.o)
 .debug_info    0x00002237       0xd3 .\CortexM3\ARM_GCC_541\Debug\Design03.a(ADC_DelSig_INT.o)
 .debug_info    0x0000230a      0x60c .\CortexM3\ARM_GCC_541\Debug\Design03.a(UART.o)
 .debug_info    0x00002916      0x283 .\CortexM3\ARM_GCC_541\Debug\Design03.a(WaveDAC8_DacClk.o)
 .debug_info    0x00002b99      0x1a7 .\CortexM3\ARM_GCC_541\Debug\Design03.a(WaveDAC8_Wave1_DMA_dma.o)
 .debug_info    0x00002d40      0x1a8 .\CortexM3\ARM_GCC_541\Debug\Design03.a(WaveDAC8_Wave2_DMA_dma.o)
 .debug_info    0x00002ee8      0x1de .\CortexM3\ARM_GCC_541\Debug\Design03.a(WaveDAC8_VDAC8.o)
 .debug_info    0x000030c6      0x165 .\CortexM3\ARM_GCC_541\Debug\Design03.a(ADC_DelSig_AMux.o)
 .debug_info    0x0000322b      0x283 .\CortexM3\ARM_GCC_541\Debug\Design03.a(ADC_DelSig_Ext_CP_Clk.o)
 .debug_info    0x000034ae      0x2d2 .\CortexM3\ARM_GCC_541\Debug\Design03.a(ADC_DelSig_IRQ.o)
 .debug_info    0x00003780      0x2c4 .\CortexM3\ARM_GCC_541\Debug\Design03.a(ADC_DelSig_theACLK.o)
 .debug_info    0x00003a44      0x283 .\CortexM3\ARM_GCC_541\Debug\Design03.a(UART_IntClock.o)
 .debug_info    0x00003cc7      0x94e .\CortexM3\ARM_GCC_541\Debug\Design03.a(CyDmac.o)
 .debug_info    0x00004615     0x1374 .\CortexM3\ARM_GCC_541\Debug\Design03.a(CyLib.o)
 .debug_info    0x00005989      0xa2a .\CortexM3\ARM_GCC_541\Debug\Design03.a(cyPm.o)
 .debug_info    0x000063b3      0x2d2 .\CortexM3\ARM_GCC_541\Debug\Design03.a(isr_TIMER.o)
 .debug_info    0x00006685      0x293 .\CortexM3\ARM_GCC_541\Debug\Design03.a(Timer.o)
 .debug_info    0x00006918      0x1a8 .\CortexM3\ARM_GCC_541\Debug\Design03.a(DMA_dma.o)
 .debug_info    0x00006ac0      0x4b3 .\CortexM3\ARM_GCC_541\Debug\Design03.a(Filter_1.o)
 .debug_info    0x00006f73       0xf2 .\CortexM3\ARM_GCC_541\Debug\Design03.a(Filter_1_PVT.o)
 .debug_info    0x00007065      0x137 .\CortexM3\ARM_GCC_541\Debug\Design03.a(Filter_1_RAM_Data.o)
 .debug_info    0x0000719c      0x1a7 .\CortexM3\ARM_GCC_541\Debug\Design03.a(DMA_FM_dma.o)
 .debug_info    0x00007343      0x1aa .\CortexM3\ARM_GCC_541\Debug\Design03.a(DMA_MF_dma.o)
 .debug_info    0x000074ed       0xbe .\CortexM3\ARM_GCC_541\Debug\Design03.a(CyBootAsmGnu.o)
 .debug_info    0x000075ab      0x64d .\CortexM3\ARM_GCC_541\Debug\Design03.a(CyFlash.o)
 .debug_info    0x00007bf8      0x550 .\CortexM3\ARM_GCC_541\Debug\Design03.a(CySpc.o)

.debug_abbrev   0x00000000     0x25c8
 *(.debug_abbrev)
 .debug_abbrev  0x00000000       0xde .\CortexM3\ARM_GCC_541\Debug\main.o
 .debug_abbrev  0x000000de       0xb5 .\CortexM3\ARM_GCC_541\Debug\InterruptRoutines.o
 .debug_abbrev  0x00000193       0xf5 .\CortexM3\ARM_GCC_541\Debug\DMA_Routines.o
 .debug_abbrev  0x00000288      0x21e .\CortexM3\ARM_GCC_541\Debug\cyfitter_cfg.o
 .debug_abbrev  0x000004a6       0x77 .\CortexM3\ARM_GCC_541\Debug\cymetadata.o
 .debug_abbrev  0x0000051d      0x1e8 .\CortexM3\ARM_GCC_541\Debug\Cm3Start.o
 .debug_abbrev  0x00000705      0x10b .\CortexM3\ARM_GCC_541\Debug\Design03.a(WaveDAC8.o)
 .debug_abbrev  0x00000810      0x1eb .\CortexM3\ARM_GCC_541\Debug\Design03.a(ADC_DelSig.o)
 .debug_abbrev  0x000009fb       0x42 .\CortexM3\ARM_GCC_541\Debug\Design03.a(ADC_DelSig_INT.o)
 .debug_abbrev  0x00000a3d      0x175 .\CortexM3\ARM_GCC_541\Debug\Design03.a(UART.o)
 .debug_abbrev  0x00000bb2      0x139 .\CortexM3\ARM_GCC_541\Debug\Design03.a(WaveDAC8_DacClk.o)
 .debug_abbrev  0x00000ceb       0xcd .\CortexM3\ARM_GCC_541\Debug\Design03.a(WaveDAC8_Wave1_DMA_dma.o)
 .debug_abbrev  0x00000db8       0xcd .\CortexM3\ARM_GCC_541\Debug\Design03.a(WaveDAC8_Wave2_DMA_dma.o)
 .debug_abbrev  0x00000e85       0xf7 .\CortexM3\ARM_GCC_541\Debug\Design03.a(WaveDAC8_VDAC8.o)
 .debug_abbrev  0x00000f7c       0xb1 .\CortexM3\ARM_GCC_541\Debug\Design03.a(ADC_DelSig_AMux.o)
 .debug_abbrev  0x0000102d      0x139 .\CortexM3\ARM_GCC_541\Debug\Design03.a(ADC_DelSig_Ext_CP_Clk.o)
 .debug_abbrev  0x00001166      0x173 .\CortexM3\ARM_GCC_541\Debug\Design03.a(ADC_DelSig_IRQ.o)
 .debug_abbrev  0x000012d9      0x121 .\CortexM3\ARM_GCC_541\Debug\Design03.a(ADC_DelSig_theACLK.o)
 .debug_abbrev  0x000013fa      0x139 .\CortexM3\ARM_GCC_541\Debug\Design03.a(UART_IntClock.o)
 .debug_abbrev  0x00001533      0x1b2 .\CortexM3\ARM_GCC_541\Debug\Design03.a(CyDmac.o)
 .debug_abbrev  0x000016e5      0x254 .\CortexM3\ARM_GCC_541\Debug\Design03.a(CyLib.o)
 .debug_abbrev  0x00001939      0x1ab .\CortexM3\ARM_GCC_541\Debug\Design03.a(cyPm.o)
 .debug_abbrev  0x00001ae4      0x173 .\CortexM3\ARM_GCC_541\Debug\Design03.a(isr_TIMER.o)
 .debug_abbrev  0x00001c57      0x11a .\CortexM3\ARM_GCC_541\Debug\Design03.a(Timer.o)
 .debug_abbrev  0x00001d71       0xcd .\CortexM3\ARM_GCC_541\Debug\Design03.a(DMA_dma.o)
 .debug_abbrev  0x00001e3e      0x1bc .\CortexM3\ARM_GCC_541\Debug\Design03.a(Filter_1.o)
 .debug_abbrev  0x00001ffa       0x7f .\CortexM3\ARM_GCC_541\Debug\Design03.a(Filter_1_PVT.o)
 .debug_abbrev  0x00002079       0x66 .\CortexM3\ARM_GCC_541\Debug\Design03.a(Filter_1_RAM_Data.o)
 .debug_abbrev  0x000020df       0xcd .\CortexM3\ARM_GCC_541\Debug\Design03.a(DMA_FM_dma.o)
 .debug_abbrev  0x000021ac       0xcd .\CortexM3\ARM_GCC_541\Debug\Design03.a(DMA_MF_dma.o)
 .debug_abbrev  0x00002279       0x14 .\CortexM3\ARM_GCC_541\Debug\Design03.a(CyBootAsmGnu.o)
 .debug_abbrev  0x0000228d      0x1a7 .\CortexM3\ARM_GCC_541\Debug\Design03.a(CyFlash.o)
 .debug_abbrev  0x00002434      0x194 .\CortexM3\ARM_GCC_541\Debug\Design03.a(CySpc.o)

.debug_line     0x00000000     0x371d
 *(.debug_line)
 .debug_line    0x00000000      0x205 .\CortexM3\ARM_GCC_541\Debug\main.o
 .debug_line    0x00000205      0x1e3 .\CortexM3\ARM_GCC_541\Debug\InterruptRoutines.o
 .debug_line    0x000003e8      0x1ef .\CortexM3\ARM_GCC_541\Debug\DMA_Routines.o
 .debug_line    0x000005d7      0x20c .\CortexM3\ARM_GCC_541\Debug\cyfitter_cfg.o
 .debug_line    0x000007e3      0x141 .\CortexM3\ARM_GCC_541\Debug\cymetadata.o
 .debug_line    0x00000924      0x241 .\CortexM3\ARM_GCC_541\Debug\Cm3Start.o
 .debug_line    0x00000b65      0x156 .\CortexM3\ARM_GCC_541\Debug\Design03.a(WaveDAC8.o)
 .debug_line    0x00000cbb      0x373 .\CortexM3\ARM_GCC_541\Debug\Design03.a(ADC_DelSig.o)
 .debug_line    0x0000102e       0x87 .\CortexM3\ARM_GCC_541\Debug\Design03.a(ADC_DelSig_INT.o)
 .debug_line    0x000010b5      0x2bc .\CortexM3\ARM_GCC_541\Debug\Design03.a(UART.o)
 .debug_line    0x00001371      0x17e .\CortexM3\ARM_GCC_541\Debug\Design03.a(WaveDAC8_DacClk.o)
 .debug_line    0x000014ef       0x8f .\CortexM3\ARM_GCC_541\Debug\Design03.a(WaveDAC8_Wave1_DMA_dma.o)
 .debug_line    0x0000157e       0x8f .\CortexM3\ARM_GCC_541\Debug\Design03.a(WaveDAC8_Wave2_DMA_dma.o)
 .debug_line    0x0000160d       0xea .\CortexM3\ARM_GCC_541\Debug\Design03.a(WaveDAC8_VDAC8.o)
 .debug_line    0x000016f7       0xb3 .\CortexM3\ARM_GCC_541\Debug\Design03.a(ADC_DelSig_AMux.o)
 .debug_line    0x000017aa      0x184 .\CortexM3\ARM_GCC_541\Debug\Design03.a(ADC_DelSig_Ext_CP_Clk.o)
 .debug_line    0x0000192e      0x13b .\CortexM3\ARM_GCC_541\Debug\Design03.a(ADC_DelSig_IRQ.o)
 .debug_line    0x00001a69      0x1a4 .\CortexM3\ARM_GCC_541\Debug\Design03.a(ADC_DelSig_theACLK.o)
 .debug_line    0x00001c0d      0x17c .\CortexM3\ARM_GCC_541\Debug\Design03.a(UART_IntClock.o)
 .debug_line    0x00001d89      0x2e4 .\CortexM3\ARM_GCC_541\Debug\Design03.a(CyDmac.o)
 .debug_line    0x0000206d      0x816 .\CortexM3\ARM_GCC_541\Debug\Design03.a(CyLib.o)
 .debug_line    0x00002883      0x367 .\CortexM3\ARM_GCC_541\Debug\Design03.a(cyPm.o)
 .debug_line    0x00002bea      0x136 .\CortexM3\ARM_GCC_541\Debug\Design03.a(isr_TIMER.o)
 .debug_line    0x00002d20      0x153 .\CortexM3\ARM_GCC_541\Debug\Design03.a(Timer.o)
 .debug_line    0x00002e73       0x80 .\CortexM3\ARM_GCC_541\Debug\Design03.a(DMA_dma.o)
 .debug_line    0x00002ef3      0x176 .\CortexM3\ARM_GCC_541\Debug\Design03.a(Filter_1.o)
 .debug_line    0x00003069       0x76 .\CortexM3\ARM_GCC_541\Debug\Design03.a(Filter_1_PVT.o)
 .debug_line    0x000030df       0x58 .\CortexM3\ARM_GCC_541\Debug\Design03.a(Filter_1_RAM_Data.o)
 .debug_line    0x00003137       0x83 .\CortexM3\ARM_GCC_541\Debug\Design03.a(DMA_FM_dma.o)
 .debug_line    0x000031ba       0x83 .\CortexM3\ARM_GCC_541\Debug\Design03.a(DMA_MF_dma.o)
 .debug_line    0x0000323d       0x66 .\CortexM3\ARM_GCC_541\Debug\Design03.a(CyBootAsmGnu.o)
 .debug_line    0x000032a3      0x21a .\CortexM3\ARM_GCC_541\Debug\Design03.a(CyFlash.o)
 .debug_line    0x000034bd      0x260 .\CortexM3\ARM_GCC_541\Debug\Design03.a(CySpc.o)

.debug_frame    0x00000000     0x2220
 *(.debug_frame)
 .debug_frame   0x00000000       0x2c .\CortexM3\ARM_GCC_541\Debug\main.o
 .debug_frame   0x0000002c       0x2c .\CortexM3\ARM_GCC_541\Debug\InterruptRoutines.o
 .debug_frame   0x00000058       0x70 .\CortexM3\ARM_GCC_541\Debug\DMA_Routines.o
 .debug_frame   0x000000c8      0x104 .\CortexM3\ARM_GCC_541\Debug\cyfitter_cfg.o
 .debug_frame   0x000001cc       0xb8 .\CortexM3\ARM_GCC_541\Debug\Cm3Start.o
 .debug_frame   0x00000284       0xe0 .\CortexM3\ARM_GCC_541\Debug\Design03.a(WaveDAC8.o)
 .debug_frame   0x00000364      0x284 .\CortexM3\ARM_GCC_541\Debug\Design03.a(ADC_DelSig.o)
 .debug_frame   0x000005e8       0x50 .\CortexM3\ARM_GCC_541\Debug\Design03.a(ADC_DelSig_INT.o)
 .debug_frame   0x00000638      0x250 .\CortexM3\ARM_GCC_541\Debug\Design03.a(UART.o)
 .debug_frame   0x00000888       0xe0 .\CortexM3\ARM_GCC_541\Debug\Design03.a(WaveDAC8_DacClk.o)
 .debug_frame   0x00000968       0x54 .\CortexM3\ARM_GCC_541\Debug\Design03.a(WaveDAC8_Wave1_DMA_dma.o)
 .debug_frame   0x000009bc       0x54 .\CortexM3\ARM_GCC_541\Debug\Design03.a(WaveDAC8_Wave2_DMA_dma.o)
 .debug_frame   0x00000a10       0xb4 .\CortexM3\ARM_GCC_541\Debug\Design03.a(WaveDAC8_VDAC8.o)
 .debug_frame   0x00000ac4       0x64 .\CortexM3\ARM_GCC_541\Debug\Design03.a(ADC_DelSig_AMux.o)
 .debug_frame   0x00000b28       0xe0 .\CortexM3\ARM_GCC_541\Debug\Design03.a(ADC_DelSig_Ext_CP_Clk.o)
 .debug_frame   0x00000c08      0x104 .\CortexM3\ARM_GCC_541\Debug\Design03.a(ADC_DelSig_IRQ.o)
 .debug_frame   0x00000d0c      0x100 .\CortexM3\ARM_GCC_541\Debug\Design03.a(ADC_DelSig_theACLK.o)
 .debug_frame   0x00000e0c       0xe0 .\CortexM3\ARM_GCC_541\Debug\Design03.a(UART_IntClock.o)
 .debug_frame   0x00000eec      0x1f8 .\CortexM3\ARM_GCC_541\Debug\Design03.a(CyDmac.o)
 .debug_frame   0x000010e4      0x738 .\CortexM3\ARM_GCC_541\Debug\Design03.a(CyLib.o)
 .debug_frame   0x0000181c      0x1f8 .\CortexM3\ARM_GCC_541\Debug\Design03.a(cyPm.o)
 .debug_frame   0x00001a14      0x104 .\CortexM3\ARM_GCC_541\Debug\Design03.a(isr_TIMER.o)
 .debug_frame   0x00001b18      0x108 .\CortexM3\ARM_GCC_541\Debug\Design03.a(Timer.o)
 .debug_frame   0x00001c20       0x54 .\CortexM3\ARM_GCC_541\Debug\Design03.a(DMA_dma.o)
 .debug_frame   0x00001c74      0x104 .\CortexM3\ARM_GCC_541\Debug\Design03.a(Filter_1.o)
 .debug_frame   0x00001d78       0x30 .\CortexM3\ARM_GCC_541\Debug\Design03.a(Filter_1_PVT.o)
 .debug_frame   0x00001da8       0x54 .\CortexM3\ARM_GCC_541\Debug\Design03.a(DMA_FM_dma.o)
 .debug_frame   0x00001dfc       0x54 .\CortexM3\ARM_GCC_541\Debug\Design03.a(DMA_MF_dma.o)
 .debug_frame   0x00001e50      0x194 .\CortexM3\ARM_GCC_541\Debug\Design03.a(CyFlash.o)
 .debug_frame   0x00001fe4      0x180 .\CortexM3\ARM_GCC_541\Debug\Design03.a(CySpc.o)
 .debug_frame   0x00002164       0x20 c:/program files (x86)/cypress/psoc creator/4.4/psoc creator/import/gnu/arm/5.4.1/bin/../lib/gcc/arm-none-eabi/5.4.1/../../../../arm-none-eabi/lib/armv7-m\libg_nano.a(lib_a-errno.o)
 .debug_frame   0x00002184       0x28 c:/program files (x86)/cypress/psoc creator/4.4/psoc creator/import/gnu/arm/5.4.1/bin/../lib/gcc/arm-none-eabi/5.4.1/../../../../arm-none-eabi/lib/armv7-m\libg_nano.a(lib_a-exit.o)
 .debug_frame   0x000021ac       0x2c c:/program files (x86)/cypress/psoc creator/4.4/psoc creator/import/gnu/arm/5.4.1/bin/../lib/gcc/arm-none-eabi/5.4.1/../../../../arm-none-eabi/lib/armv7-m\libg_nano.a(lib_a-init.o)
 .debug_frame   0x000021d8       0x28 c:/program files (x86)/cypress/psoc creator/4.4/psoc creator/import/gnu/arm/5.4.1/bin/../lib/gcc/arm-none-eabi/5.4.1/../../../../arm-none-eabi/lib/armv7-m\libg_nano.a(lib_a-memcpy-stub.o)
 .debug_frame   0x00002200       0x20 c:/program files (x86)/cypress/psoc creator/4.4/psoc creator/import/gnu/arm/5.4.1/bin/../lib/gcc/arm-none-eabi/5.4.1/../../../../arm-none-eabi/lib/armv7-m\libg_nano.a(lib_a-memset.o)

.debug_str      0x00000000     0x2ff0
 *(.debug_str)
 .debug_str     0x00000000      0x2a2 .\CortexM3\ARM_GCC_541\Debug\main.o
                                0x2ef (size before relaxing)
 .debug_str     0x000002a2       0x6e .\CortexM3\ARM_GCC_541\Debug\InterruptRoutines.o
                                0x269 (size before relaxing)
 .debug_str     0x00000310       0xe4 .\CortexM3\ARM_GCC_541\Debug\DMA_Routines.o
                                0x320 (size before relaxing)
 .debug_str     0x000003f4      0x1d6 .\CortexM3\ARM_GCC_541\Debug\cyfitter_cfg.o
                                0x3a5 (size before relaxing)
 .debug_str     0x000005ca       0x7f .\CortexM3\ARM_GCC_541\Debug\cymetadata.o
                                0x212 (size before relaxing)
 .debug_str     0x00000649      0x154 .\CortexM3\ARM_GCC_541\Debug\Cm3Start.o
                                0x348 (size before relaxing)
 .debug_str     0x0000079d      0x23d .\CortexM3\ARM_GCC_541\Debug\Design03.a(WaveDAC8.o)
                                0x465 (size before relaxing)
 .debug_str     0x000009da      0x4b8 .\CortexM3\ARM_GCC_541\Debug\Design03.a(ADC_DelSig.o)
                                0x716 (size before relaxing)
 .debug_str     0x00000e92       0x68 .\CortexM3\ARM_GCC_541\Debug\Design03.a(ADC_DelSig_INT.o)
                                0x211 (size before relaxing)
 .debug_str     0x00000efa      0x26d .\CortexM3\ARM_GCC_541\Debug\Design03.a(UART.o)
                                0x4a3 (size before relaxing)
 .debug_str     0x00001167      0x195 .\CortexM3\ARM_GCC_541\Debug\Design03.a(WaveDAC8_DacClk.o)
                                0x37c (size before relaxing)
 .debug_str     0x000012fc       0xe8 .\CortexM3\ARM_GCC_541\Debug\Design03.a(WaveDAC8_Wave1_DMA_dma.o)
                                0x2ce (size before relaxing)
 .debug_str     0x000013e4       0x6b .\CortexM3\ARM_GCC_541\Debug\Design03.a(WaveDAC8_Wave2_DMA_dma.o)
                                0x2ce (size before relaxing)
 .debug_str     0x0000144f       0x7c .\CortexM3\ARM_GCC_541\Debug\Design03.a(WaveDAC8_VDAC8.o)
                                0x2a7 (size before relaxing)
 .debug_str     0x000014cb       0x7b .\CortexM3\ARM_GCC_541\Debug\Design03.a(ADC_DelSig_AMux.o)
                                0x25e (size before relaxing)
 .debug_str     0x00001546      0x170 .\CortexM3\ARM_GCC_541\Debug\Design03.a(ADC_DelSig_Ext_CP_Clk.o)
                                0x3c4 (size before relaxing)
 .debug_str     0x000016b6      0x167 .\CortexM3\ARM_GCC_541\Debug\Design03.a(ADC_DelSig_IRQ.o)
                                0x352 (size before relaxing)
 .debug_str     0x0000181d      0x1a3 .\CortexM3\ARM_GCC_541\Debug\Design03.a(ADC_DelSig_theACLK.o)
                                0x3f1 (size before relaxing)
 .debug_str     0x000019c0      0x138 .\CortexM3\ARM_GCC_541\Debug\Design03.a(UART_IntClock.o)
                                0x364 (size before relaxing)
 .debug_str     0x00001af8      0x2a1 .\CortexM3\ARM_GCC_541\Debug\Design03.a(CyDmac.o)
                                0x578 (size before relaxing)
 .debug_str     0x00001d99      0x7bb .\CortexM3\ARM_GCC_541\Debug\Design03.a(CyLib.o)
                                0xa75 (size before relaxing)
 .debug_str     0x00002554      0x365 .\CortexM3\ARM_GCC_541\Debug\Design03.a(cyPm.o)
                                0x761 (size before relaxing)
 .debug_str     0x000028b9      0x10c .\CortexM3\ARM_GCC_541\Debug\Design03.a(isr_TIMER.o)
                                0x30c (size before relaxing)
 .debug_str     0x000029c5      0x135 .\CortexM3\ARM_GCC_541\Debug\Design03.a(Timer.o)
                                0x323 (size before relaxing)
 .debug_str     0x00002afa       0x21 .\CortexM3\ARM_GCC_541\Debug\Design03.a(DMA_dma.o)
                                0x292 (size before relaxing)
 .debug_str     0x00002b1b      0x188 .\CortexM3\ARM_GCC_541\Debug\Design03.a(Filter_1.o)
                                0x396 (size before relaxing)
 .debug_str     0x00002ca3       0x2d .\CortexM3\ARM_GCC_541\Debug\Design03.a(Filter_1_PVT.o)
                                0x20f (size before relaxing)
 .debug_str     0x00002cd0       0x2b .\CortexM3\ARM_GCC_541\Debug\Design03.a(Filter_1_RAM_Data.o)
                                0x226 (size before relaxing)
 .debug_str     0x00002cfb       0x47 .\CortexM3\ARM_GCC_541\Debug\Design03.a(DMA_FM_dma.o)
                                0x29e (size before relaxing)
 .debug_str     0x00002d42       0x47 .\CortexM3\ARM_GCC_541\Debug\Design03.a(DMA_MF_dma.o)
                                0x29e (size before relaxing)
 .debug_str     0x00002d89      0x1bb .\CortexM3\ARM_GCC_541\Debug\Design03.a(CyFlash.o)
                                0x3ee (size before relaxing)
 .debug_str     0x00002f44       0xac .\CortexM3\ARM_GCC_541\Debug\Design03.a(CySpc.o)
                                0x366 (size before relaxing)

.debug_loc      0x00000000     0x3b44
 *(.debug_loc)
 .debug_loc     0x00000000       0x39 .\CortexM3\ARM_GCC_541\Debug\DMA_Routines.o
 .debug_loc     0x00000039      0x219 .\CortexM3\ARM_GCC_541\Debug\cyfitter_cfg.o
 .debug_loc     0x00000252      0x144 .\CortexM3\ARM_GCC_541\Debug\Cm3Start.o
 .debug_loc     0x00000396      0x11b .\CortexM3\ARM_GCC_541\Debug\Design03.a(WaveDAC8.o)
 .debug_loc     0x000004b1      0x68c .\CortexM3\ARM_GCC_541\Debug\Design03.a(ADC_DelSig.o)
 .debug_loc     0x00000b3d      0x258 .\CortexM3\ARM_GCC_541\Debug\Design03.a(UART.o)
 .debug_loc     0x00000d95      0x128 .\CortexM3\ARM_GCC_541\Debug\Design03.a(WaveDAC8_DacClk.o)
 .debug_loc     0x00000ebd       0x84 .\CortexM3\ARM_GCC_541\Debug\Design03.a(WaveDAC8_Wave1_DMA_dma.o)
 .debug_loc     0x00000f41       0x84 .\CortexM3\ARM_GCC_541\Debug\Design03.a(WaveDAC8_Wave2_DMA_dma.o)
 .debug_loc     0x00000fc5       0x79 .\CortexM3\ARM_GCC_541\Debug\Design03.a(WaveDAC8_VDAC8.o)
 .debug_loc     0x0000103e       0x6c .\CortexM3\ARM_GCC_541\Debug\Design03.a(ADC_DelSig_AMux.o)
 .debug_loc     0x000010aa      0x12c .\CortexM3\ARM_GCC_541\Debug\Design03.a(ADC_DelSig_Ext_CP_Clk.o)
 .debug_loc     0x000011d6       0x56 .\CortexM3\ARM_GCC_541\Debug\Design03.a(ADC_DelSig_IRQ.o)
 .debug_loc     0x0000122c      0x14d .\CortexM3\ARM_GCC_541\Debug\Design03.a(ADC_DelSig_theACLK.o)
 .debug_loc     0x00001379      0x128 .\CortexM3\ARM_GCC_541\Debug\Design03.a(UART_IntClock.o)
 .debug_loc     0x000014a1      0xb8e .\CortexM3\ARM_GCC_541\Debug\Design03.a(CyDmac.o)
 .debug_loc     0x0000202f      0xa11 .\CortexM3\ARM_GCC_541\Debug\Design03.a(CyLib.o)
 .debug_loc     0x00002a40      0x1e4 .\CortexM3\ARM_GCC_541\Debug\Design03.a(cyPm.o)
 .debug_loc     0x00002c24       0x56 .\CortexM3\ARM_GCC_541\Debug\Design03.a(isr_TIMER.o)
 .debug_loc     0x00002c7a       0x84 .\CortexM3\ARM_GCC_541\Debug\Design03.a(DMA_dma.o)
 .debug_loc     0x00002cfe      0x24b .\CortexM3\ARM_GCC_541\Debug\Design03.a(Filter_1.o)
 .debug_loc     0x00002f49       0x3c .\CortexM3\ARM_GCC_541\Debug\Design03.a(Filter_1_PVT.o)
 .debug_loc     0x00002f85       0x84 .\CortexM3\ARM_GCC_541\Debug\Design03.a(DMA_FM_dma.o)
 .debug_loc     0x00003009       0x84 .\CortexM3\ARM_GCC_541\Debug\Design03.a(DMA_MF_dma.o)
 .debug_loc     0x0000308d      0x3b2 .\CortexM3\ARM_GCC_541\Debug\Design03.a(CyFlash.o)
 .debug_loc     0x0000343f      0x705 .\CortexM3\ARM_GCC_541\Debug\Design03.a(CySpc.o)

.debug_macinfo
 *(.debug_macinfo)

.debug_ranges   0x00000000      0xc08
 *(.debug_ranges)
 .debug_ranges  0x00000000       0x10 .\CortexM3\ARM_GCC_541\Debug\main.o
 .debug_ranges  0x00000010       0x10 .\CortexM3\ARM_GCC_541\Debug\InterruptRoutines.o
 .debug_ranges  0x00000020       0x20 .\CortexM3\ARM_GCC_541\Debug\DMA_Routines.o
 .debug_ranges  0x00000040       0x58 .\CortexM3\ARM_GCC_541\Debug\cyfitter_cfg.o
 .debug_ranges  0x00000098       0x38 .\CortexM3\ARM_GCC_541\Debug\Cm3Start.o
 .debug_ranges  0x000000d0       0x40 .\CortexM3\ARM_GCC_541\Debug\Design03.a(WaveDAC8.o)
 .debug_ranges  0x00000110       0xd8 .\CortexM3\ARM_GCC_541\Debug\Design03.a(ADC_DelSig.o)
 .debug_ranges  0x000001e8       0x28 .\CortexM3\ARM_GCC_541\Debug\Design03.a(ADC_DelSig_INT.o)
 .debug_ranges  0x00000210       0xe0 .\CortexM3\ARM_GCC_541\Debug\Design03.a(UART.o)
 .debug_ranges  0x000002f0       0x60 .\CortexM3\ARM_GCC_541\Debug\Design03.a(WaveDAC8_DacClk.o)
 .debug_ranges  0x00000350       0x18 .\CortexM3\ARM_GCC_541\Debug\Design03.a(WaveDAC8_Wave1_DMA_dma.o)
 .debug_ranges  0x00000368       0x18 .\CortexM3\ARM_GCC_541\Debug\Design03.a(WaveDAC8_Wave2_DMA_dma.o)
 .debug_ranges  0x00000380       0x48 .\CortexM3\ARM_GCC_541\Debug\Design03.a(WaveDAC8_VDAC8.o)
 .debug_ranges  0x000003c8       0x20 .\CortexM3\ARM_GCC_541\Debug\Design03.a(ADC_DelSig_AMux.o)
 .debug_ranges  0x000003e8       0x60 .\CortexM3\ARM_GCC_541\Debug\Design03.a(ADC_DelSig_Ext_CP_Clk.o)
 .debug_ranges  0x00000448       0x70 .\CortexM3\ARM_GCC_541\Debug\Design03.a(ADC_DelSig_IRQ.o)
 .debug_ranges  0x000004b8       0x70 .\CortexM3\ARM_GCC_541\Debug\Design03.a(ADC_DelSig_theACLK.o)
 .debug_ranges  0x00000528       0x60 .\CortexM3\ARM_GCC_541\Debug\Design03.a(UART_IntClock.o)
 .debug_ranges  0x00000588       0xc8 .\CortexM3\ARM_GCC_541\Debug\Design03.a(CyDmac.o)
 .debug_ranges  0x00000650      0x290 .\CortexM3\ARM_GCC_541\Debug\Design03.a(CyLib.o)
 .debug_ranges  0x000008e0       0x88 .\CortexM3\ARM_GCC_541\Debug\Design03.a(cyPm.o)
 .debug_ranges  0x00000968       0x70 .\CortexM3\ARM_GCC_541\Debug\Design03.a(isr_TIMER.o)
 .debug_ranges  0x000009d8       0x78 .\CortexM3\ARM_GCC_541\Debug\Design03.a(Timer.o)
 .debug_ranges  0x00000a50       0x18 .\CortexM3\ARM_GCC_541\Debug\Design03.a(DMA_dma.o)
 .debug_ranges  0x00000a68       0x70 .\CortexM3\ARM_GCC_541\Debug\Design03.a(Filter_1.o)
 .debug_ranges  0x00000ad8       0x18 .\CortexM3\ARM_GCC_541\Debug\Design03.a(Filter_1_PVT.o)
 .debug_ranges  0x00000af0       0x18 .\CortexM3\ARM_GCC_541\Debug\Design03.a(DMA_FM_dma.o)
 .debug_ranges  0x00000b08       0x18 .\CortexM3\ARM_GCC_541\Debug\Design03.a(DMA_MF_dma.o)
 .debug_ranges  0x00000b20       0x78 .\CortexM3\ARM_GCC_541\Debug\Design03.a(CyFlash.o)
 .debug_ranges  0x00000b98       0x70 .\CortexM3\ARM_GCC_541\Debug\Design03.a(CySpc.o)

.comment        0x00000000       0x6e
 .comment       0x00000000       0x6e .\CortexM3\ARM_GCC_541\Debug\main.o
                                 0x6f (size before relaxing)
 .comment       0x0000006e       0x6f .\CortexM3\ARM_GCC_541\Debug\InterruptRoutines.o
 .comment       0x0000006e       0x6f .\CortexM3\ARM_GCC_541\Debug\DMA_Routines.o
 .comment       0x0000006e       0x6f .\CortexM3\ARM_GCC_541\Debug\cyfitter_cfg.o
 .comment       0x0000006e       0x6f .\CortexM3\ARM_GCC_541\Debug\cymetadata.o
 .comment       0x0000006e       0x6f .\CortexM3\ARM_GCC_541\Debug\Cm3Start.o
 .comment       0x0000006e       0x6f .\CortexM3\ARM_GCC_541\Debug\Design03.a(WaveDAC8.o)
 .comment       0x0000006e       0x6f .\CortexM3\ARM_GCC_541\Debug\Design03.a(ADC_DelSig.o)
 .comment       0x0000006e       0x6f .\CortexM3\ARM_GCC_541\Debug\Design03.a(ADC_DelSig_INT.o)
 .comment       0x0000006e       0x6f .\CortexM3\ARM_GCC_541\Debug\Design03.a(UART.o)
 .comment       0x0000006e       0x6f .\CortexM3\ARM_GCC_541\Debug\Design03.a(WaveDAC8_DacClk.o)
 .comment       0x0000006e       0x6f .\CortexM3\ARM_GCC_541\Debug\Design03.a(WaveDAC8_Wave1_DMA_dma.o)
 .comment       0x0000006e       0x6f .\CortexM3\ARM_GCC_541\Debug\Design03.a(WaveDAC8_Wave2_DMA_dma.o)
 .comment       0x0000006e       0x6f .\CortexM3\ARM_GCC_541\Debug\Design03.a(WaveDAC8_VDAC8.o)
 .comment       0x0000006e       0x6f .\CortexM3\ARM_GCC_541\Debug\Design03.a(ADC_DelSig_AMux.o)
 .comment       0x0000006e       0x6f .\CortexM3\ARM_GCC_541\Debug\Design03.a(ADC_DelSig_Ext_CP_Clk.o)
 .comment       0x0000006e       0x6f .\CortexM3\ARM_GCC_541\Debug\Design03.a(ADC_DelSig_IRQ.o)
 .comment       0x0000006e       0x6f .\CortexM3\ARM_GCC_541\Debug\Design03.a(ADC_DelSig_theACLK.o)
 .comment       0x0000006e       0x6f .\CortexM3\ARM_GCC_541\Debug\Design03.a(UART_IntClock.o)
 .comment       0x0000006e       0x6f .\CortexM3\ARM_GCC_541\Debug\Design03.a(CyDmac.o)
 .comment       0x0000006e       0x6f .\CortexM3\ARM_GCC_541\Debug\Design03.a(CyLib.o)
 .comment       0x0000006e       0x6f .\CortexM3\ARM_GCC_541\Debug\Design03.a(cyPm.o)
 .comment       0x0000006e       0x6f .\CortexM3\ARM_GCC_541\Debug\Design03.a(isr_TIMER.o)
 .comment       0x0000006e       0x6f .\CortexM3\ARM_GCC_541\Debug\Design03.a(Timer.o)
 .comment       0x0000006e       0x6f .\CortexM3\ARM_GCC_541\Debug\Design03.a(DMA_dma.o)
 .comment       0x0000006e       0x6f .\CortexM3\ARM_GCC_541\Debug\Design03.a(Filter_1.o)
 .comment       0x0000006e       0x6f .\CortexM3\ARM_GCC_541\Debug\Design03.a(Filter_1_PVT.o)
 .comment       0x0000006e       0x6f .\CortexM3\ARM_GCC_541\Debug\Design03.a(Filter_1_RAM_Data.o)
 .comment       0x0000006e       0x6f .\CortexM3\ARM_GCC_541\Debug\Design03.a(DMA_FM_dma.o)
 .comment       0x0000006e       0x6f .\CortexM3\ARM_GCC_541\Debug\Design03.a(DMA_MF_dma.o)
 .comment       0x0000006e       0x6f .\CortexM3\ARM_GCC_541\Debug\Design03.a(CyFlash.o)
 .comment       0x0000006e       0x6f .\CortexM3\ARM_GCC_541\Debug\Design03.a(CySpc.o)

.debug_weaknames
 *(.debug_weaknames)

.debug_funcnames
 *(.debug_funcnames)

.debug_typenames
 *(.debug_typenames)

.debug_varnames
 *(.debug_varnames)

.note.gnu.arm.ident
 *(.note.gnu.arm.ident)

.ARM.attributes
                0x00000000       0x29
 *(.ARM.attributes)
 .ARM.attributes
                0x00000000       0x1d c:/program files (x86)/cypress/psoc creator/4.4/psoc creator/import/gnu/arm/5.4.1/bin/../lib/gcc/arm-none-eabi/5.4.1/armv7-m/crti.o
 .ARM.attributes
                0x0000001d       0x2d c:/program files (x86)/cypress/psoc creator/4.4/psoc creator/import/gnu/arm/5.4.1/bin/../lib/gcc/arm-none-eabi/5.4.1/armv7-m/crtbegin.o
 .ARM.attributes
                0x0000004a       0x1b c:/program files (x86)/cypress/psoc creator/4.4/psoc creator/import/gnu/arm/5.4.1/bin/../lib/gcc/arm-none-eabi/5.4.1/../../../../arm-none-eabi/lib/armv7-m/crt0.o
 .ARM.attributes
                0x00000065       0x33 .\CortexM3\ARM_GCC_541\Debug\main.o
 .ARM.attributes
                0x00000098       0x33 .\CortexM3\ARM_GCC_541\Debug\InterruptRoutines.o
 .ARM.attributes
                0x000000cb       0x33 .\CortexM3\ARM_GCC_541\Debug\DMA_Routines.o
 .ARM.attributes
                0x000000fe       0x33 .\CortexM3\ARM_GCC_541\Debug\cyfitter_cfg.o
 .ARM.attributes
                0x00000131       0x33 .\CortexM3\ARM_GCC_541\Debug\cymetadata.o
 .ARM.attributes
                0x00000164       0x33 .\CortexM3\ARM_GCC_541\Debug\Cm3Start.o
 .ARM.attributes
                0x00000197       0x33 .\CortexM3\ARM_GCC_541\Debug\Design03.a(WaveDAC8.o)
 .ARM.attributes
                0x000001ca       0x33 .\CortexM3\ARM_GCC_541\Debug\Design03.a(ADC_DelSig.o)
 .ARM.attributes
                0x000001fd       0x33 .\CortexM3\ARM_GCC_541\Debug\Design03.a(ADC_DelSig_INT.o)
 .ARM.attributes
                0x00000230       0x33 .\CortexM3\ARM_GCC_541\Debug\Design03.a(UART.o)
 .ARM.attributes
                0x00000263       0x33 .\CortexM3\ARM_GCC_541\Debug\Design03.a(WaveDAC8_DacClk.o)
 .ARM.attributes
                0x00000296       0x33 .\CortexM3\ARM_GCC_541\Debug\Design03.a(WaveDAC8_Wave1_DMA_dma.o)
 .ARM.attributes
                0x000002c9       0x33 .\CortexM3\ARM_GCC_541\Debug\Design03.a(WaveDAC8_Wave2_DMA_dma.o)
 .ARM.attributes
                0x000002fc       0x33 .\CortexM3\ARM_GCC_541\Debug\Design03.a(WaveDAC8_VDAC8.o)
 .ARM.attributes
                0x0000032f       0x33 .\CortexM3\ARM_GCC_541\Debug\Design03.a(ADC_DelSig_AMux.o)
 .ARM.attributes
                0x00000362       0x33 .\CortexM3\ARM_GCC_541\Debug\Design03.a(ADC_DelSig_Ext_CP_Clk.o)
 .ARM.attributes
                0x00000395       0x33 .\CortexM3\ARM_GCC_541\Debug\Design03.a(ADC_DelSig_IRQ.o)
 .ARM.attributes
                0x000003c8       0x33 .\CortexM3\ARM_GCC_541\Debug\Design03.a(ADC_DelSig_theACLK.o)
 .ARM.attributes
                0x000003fb       0x33 .\CortexM3\ARM_GCC_541\Debug\Design03.a(UART_IntClock.o)
 .ARM.attributes
                0x0000042e       0x33 .\CortexM3\ARM_GCC_541\Debug\Design03.a(CyDmac.o)
 .ARM.attributes
                0x00000461       0x33 .\CortexM3\ARM_GCC_541\Debug\Design03.a(CyLib.o)
 .ARM.attributes
                0x00000494       0x33 .\CortexM3\ARM_GCC_541\Debug\Design03.a(cyPm.o)
 .ARM.attributes
                0x000004c7       0x33 .\CortexM3\ARM_GCC_541\Debug\Design03.a(isr_TIMER.o)
 .ARM.attributes
                0x000004fa       0x33 .\CortexM3\ARM_GCC_541\Debug\Design03.a(Timer.o)
 .ARM.attributes
                0x0000052d       0x33 .\CortexM3\ARM_GCC_541\Debug\Design03.a(DMA_dma.o)
 .ARM.attributes
                0x00000560       0x33 .\CortexM3\ARM_GCC_541\Debug\Design03.a(Filter_1.o)
 .ARM.attributes
                0x00000593       0x33 .\CortexM3\ARM_GCC_541\Debug\Design03.a(Filter_1_PVT.o)
 .ARM.attributes
                0x000005c6       0x33 .\CortexM3\ARM_GCC_541\Debug\Design03.a(Filter_1_RAM_Data.o)
 .ARM.attributes
                0x000005f9       0x33 .\CortexM3\ARM_GCC_541\Debug\Design03.a(DMA_FM_dma.o)
 .ARM.attributes
                0x0000062c       0x33 .\CortexM3\ARM_GCC_541\Debug\Design03.a(DMA_MF_dma.o)
 .ARM.attributes
                0x0000065f       0x21 .\CortexM3\ARM_GCC_541\Debug\Design03.a(CyBootAsmGnu.o)
 .ARM.attributes
                0x00000680       0x33 .\CortexM3\ARM_GCC_541\Debug\Design03.a(CyFlash.o)
 .ARM.attributes
                0x000006b3       0x33 .\CortexM3\ARM_GCC_541\Debug\Design03.a(CySpc.o)
 .ARM.attributes
                0x000006e6       0x1d c:/program files (x86)/cypress/psoc creator/4.4/psoc creator/import/gnu/arm/5.4.1/bin/../lib/gcc/arm-none-eabi/5.4.1/armv7-m\libgcc.a(_arm_addsubdf3.o)
 .ARM.attributes
                0x00000703       0x1d c:/program files (x86)/cypress/psoc creator/4.4/psoc creator/import/gnu/arm/5.4.1/bin/../lib/gcc/arm-none-eabi/5.4.1/armv7-m\libgcc.a(_arm_cmpdf2.o)
 .ARM.attributes
                0x00000720       0x1d c:/program files (x86)/cypress/psoc creator/4.4/psoc creator/import/gnu/arm/5.4.1/bin/../lib/gcc/arm-none-eabi/5.4.1/armv7-m\libgcc.a(_arm_addsubsf3.o)
 .ARM.attributes
                0x0000073d       0x1d c:/program files (x86)/cypress/psoc creator/4.4/psoc creator/import/gnu/arm/5.4.1/bin/../lib/gcc/arm-none-eabi/5.4.1/armv7-m\libgcc.a(_arm_muldivsf3.o)
 .ARM.attributes
                0x0000075a       0x1d c:/program files (x86)/cypress/psoc creator/4.4/psoc creator/import/gnu/arm/5.4.1/bin/../lib/gcc/arm-none-eabi/5.4.1/armv7-m\libgcc.a(_arm_fixunssfsi.o)
 .ARM.attributes
                0x00000777       0x2d c:/program files (x86)/cypress/psoc creator/4.4/psoc creator/import/gnu/arm/5.4.1/bin/../lib/gcc/arm-none-eabi/5.4.1/../../../../arm-none-eabi/lib/armv7-m\libg_nano.a(lib_a-errno.o)
 .ARM.attributes
                0x000007a4       0x2d c:/program files (x86)/cypress/psoc creator/4.4/psoc creator/import/gnu/arm/5.4.1/bin/../lib/gcc/arm-none-eabi/5.4.1/../../../../arm-none-eabi/lib/armv7-m\libg_nano.a(lib_a-exit.o)
 .ARM.attributes
                0x000007d1       0x2d c:/program files (x86)/cypress/psoc creator/4.4/psoc creator/import/gnu/arm/5.4.1/bin/../lib/gcc/arm-none-eabi/5.4.1/../../../../arm-none-eabi/lib/armv7-m\libg_nano.a(lib_a-impure.o)
 .ARM.attributes
                0x000007fe       0x2d c:/program files (x86)/cypress/psoc creator/4.4/psoc creator/import/gnu/arm/5.4.1/bin/../lib/gcc/arm-none-eabi/5.4.1/../../../../arm-none-eabi/lib/armv7-m\libg_nano.a(lib_a-init.o)
 .ARM.attributes
                0x0000082b       0x2d c:/program files (x86)/cypress/psoc creator/4.4/psoc creator/import/gnu/arm/5.4.1/bin/../lib/gcc/arm-none-eabi/5.4.1/../../../../arm-none-eabi/lib/armv7-m\libg_nano.a(lib_a-memcpy-stub.o)
 .ARM.attributes
                0x00000858       0x2d c:/program files (x86)/cypress/psoc creator/4.4/psoc creator/import/gnu/arm/5.4.1/bin/../lib/gcc/arm-none-eabi/5.4.1/../../../../arm-none-eabi/lib/armv7-m\libg_nano.a(lib_a-memset.o)
 .ARM.attributes
                0x00000885       0x2d c:/program files (x86)/cypress/psoc creator/4.4/psoc creator/import/gnu/arm/5.4.1/bin/../lib/gcc/arm-none-eabi/5.4.1/armv7-m/crtend.o
 .ARM.attributes
                0x000008b2       0x1d c:/program files (x86)/cypress/psoc creator/4.4/psoc creator/import/gnu/arm/5.4.1/bin/../lib/gcc/arm-none-eabi/5.4.1/armv7-m/crtn.o

/DISCARD/
 *(.note.GNU-stack)
OUTPUT(C:\Users\cante\Desktop\INGEGNERIA BIOMEDICA\V ANNO\LAB ELETTRONICA\PSoC\Progetti DMA\Workspace01\Design03.cydsn\CortexM3\ARM_GCC_541\Debug\Design03.elf elf32-littlearm)
