Archive member included to satisfy reference by file (symbol)

.\CortexM3\ARM_GCC_541\Debug\Design02.a(WaveDAC8.o)
                              .\CortexM3\ARM_GCC_541\Debug\main.o (WaveDAC8_Start)
.\CortexM3\ARM_GCC_541\Debug\Design02.a(ADC_DelSig.o)
                              .\CortexM3\ARM_GCC_541\Debug\main.o (ADC_DelSig_Start)
.\CortexM3\ARM_GCC_541\Debug\Design02.a(ADC_DelSig_INT.o)
                              .\CortexM3\ARM_GCC_541\Debug\Design02.a(ADC_DelSig.o) (ADC_DelSig_ISR1)
.\CortexM3\ARM_GCC_541\Debug\Design02.a(UART.o)
                              .\CortexM3\ARM_GCC_541\Debug\main.o (UART_Start)
.\CortexM3\ARM_GCC_541\Debug\Design02.a(WaveDAC8_DacClk.o)
                              .\CortexM3\ARM_GCC_541\Debug\Design02.a(WaveDAC8.o) (WaveDAC8_DacClk_Start)
.\CortexM3\ARM_GCC_541\Debug\Design02.a(WaveDAC8_Wave1_DMA_dma.o)
                              .\CortexM3\ARM_GCC_541\Debug\Design02.a(WaveDAC8.o) (WaveDAC8_Wave1_DMA_DmaInitialize)
.\CortexM3\ARM_GCC_541\Debug\Design02.a(WaveDAC8_Wave2_DMA_dma.o)
                              .\CortexM3\ARM_GCC_541\Debug\Design02.a(WaveDAC8.o) (WaveDAC8_Wave2_DMA_DmaInitialize)
.\CortexM3\ARM_GCC_541\Debug\Design02.a(WaveDAC8_VDAC8.o)
                              .\CortexM3\ARM_GCC_541\Debug\Design02.a(WaveDAC8.o) (WaveDAC8_VDAC8_Enable)
.\CortexM3\ARM_GCC_541\Debug\Design02.a(ADC_DelSig_AMux.o)
                              .\CortexM3\ARM_GCC_541\Debug\Design02.a(ADC_DelSig.o) (ADC_DelSig_AMux_Select)
.\CortexM3\ARM_GCC_541\Debug\Design02.a(ADC_DelSig_Ext_CP_Clk.o)
                              .\CortexM3\ARM_GCC_541\Debug\Design02.a(ADC_DelSig.o) (ADC_DelSig_Ext_CP_Clk_SetModeRegister)
.\CortexM3\ARM_GCC_541\Debug\Design02.a(ADC_DelSig_IRQ.o)
                              .\CortexM3\ARM_GCC_541\Debug\main.o (ADC_DelSig_IRQ_Start)
.\CortexM3\ARM_GCC_541\Debug\Design02.a(ADC_DelSig_theACLK.o)
                              .\CortexM3\ARM_GCC_541\Debug\Design02.a(ADC_DelSig.o) (ADC_DelSig_theACLK_SetModeRegister)
.\CortexM3\ARM_GCC_541\Debug\Design02.a(UART_IntClock.o)
                              .\CortexM3\ARM_GCC_541\Debug\Design02.a(UART.o) (UART_IntClock_Start)
.\CortexM3\ARM_GCC_541\Debug\Design02.a(CyDmac.o)
                              .\CortexM3\ARM_GCC_541\Debug\Cm3Start.o (CyDmacConfigure)
.\CortexM3\ARM_GCC_541\Debug\Design02.a(CyLib.o)
                              .\CortexM3\ARM_GCC_541\Debug\Cm3Start.o (CyHalt)
.\CortexM3\ARM_GCC_541\Debug\Design02.a(cyPm.o)
                              .\CortexM3\ARM_GCC_541\Debug\Design02.a(CyLib.o) (CyPmReadStatus)
.\CortexM3\ARM_GCC_541\Debug\Design02.a(isr_TIMER.o)
                              .\CortexM3\ARM_GCC_541\Debug\main.o (isr_TIMER_StartEx)
.\CortexM3\ARM_GCC_541\Debug\Design02.a(Timer.o)
                              .\CortexM3\ARM_GCC_541\Debug\InterruptRoutines.o (Timer_ReadStatusRegister)
.\CortexM3\ARM_GCC_541\Debug\Design02.a(DMA_dma.o)
                              .\CortexM3\ARM_GCC_541\Debug\DMA_Routines.o (DMA_DmaInitialize)
.\CortexM3\ARM_GCC_541\Debug\Design02.a(CyBootAsmGnu.o)
                              .\CortexM3\ARM_GCC_541\Debug\cyfitter_cfg.o (CyDelayCycles)
.\CortexM3\ARM_GCC_541\Debug\Design02.a(CyFlash.o)
                              .\CortexM3\ARM_GCC_541\Debug\Design02.a(cyPm.o) (CyFlash_SetWaitCycles)
.\CortexM3\ARM_GCC_541\Debug\Design02.a(CySpc.o)
                              .\CortexM3\ARM_GCC_541\Debug\Design02.a(CyFlash.o) (CySpcStart)
c:/program files (x86)/cypress/psoc creator/4.4/psoc creator/import/gnu/arm/5.4.1/bin/../lib/gcc/arm-none-eabi/5.4.1/armv7-m\libgcc.a(_arm_addsubdf3.o)
                              .\CortexM3\ARM_GCC_541\Debug\Design02.a(ADC_DelSig.o) (__aeabi_f2d)
c:/program files (x86)/cypress/psoc creator/4.4/psoc creator/import/gnu/arm/5.4.1/bin/../lib/gcc/arm-none-eabi/5.4.1/armv7-m\libgcc.a(_arm_cmpdf2.o)
                              .\CortexM3\ARM_GCC_541\Debug\Design02.a(ADC_DelSig.o) (__aeabi_dcmpgt)
c:/program files (x86)/cypress/psoc creator/4.4/psoc creator/import/gnu/arm/5.4.1/bin/../lib/gcc/arm-none-eabi/5.4.1/armv7-m\libgcc.a(_arm_addsubsf3.o)
                              .\CortexM3\ARM_GCC_541\Debug\Design02.a(ADC_DelSig.o) (__aeabi_ui2f)
c:/program files (x86)/cypress/psoc creator/4.4/psoc creator/import/gnu/arm/5.4.1/bin/../lib/gcc/arm-none-eabi/5.4.1/armv7-m\libgcc.a(_arm_muldivsf3.o)
                              .\CortexM3\ARM_GCC_541\Debug\Design02.a(ADC_DelSig.o) (__aeabi_fmul)
c:/program files (x86)/cypress/psoc creator/4.4/psoc creator/import/gnu/arm/5.4.1/bin/../lib/gcc/arm-none-eabi/5.4.1/armv7-m\libgcc.a(_arm_fixunssfsi.o)
                              .\CortexM3\ARM_GCC_541\Debug\Design02.a(ADC_DelSig.o) (__aeabi_f2uiz)
c:/program files (x86)/cypress/psoc creator/4.4/psoc creator/import/gnu/arm/5.4.1/bin/../lib/gcc/arm-none-eabi/5.4.1/../../../../arm-none-eabi/lib/armv7-m\libg_nano.a(lib_a-errno.o)
                              .\CortexM3\ARM_GCC_541\Debug\Cm3Start.o (__errno)
[...]
Memory Configuration

Name             Origin             Length             Attributes
rom              0x00000000         0x00040000         xr
ram              0x1fff8000         0x00010000         xrw
*default*        0x00000000         0xffffffff

Linker script and memory map

LOAD c:/program files (x86)/cypress/psoc creator/4.4/psoc creator/import/gnu/arm/5.4.1/bin/../lib/gcc/arm-none-eabi/5.4.1/armv7-m/crti.o
LOAD c:/program files (x86)/cypress/psoc creator/4.4/psoc creator/import/gnu/arm/5.4.1/bin/../lib/gcc/arm-none-eabi/5.4.1/armv7-m/crtbegin.o
LOAD c:/program files (x86)/cypress/psoc creator/4.4/psoc creator/import/gnu/arm/5.4.1/bin/../lib/gcc/arm-none-eabi/5.4.1/../../../../arm-none-eabi/lib/armv7-m/crt0.o
START GROUP
LOAD .\CortexM3\ARM_GCC_541\Debug\main.o
LOAD .\CortexM3\ARM_GCC_541\Debug\InterruptRoutines.o
LOAD .\CortexM3\ARM_GCC_541\Debug\DMA_Routines.o
LOAD .\CortexM3\ARM_GCC_541\Debug\cyfitter_cfg.o
LOAD .\CortexM3\ARM_GCC_541\Debug\cymetadata.o
LOAD .\CortexM3\ARM_GCC_541\Debug\Cm3Start.o
LOAD .\CortexM3\ARM_GCC_541\Debug\Design02.a
LOAD C:\Program Files (x86)\Cypress\PSoC Creator\4.4\PSoC Creator\psoc\content\cycomponentlibrary\CyComponentLibrary.cylib\CortexM3\ARM_GCC_541\Debug\CyComponentLibrary.a
END GROUP
START GROUP
LOAD c:/program files (x86)/cypress/psoc creator/4.4/psoc creator/import/gnu/arm/5.4.1/bin/../lib/gcc/arm-none-eabi/5.4.1/armv7-m\libgcc.a
LOAD c:/program files (x86)/cypress/psoc creator/4.4/psoc creator/import/gnu/arm/5.4.1/bin/../lib/gcc/arm-none-eabi/5.4.1/../../../../arm-none-eabi/lib/armv7-m\libg_nano.a
LOAD c:/program files (x86)/cypress/psoc creator/4.4/psoc creator/import/gnu/arm/5.4.1/bin/../lib/gcc/arm-none-eabi/5.4.1/../../../../arm-none-eabi/lib/armv7-m\libc_nano.a
END GROUP
START GROUP
LOAD c:/program files (x86)/cypress/psoc creator/4.4/psoc creator/import/gnu/arm/5.4.1/bin/../lib/gcc/arm-none-eabi/5.4.1/armv7-m\libgcc.a
LOAD c:/program files (x86)/cypress/psoc creator/4.4/psoc creator/import/gnu/arm/5.4.1/bin/../lib/gcc/arm-none-eabi/5.4.1/../../../../arm-none-eabi/lib/armv7-m\libc_nano.a
END GROUP
LOAD c:/program files (x86)/cypress/psoc creator/4.4/psoc creator/import/gnu/arm/5.4.1/bin/../lib/gcc/arm-none-eabi/5.4.1/armv7-m/crtend.o
LOAD c:/program files (x86)/cypress/psoc creator/4.4/psoc creator/import/gnu/arm/5.4.1/bin/../lib/gcc/arm-none-eabi/5.4.1/armv7-m/crtn.o
START GROUP
LOAD c:/program files (x86)/cypress/psoc creator/4.4/psoc creator/import/gnu/arm/5.4.1/bin/../lib/gcc/arm-none-eabi/5.4.1/armv7-m\libgcc.a
LOAD c:/program files (x86)/cypress/psoc creator/4.4/psoc creator/import/gnu/arm/5.4.1/bin/../lib/gcc/arm-none-eabi/5.4.1/../../../../arm-none-eabi/lib/armv7-m\libc.a
LOAD c:/program files (x86)/cypress/psoc creator/4.4/psoc creator/import/gnu/arm/5.4.1/bin/../lib/gcc/arm-none-eabi/5.4.1/../../../../arm-none-eabi/lib/armv7-m\libnosys.a
END GROUP
                0x00000000                CY_APPL_ORIGIN = 0x0
                0x00000100                CY_FLASH_ROW_SIZE = 0x100
                0x00000020                CY_ECC_ROW_SIZE = 0x20
                0x00000000                CY_EE_IN_BTLDR = 0x0
                0x00000000                CY_APPL_LOADABLE = 0x0
                0x00000800                CY_EE_SIZE = 0x800
                0x00000001                CY_APPL_NUM = 0x1
                0x00000001                CY_APPL_MAX = 0x1
                0x00000040                CY_METADATA_SIZE = 0x40
                0x00000000                CY_APPL_LOADABLE = 0x0
                0x00000000                CY_CHECKSUM_EXCLUDE_SIZE = ALIGN (0x0, CY_FLASH_ROW_SIZE)
                [!provide]                PROVIDE (__cy_heap_start, _end)
                0x00000001                PROVIDE (__cy_region_num, ((__cy_regions_end - __cy_regions) / 0x10))
                0x20008000                PROVIDE (__cy_stack, (ORIGIN (ram) + LENGTH (ram)))
                [!provide]                PROVIDE (__cy_heap_end, (__cy_stack - 0x800))

.cybootloader   0x00000000        0x0
 *(.cybootloader)
                0x00000000                appl1_start = CY_APPL_ORIGIN?CY_APPL_ORIGIN:ALIGN (CY_FLASH_ROW_SIZE)
                0x0001ff00                appl2_start = (appl1_start + ALIGN ((((LENGTH (rom) - appl1_start) - (0x2 * CY_FLASH_ROW_SIZE)) / 0x2), CY_FLASH_ROW_SIZE))
                0x00000000                appl_start = (CY_APPL_NUM == 0x1)?appl1_start:appl2_start
                0x00000000                ecc_offset = ((appl_start / CY_FLASH_ROW_SIZE) * CY_ECC_ROW_SIZE)
                0x00000000                ee_offset = (CY_APPL_LOADABLE && ! (CY_EE_IN_BTLDR))?((CY_EE_SIZE / CY_APPL_MAX) * (CY_APPL_NUM - 0x1)):0x0
                0x00000800                ee_size = (CY_APPL_LOADABLE && ! (CY_EE_IN_BTLDR))?(CY_EE_SIZE / CY_APPL_MAX):CY_EE_SIZE
                [!provide]                PROVIDE (CY_ECC_OFFSET, ecc_offset)

.text           0x00000000     0x1316
 CREATE_OBJECT_SYMBOLS
                0x00000000                PROVIDE (__cy_interrupt_vector, RomVectors)
 *(.romvectors)
 .romvectors    0x00000000       0x10 .\CortexM3\ARM_GCC_541\Debug\Cm3Start.o
                0x00000000                RomVectors
                0x00000001                ASSERT ((. != __cy_interrupt_vector), No interrupt vector)
                0x00000001                ASSERT (CY_APPL_ORIGIN?(SIZEOF (.cybootloader) <= CY_APPL_ORIGIN):0x1, Wrong image location)
                0x00000010                PROVIDE (__cy_reset, Reset)
 *(.text.Reset)
 .text.Reset    0x00000010       0x18 .\CortexM3\ARM_GCC_541\Debug\Cm3Start.o
                0x00000010                Reset
                0x00000001                ASSERT ((. != __cy_reset), No reset code)
 *(.dma_init)
                0x00000001                ASSERT ((((appl_start + .) <= 0x10000) || 0x1), DMA Init must be within the first 64k of flash)
 *(.text .text.* .gnu.linkonce.t.*)
 .text          0x00000028       0x5c c:/program files (x86)/cypress/psoc creator/4.4/psoc creator/import/gnu/arm/5.4.1/bin/../lib/gcc/arm-none-eabi/5.4.1/armv7-m/crtbegin.o
 .text.main     0x00000084       0x5c .\CortexM3\ARM_GCC_541\Debug\main.o
                0x00000084                main
 .text.Custom_ISR_timer
                0x000000e0       0x60 .\CortexM3\ARM_GCC_541\Debug\InterruptRoutines.o
                0x000000e0                Custom_ISR_timer
 .text.DMA_ADC_2_MEM_Config
                0x00000140       0x48 .\CortexM3\ARM_GCC_541\Debug\DMA_Routines.o
                0x00000140                DMA_ADC_2_MEM_Config
 .text.CyClockStartupError
                0x00000188        0x4 .\CortexM3\ARM_GCC_541\Debug\cyfitter_cfg.o
 .text.cfg_write_bytes32
                0x0000018c       0x34 .\CortexM3\ARM_GCC_541\Debug\cyfitter_cfg.o
 .text.AnalogSetDefault
                0x000001c0       0x34 .\CortexM3\ARM_GCC_541\Debug\cyfitter_cfg.o
 .text.CYMEMZERO
                0x000001f4        0xc .\CortexM3\ARM_GCC_541\Debug\cyfitter_cfg.o
 .text.CYCONFIGCPY
                0x00000200        0x8 .\CortexM3\ARM_GCC_541\Debug\cyfitter_cfg.o
 .text.ClockSetup
                0x00000208      0x108 .\CortexM3\ARM_GCC_541\Debug\cyfitter_cfg.o
 .text.ADC_DelSig_AMux_Set
                0x00000310       0x1c .\CortexM3\ARM_GCC_541\Debug\cyfitter_cfg.o
                0x00000310                ADC_DelSig_AMux_Set
 .text.ADC_DelSig_AMux_Unset
                0x0000032c       0x1c .\CortexM3\ARM_GCC_541\Debug\cyfitter_cfg.o
                0x0000032c                ADC_DelSig_AMux_Unset
 .text.cyfitter_cfg
                0x00000348      0x12c .\CortexM3\ARM_GCC_541\Debug\cyfitter_cfg.o
                0x00000348                cyfitter_cfg
 .text.IntDefaultHandler
                0x00000474       0x10 .\CortexM3\ARM_GCC_541\Debug\Cm3Start.o
                0x00000474                IntDefaultHandler
 .text.Start_c  0x00000484       0x4c .\CortexM3\ARM_GCC_541\Debug\Cm3Start.o
                0x00000484                Start_c
 .text.initialize_psoc
                0x000004d0       0x6c .\CortexM3\ARM_GCC_541\Debug\Cm3Start.o
                0x000004d0                initialize_psoc
 .text.WaveDAC8_Enable
                0x0000053c       0x28 .\CortexM3\ARM_GCC_541\Debug\Design02.a(WaveDAC8.o)
                0x0000053c                WaveDAC8_Enable
 .text.WaveDAC8_Wave1Setup
                0x00000564       0x40 .\CortexM3\ARM_GCC_541\Debug\Design02.a(WaveDAC8.o)
                0x00000564                WaveDAC8_Wave1Setup
 .text.WaveDAC8_Wave2Setup
                0x000005a4       0x40 .\CortexM3\ARM_GCC_541\Debug\Design02.a(WaveDAC8.o)
                0x000005a4                WaveDAC8_Wave2Setup
 .text.WaveDAC8_Init
                0x000005e4       0x40 .\CortexM3\ARM_GCC_541\Debug\Design02.a(WaveDAC8.o)
                0x000005e4                WaveDAC8_Init
 .text.WaveDAC8_Start
                0x00000624       0x1c .\CortexM3\ARM_GCC_541\Debug\Design02.a(WaveDAC8.o)
                0x00000624                WaveDAC8_Start
 .text.ADC_DelSig_GainCompensation
                0x00000640       0xdc .\CortexM3\ARM_GCC_541\Debug\Design02.a(ADC_DelSig.o)
 .text.ADC_DelSig_SetDSMRef0Reg
                0x0000071c       0x4c .\CortexM3\ARM_GCC_541\Debug\Design02.a(ADC_DelSig.o)
 .text.ADC_DelSig_InitConfig
                0x00000768       0xe0 .\CortexM3\ARM_GCC_541\Debug\Design02.a(ADC_DelSig.o)
 .text.ADC_DelSig_Init
                0x00000848       0xc4 .\CortexM3\ARM_GCC_541\Debug\Design02.a(ADC_DelSig.o)
                0x00000848                ADC_DelSig_Init
 .text.ADC_DelSig_Enable
                0x0000090c       0xd8 .\CortexM3\ARM_GCC_541\Debug\Design02.a(ADC_DelSig.o)
                0x0000090c                ADC_DelSig_Enable
 .text.ADC_DelSig_Start
                0x000009e4       0x28 .\CortexM3\ARM_GCC_541\Debug\Design02.a(ADC_DelSig.o)
                0x000009e4                ADC_DelSig_Start
 .text.ADC_DelSig_StartConvert
                0x00000a0c       0x10 .\CortexM3\ARM_GCC_541\Debug\Design02.a(ADC_DelSig.o)
                0x00000a0c                ADC_DelSig_StartConvert
 .text.ADC_DelSig_CountsTo_mVolts
                0x00000a1c       0x24 .\CortexM3\ARM_GCC_541\Debug\Design02.a(ADC_DelSig.o)
                0x00000a1c                ADC_DelSig_CountsTo_mVolts
 .text.ADC_DelSig_ISR1
                0x00000a40        0x4 .\CortexM3\ARM_GCC_541\Debug\Design02.a(ADC_DelSig_INT.o)
                0x00000a40                ADC_DelSig_ISR1
 .text.UART_Init
                0x00000a44       0x24 .\CortexM3\ARM_GCC_541\Debug\Design02.a(UART.o)
                0x00000a44                UART_Init
 .text.UART_Enable
                0x00000a68       0x38 .\CortexM3\ARM_GCC_541\Debug\Design02.a(UART.o)
                0x00000a68                UART_Enable
 .text.UART_Start
                0x00000aa0       0x1c .\CortexM3\ARM_GCC_541\Debug\Design02.a(UART.o)
                0x00000aa0                UART_Start
 .text.UART_PutChar
                0x00000abc       0x18 .\CortexM3\ARM_GCC_541\Debug\Design02.a(UART.o)
                0x00000abc                UART_PutChar
 .text.UART_PutArray
                0x00000ad4       0x28 .\CortexM3\ARM_GCC_541\Debug\Design02.a(UART.o)
                0x00000ad4                UART_PutArray
 .text.WaveDAC8_DacClk_Start
                0x00000afc       0x1c .\CortexM3\ARM_GCC_541\Debug\Design02.a(WaveDAC8_DacClk.o)
                0x00000afc                WaveDAC8_DacClk_Start
 .text.WaveDAC8_Wave1_DMA_DmaInitialize
                0x00000b18       0x3c .\CortexM3\ARM_GCC_541\Debug\Design02.a(WaveDAC8_Wave1_DMA_dma.o)
                0x00000b18                WaveDAC8_Wave1_DMA_DmaInitialize
 .text.WaveDAC8_Wave2_DMA_DmaInitialize
                0x00000b54       0x3c .\CortexM3\ARM_GCC_541\Debug\Design02.a(WaveDAC8_Wave2_DMA_dma.o)
                0x00000b54                WaveDAC8_Wave2_DMA_DmaInitialize
 .text.WaveDAC8_VDAC8_Enable
                0x00000b90       0x1c .\CortexM3\ARM_GCC_541\Debug\Design02.a(WaveDAC8_VDAC8.o)
                0x00000b90                WaveDAC8_VDAC8_Enable
 .text.WaveDAC8_VDAC8_SetSpeed
                0x00000bac       0x1c .\CortexM3\ARM_GCC_541\Debug\Design02.a(WaveDAC8_VDAC8.o)
                0x00000bac                WaveDAC8_VDAC8_SetSpeed
 .text.WaveDAC8_VDAC8_SetValue
                0x00000bc8        0xc .\CortexM3\ARM_GCC_541\Debug\Design02.a(WaveDAC8_VDAC8.o)
                0x00000bc8                WaveDAC8_VDAC8_SetValue
 .text.WaveDAC8_VDAC8_DacTrim
                0x00000bd4       0x24 .\CortexM3\ARM_GCC_541\Debug\Design02.a(WaveDAC8_VDAC8.o)
                0x00000bd4                WaveDAC8_VDAC8_DacTrim
 .text.WaveDAC8_VDAC8_SetRange
                0x00000bf8       0x20 .\CortexM3\ARM_GCC_541\Debug\Design02.a(WaveDAC8_VDAC8.o)
                0x00000bf8                WaveDAC8_VDAC8_SetRange
 .text.WaveDAC8_VDAC8_Init
                0x00000c18       0x2c .\CortexM3\ARM_GCC_541\Debug\Design02.a(WaveDAC8_VDAC8.o)
                0x00000c18                WaveDAC8_VDAC8_Init
 .text.ADC_DelSig_AMux_Start
                0x00000c44       0x20 .\CortexM3\ARM_GCC_541\Debug\Design02.a(ADC_DelSig_AMux.o)
                0x00000c44                ADC_DelSig_AMux_Start
 .text.ADC_DelSig_AMux_Select
                0x00000c64       0x18 .\CortexM3\ARM_GCC_541\Debug\Design02.a(ADC_DelSig_AMux.o)
                0x00000c64                ADC_DelSig_AMux_Select
 .text.ADC_DelSig_Ext_CP_Clk_GetDividerRegister
                0x00000c7c        0xc .\CortexM3\ARM_GCC_541\Debug\Design02.a(ADC_DelSig_Ext_CP_Clk.o)
                0x00000c7c                ADC_DelSig_Ext_CP_Clk_GetDividerRegister
 .text.ADC_DelSig_Ext_CP_Clk_SetModeRegister
                0x00000c88       0x14 .\CortexM3\ARM_GCC_541\Debug\Design02.a(ADC_DelSig_Ext_CP_Clk.o)
                0x00000c88                ADC_DelSig_Ext_CP_Clk_SetModeRegister
 .text.ADC_DelSig_Ext_CP_Clk_GetSourceRegister
                0x00000c9c       0x10 .\CortexM3\ARM_GCC_541\Debug\Design02.a(ADC_DelSig_Ext_CP_Clk.o)
                0x00000c9c                ADC_DelSig_Ext_CP_Clk_GetSourceRegister
 .text.ADC_DelSig_Ext_CP_Clk_SetDividerRegister
                0x00000cac       0xd8 .\CortexM3\ARM_GCC_541\Debug\Design02.a(ADC_DelSig_Ext_CP_Clk.o)
                0x00000cac                ADC_DelSig_Ext_CP_Clk_SetDividerRegister
 .text.ADC_DelSig_IRQ_Interrupt
                0x00000d84        0x4 .\CortexM3\ARM_GCC_541\Debug\Design02.a(ADC_DelSig_IRQ.o)
                0x00000d84                ADC_DelSig_IRQ_Interrupt
 .text.ADC_DelSig_IRQ_SetVector
                0x00000d88       0x10 .\CortexM3\ARM_GCC_541\Debug\Design02.a(ADC_DelSig_IRQ.o)
                0x00000d88                ADC_DelSig_IRQ_SetVector
 .text.ADC_DelSig_IRQ_SetPriority
                0x00000d98       0x10 .\CortexM3\ARM_GCC_541\Debug\Design02.a(ADC_DelSig_IRQ.o)
                0x00000d98                ADC_DelSig_IRQ_SetPriority
 .text.ADC_DelSig_IRQ_Enable
                0x00000da8       0x10 .\CortexM3\ARM_GCC_541\Debug\Design02.a(ADC_DelSig_IRQ.o)
                0x00000da8                ADC_DelSig_IRQ_Enable
 .text.ADC_DelSig_IRQ_Disable
                0x00000db8       0x10 .\CortexM3\ARM_GCC_541\Debug\Design02.a(ADC_DelSig_IRQ.o)
                0x00000db8                ADC_DelSig_IRQ_Disable
 .text.ADC_DelSig_IRQ_Start
                0x00000dc8       0x1c .\CortexM3\ARM_GCC_541\Debug\Design02.a(ADC_DelSig_IRQ.o)
                0x00000dc8                ADC_DelSig_IRQ_Start
 .text.ADC_DelSig_theACLK_GetDividerRegister
                0x00000de4        0xc .\CortexM3\ARM_GCC_541\Debug\Design02.a(ADC_DelSig_theACLK.o)
                0x00000de4                ADC_DelSig_theACLK_GetDividerRegister
 .text.ADC_DelSig_theACLK_SetModeRegister
                0x00000df0       0x14 .\CortexM3\ARM_GCC_541\Debug\Design02.a(ADC_DelSig_theACLK.o)
                0x00000df0                ADC_DelSig_theACLK_SetModeRegister
 .text.ADC_DelSig_theACLK_GetSourceRegister
                0x00000e04       0x10 .\CortexM3\ARM_GCC_541\Debug\Design02.a(ADC_DelSig_theACLK.o)
                0x00000e04                ADC_DelSig_theACLK_GetSourceRegister
 .text.ADC_DelSig_theACLK_SetDividerRegister
                0x00000e14       0xd8 .\CortexM3\ARM_GCC_541\Debug\Design02.a(ADC_DelSig_theACLK.o)
                0x00000e14                ADC_DelSig_theACLK_SetDividerRegister
 .text.UART_IntClock_Start
                0x00000eec       0x1c .\CortexM3\ARM_GCC_541\Debug\Design02.a(UART_IntClock.o)
                0x00000eec                UART_IntClock_Start
 .text.CyDmacConfigure
                0x00000f08       0x34 .\CortexM3\ARM_GCC_541\Debug\Design02.a(CyDmac.o)
                0x00000f08                CyDmacConfigure
 .text.CyDmaChEnable
                0x00000f3c       0x38 .\CortexM3\ARM_GCC_541\Debug\Design02.a(CyDmac.o)
                0x00000f3c                CyDmaChEnable
 .text.CyDmaChPriority
                0x00000f74       0x24 .\CortexM3\ARM_GCC_541\Debug\Design02.a(CyDmac.o)
                0x00000f74                CyDmaChPriority
 .text.CyDmaChSetExtendedAddress
                0x00000f98       0x34 .\CortexM3\ARM_GCC_541\Debug\Design02.a(CyDmac.o)
                0x00000f98                CyDmaChSetExtendedAddress
 .text.CyDmaChSetInitialTd
                0x00000fcc       0x18 .\CortexM3\ARM_GCC_541\Debug\Design02.a(CyDmac.o)
                0x00000fcc                CyDmaChSetInitialTd
 .text.CyDmaChSetConfiguration
                0x00000fe4       0x44 .\CortexM3\ARM_GCC_541\Debug\Design02.a(CyDmac.o)
                0x00000fe4                CyDmaChSetConfiguration
 .text.CyDmaTdAllocate
                0x00001028       0x34 .\CortexM3\ARM_GCC_541\Debug\Design02.a(CyDmac.o)
                0x00001028                CyDmaTdAllocate
 .text.CyDmaTdSetConfiguration
                0x0000105c       0x28 .\CortexM3\ARM_GCC_541\Debug\Design02.a(CyDmac.o)
                0x0000105c                CyDmaTdSetConfiguration
 .text.CyDmaTdSetAddress
                0x00001084       0x1c .\CortexM3\ARM_GCC_541\Debug\Design02.a(CyDmac.o)
                0x00001084                CyDmaTdSetAddress
 .text.CyHalt   0x000010a0        0x4 .\CortexM3\ARM_GCC_541\Debug\Design02.a(CyLib.o)
                0x000010a0                CyHalt
 .text.CyDelayUs
                0x000010a4       0x14 .\CortexM3\ARM_GCC_541\Debug\Design02.a(CyLib.o)
                0x000010a4                CyDelayUs
 .text.CyIntSetVector
                0x000010b8       0x28 .\CortexM3\ARM_GCC_541\Debug\Design02.a(CyLib.o)
                0x000010b8                CyIntSetVector
 .text.CyIntSetPriority
                0x000010e0       0x30 .\CortexM3\ARM_GCC_541\Debug\Design02.a(CyLib.o)
                0x000010e0                CyIntSetPriority
 .text.isr_TIMER_SetVector
                0x00001110        0xc .\CortexM3\ARM_GCC_541\Debug\Design02.a(isr_TIMER.o)
                0x00001110                isr_TIMER_SetVector
 .text.isr_TIMER_SetPriority
                0x0000111c       0x10 .\CortexM3\ARM_GCC_541\Debug\Design02.a(isr_TIMER.o)
                0x0000111c                isr_TIMER_SetPriority
 .text.isr_TIMER_Enable
                0x0000112c        0xc .\CortexM3\ARM_GCC_541\Debug\Design02.a(isr_TIMER.o)
                0x0000112c                isr_TIMER_Enable
 .text.isr_TIMER_Disable
                0x00001138        0xc .\CortexM3\ARM_GCC_541\Debug\Design02.a(isr_TIMER.o)
                0x00001138                isr_TIMER_Disable
 .text.isr_TIMER_StartEx
                0x00001144       0x1c .\CortexM3\ARM_GCC_541\Debug\Design02.a(isr_TIMER.o)
                0x00001144                isr_TIMER_StartEx
 .text.Timer_Enable
                0x00001160       0x28 .\CortexM3\ARM_GCC_541\Debug\Design02.a(Timer.o)
                0x00001160                Timer_Enable
 .text.Timer_SetInterruptMode
                0x00001188        0xc .\CortexM3\ARM_GCC_541\Debug\Design02.a(Timer.o)
                0x00001188                Timer_SetInterruptMode
 .text.Timer_ReadStatusRegister
                0x00001194        0xc .\CortexM3\ARM_GCC_541\Debug\Design02.a(Timer.o)
                0x00001194                Timer_ReadStatusRegister
 .text.Timer_WritePeriod
                0x000011a0        0xc .\CortexM3\ARM_GCC_541\Debug\Design02.a(Timer.o)
                0x000011a0                Timer_WritePeriod
 .text.Timer_WriteCounter
                0x000011ac        0xc .\CortexM3\ARM_GCC_541\Debug\Design02.a(Timer.o)
                0x000011ac                Timer_WriteCounter
 .text.Timer_Init
                0x000011b8       0x64 .\CortexM3\ARM_GCC_541\Debug\Design02.a(Timer.o)
                0x000011b8                Timer_Init
 .text.Timer_Start
                0x0000121c       0x1c .\CortexM3\ARM_GCC_541\Debug\Design02.a(Timer.o)
                0x0000121c                Timer_Start
 .text.DMA_DmaInitialize
                0x00001238       0x3c .\CortexM3\ARM_GCC_541\Debug\Design02.a(DMA_dma.o)
                0x00001238                DMA_DmaInitialize
 *fill*         0x00001274        0x4 
 .text          0x00001278       0x20 .\CortexM3\ARM_GCC_541\Debug\Design02.a(CyBootAsmGnu.o)
                0x00001278                CyDelayCycles
                0x00001288                CyEnterCriticalSection
                0x00001290                CyExitCriticalSection
 .text.__errno  0x00001298        0xc c:/program files (x86)/cypress/psoc creator/4.4/psoc creator/import/gnu/arm/5.4.1/bin/../lib/gcc/arm-none-eabi/5.4.1/../../../../arm-none-eabi/lib/armv7-m\libg_nano.a(lib_a-errno.o)
                0x00001298                __errno
 .text.__libc_init_array
                0x000012a4       0x4c c:/program files (x86)/cypress/psoc creator/4.4/psoc creator/import/gnu/arm/5.4.1/bin/../lib/gcc/arm-none-eabi/5.4.1/../../../../arm-none-eabi/lib/armv7-m\libg_nano.a(lib_a-init.o)
                0x000012a4                __libc_init_array
 .text.memcpy   0x000012f0       0x16 c:/program files (x86)/cypress/psoc creator/4.4/psoc creator/import/gnu/arm/5.4.1/bin/../lib/gcc/arm-none-eabi/5.4.1/../../../../arm-none-eabi/lib/armv7-m\libg_nano.a(lib_a-memcpy-stub.o)
                0x000012f0                memcpy
 .text.memset   0x00001306       0x10 c:/program files (x86)/cypress/psoc creator/4.4/psoc creator/import/gnu/arm/5.4.1/bin/../lib/gcc/arm-none-eabi/5.4.1/../../../../arm-none-eabi/lib/armv7-m\libg_nano.a(lib_a-memset.o)
                0x00001306                memset
 *(.plt)
 *(.gnu.warning)
 *(.glue_7t)
 .glue_7t       0x00001316        0x0 linker stubs
 *(.glue_7)
 .glue_7        0x00001316        0x0 linker stubs
 *(.vfp11_veneer)
 .vfp11_veneer  0x00001316        0x0 linker stubs
 *(.bootloader)
 *(.ARM.extab* .gnu.linkonce.armextab.*)
 *(.gcc_except_table)

.v4_bx          0x00001318        0x0
 .v4_bx         0x00001318        0x0 linker stubs

.iplt           0x00001318        0x0
 .iplt          0x00001318        0x0 c:/program files (x86)/cypress/psoc creator/4.4/psoc creator/import/gnu/arm/5.4.1/bin/../lib/gcc/arm-none-eabi/5.4.1/armv7-m/crtbegin.o

.eh_frame_hdr
 *(.eh_frame_hdr)

.eh_frame       0x00001318        0x4
 *(.eh_frame)
 .eh_frame      0x00001318        0x0 c:/program files (x86)/cypress/psoc creator/4.4/psoc creator/import/gnu/arm/5.4.1/bin/../lib/gcc/arm-none-eabi/5.4.1/armv7-m/crtbegin.o
 .eh_frame      0x00001318        0x4 c:/program files (x86)/cypress/psoc creator/4.4/psoc creator/import/gnu/arm/5.4.1/bin/../lib/gcc/arm-none-eabi/5.4.1/armv7-m/crtend.o
                [!provide]                PROVIDE (__exidx_start, .)

.ARM.exidx
 *(.ARM.exidx* .gnu.linkonce.armexidx.*)
                0x0000131c                __exidx_end = .

.rodata         0x0000131c     0x109c
 *(.rodata .rodata.* .gnu.linkonce.r.*)
 .rodata        0x0000131c       0x5c .\CortexM3\ARM_GCC_541\Debug\cyfitter_cfg.o
                0x0000131c                ADC_DelSig_AMux__addrTable
                0x00001324                ADC_DelSig_AMux__maskTable
 .rodata        0x00001378     0x1004 .\CortexM3\ARM_GCC_541\Debug\Design02.a(WaveDAC8.o)
                0x00001378                WaveDAC8_wave1
                0x00002318                WaveDAC8_wave2
 .rodata.str1.1
                0x0000237c        0x2 c:/program files (x86)/cypress/psoc creator/4.4/psoc creator/import/gnu/arm/5.4.1/bin/../lib/gcc/arm-none-eabi/5.4.1/../../../../arm-none-eabi/lib/armv7-m\libg_nano.a(lib_a-impure.o)
                0x00002380                . = ALIGN (0x4)
 *fill*         0x0000237e        0x2 
 *(.init)
 .init          0x00002380        0x4 c:/program files (x86)/cypress/psoc creator/4.4/psoc creator/import/gnu/arm/5.4.1/bin/../lib/gcc/arm-none-eabi/5.4.1/armv7-m/crti.o
                0x00002380                _init
 .init          0x00002384        0x8 c:/program files (x86)/cypress/psoc creator/4.4/psoc creator/import/gnu/arm/5.4.1/bin/../lib/gcc/arm-none-eabi/5.4.1/armv7-m/crtn.o
                0x0000238c                . = ALIGN (0x4)
                0x0000238c                __preinit_array_start = .
 *(.preinit_array)
                0x0000238c                __preinit_array_end = .
                0x0000238c                . = ALIGN (0x4)
                0x0000238c                __init_array_start = .
 *(SORT(.init_array.*))
 *(.init_array)
 .init_array    0x0000238c        0x4 c:/program files (x86)/cypress/psoc creator/4.4/psoc creator/import/gnu/arm/5.4.1/bin/../lib/gcc/arm-none-eabi/5.4.1/armv7-m/crtbegin.o
 .init_array    0x00002390        0x4 .\CortexM3\ARM_GCC_541\Debug\Cm3Start.o
                0x00002394                __init_array_end = .
                0x00002394                . = ALIGN (0x4)
 *(.fini)
 .fini          0x00002394        0x4 c:/program files (x86)/cypress/psoc creator/4.4/psoc creator/import/gnu/arm/5.4.1/bin/../lib/gcc/arm-none-eabi/5.4.1/armv7-m/crti.o
                0x00002394                _fini
 .fini          0x00002398        0x8 c:/program files (x86)/cypress/psoc creator/4.4/psoc creator/import/gnu/arm/5.4.1/bin/../lib/gcc/arm-none-eabi/5.4.1/armv7-m/crtn.o
                0x000023a0                . = ALIGN (0x4)
                0x000023a0                __fini_array_start = .
 *(.fini_array)
 .fini_array    0x000023a0        0x4 c:/program files (x86)/cypress/psoc creator/4.4/psoc creator/import/gnu/arm/5.4.1/bin/../lib/gcc/arm-none-eabi/5.4.1/armv7-m/crtbegin.o
 *(SORT(.fini_array.*))
                0x000023a4                __fini_array_end = .
                0x000023a4                . = ALIGN (0x4)
 *crtbegin.o(.ctors)
 *(EXCLUDE_FILE(*crtend.o) .ctors)
 *(SORT(.ctors.*))
 *crtend.o(.ctors)
                0x000023a4                . = ALIGN (0x4)
 *crtbegin.o(.dtors)
 *(EXCLUDE_FILE(*crtend.o) .dtors)
 *(SORT(.dtors.*))
 *crtend.o(.dtors)
                0x000023a4                . = ALIGN (0x4)
                0x000023a4                __cy_regions = .
                0x000023a4        0x4 LONG 0x23b8 __cy_region_init_ram
                0x000023a8        0x4 LONG 0x1fff80c8 __cy_region_start_data
                0x000023ac        0x4 LONG 0x88 __cy_region_init_size_ram
                0x000023b0        0x4 LONG 0x50 __cy_region_zero_size_ram
                0x000023b4                __cy_regions_end = .
                0x000023b8                . = ALIGN (0x8)
 *fill*         0x000023b4        0x4 
                0x000023b8                _etext = .

.cy_checksum_exclude
                0x000023b8        0x0
 *(.cy_checksum_exclude)

.ramvectors     0x1fff8000       0xc0
                0x1fff8000                __cy_region_start_ram = .
 *(.ramvectors)
 .ramvectors    0x1fff8000       0xc0 .\CortexM3\ARM_GCC_541\Debug\Cm3Start.o
                0x1fff8000                CyRamVectors

.noinit         0x1fff80c0        0x1
 *(.noinit)
 .noinit        0x1fff80c0        0x1 .\CortexM3\ARM_GCC_541\Debug\Design02.a(CyLib.o)
                0x1fff80c0                CyResetStatus

.data           0x1fff80c8       0x88 load address 0x000023b8
                0x1fff80c8                __cy_region_start_data = .
 *(.jcr)
 .jcr           0x1fff80c8        0x0 c:/program files (x86)/cypress/psoc creator/4.4/psoc creator/import/gnu/arm/5.4.1/bin/../lib/gcc/arm-none-eabi/5.4.1/armv7-m/crtbegin.o
 .jcr           0x1fff80c8        0x4 c:/program files (x86)/cypress/psoc creator/4.4/psoc creator/import/gnu/arm/5.4.1/bin/../lib/gcc/arm-none-eabi/5.4.1/armv7-m/crtend.o
 *(.got.plt)
 *(.got)
 *(.shdata)
 *(.data .data.* .gnu.linkonce.d.*)
 .data          0x1fff80cc        0x1 .\CortexM3\ARM_GCC_541\Debug\Design02.a(ADC_DelSig.o)
                0x1fff80cc                ADC_DelSig_Config
 .data          0x1fff80cd        0x1 .\CortexM3\ARM_GCC_541\Debug\Design02.a(WaveDAC8_Wave1_DMA_dma.o)
                0x1fff80cd                WaveDAC8_Wave1_DMA_DmaHandle
 .data          0x1fff80ce        0x1 .\CortexM3\ARM_GCC_541\Debug\Design02.a(WaveDAC8_Wave2_DMA_dma.o)
                0x1fff80ce                WaveDAC8_Wave2_DMA_DmaHandle
 .data          0x1fff80cf        0x1 .\CortexM3\ARM_GCC_541\Debug\Design02.a(ADC_DelSig_AMux.o)
 .data          0x1fff80d0        0x8 .\CortexM3\ARM_GCC_541\Debug\Design02.a(CyDmac.o)
 .data          0x1fff80d8       0x10 .\CortexM3\ARM_GCC_541\Debug\Design02.a(CyLib.o)
                0x1fff80d8                cydelay_32k_ms
                0x1fff80dc                cydelay_freq_khz
                0x1fff80e0                cydelay_freq_mhz
                0x1fff80e4                cydelay_freq_hz
 .data          0x1fff80e8        0x1 .\CortexM3\ARM_GCC_541\Debug\Design02.a(DMA_dma.o)
                0x1fff80e8                DMA_DmaHandle
 *fill*         0x1fff80e9        0x3 
 .data.impure_data
                0x1fff80ec       0x60 c:/program files (x86)/cypress/psoc creator/4.4/psoc creator/import/gnu/arm/5.4.1/bin/../lib/gcc/arm-none-eabi/5.4.1/../../../../arm-none-eabi/lib/armv7-m\libg_nano.a(lib_a-impure.o)
 .data._impure_ptr
                0x1fff814c        0x4 c:/program files (x86)/cypress/psoc creator/4.4/psoc creator/import/gnu/arm/5.4.1/bin/../lib/gcc/arm-none-eabi/5.4.1/../../../../arm-none-eabi/lib/armv7-m\libg_nano.a(lib_a-impure.o)
                0x1fff814c                _impure_ptr
                0x1fff8150                . = ALIGN (0x8)
 *(.ram)
                0x1fff8150                _edata = .

.igot.plt       0x1fff8150        0x0 load address 0x00002440
 .igot.plt      0x1fff8150        0x0 c:/program files (x86)/cypress/psoc creator/4.4/psoc creator/import/gnu/arm/5.4.1/bin/../lib/gcc/arm-none-eabi/5.4.1/armv7-m/crtbegin.o

.bss            0x1fff8150       0x50 load address 0x00002440
                0x1fff8150                PROVIDE (__bss_start__, .)
 *(.shbss)
 *(.bss .bss.* .gnu.linkonce.b.*)
 .bss           0x1fff8150       0x1c c:/program files (x86)/cypress/psoc creator/4.4/psoc creator/import/gnu/arm/5.4.1/bin/../lib/gcc/arm-none-eabi/5.4.1/armv7-m/crtbegin.o
 .bss           0x1fff816c        0x5 .\CortexM3\ARM_GCC_541\Debug\Design02.a(WaveDAC8.o)
                0x1fff8170                WaveDAC8_initVar
 *fill*         0x1fff8171        0x3 
 .bss           0x1fff8174        0xc .\CortexM3\ARM_GCC_541\Debug\Design02.a(ADC_DelSig.o)
                0x1fff8178                ADC_DelSig_stopConversion
                0x1fff8179                ADC_DelSig_convDone
                0x1fff817a                ADC_DelSig_initVar
                0x1fff817b                ADC_DelSig_started
                0x1fff817c                ADC_DelSig_Offset
 .bss           0x1fff8180        0x2 .\CortexM3\ARM_GCC_541\Debug\Design02.a(UART.o)
                0x1fff8180                UART_initVar
 .bss           0x1fff8182        0x1 .\CortexM3\ARM_GCC_541\Debug\Design02.a(Timer.o)
                0x1fff8182                Timer_initVar
 *(COMMON)
 *fill*         0x1fff8183        0x1 
 COMMON         0x1fff8184        0x9 .\CortexM3\ARM_GCC_541\Debug\main.o
                0x1fff8184                AdcBuffer
                0x1fff8188                dataBuffer
                0x1fff818c                Flag
 *fill*         0x1fff818d        0x3 
 COMMON         0x1fff8190        0x8 .\CortexM3\ARM_GCC_541\Debug\InterruptRoutines.o
                0x1fff8190                value_digit
                0x1fff8194                value_mv
 COMMON         0x1fff8198        0x4 .\CortexM3\ARM_GCC_541\Debug\Design02.a(ADC_DelSig.o)
                0x1fff8198                ADC_DelSig_CountsPerVolt
                0x1fff81a0                . = ALIGN (0x8)
 *fill*         0x1fff819c        0x4 
 *(.ram.b)
                0x1fff81a0                _end = .
                0x1fff81a0                __end = .
                0x1fff81a0                PROVIDE (end, .)
                0x1fff81a0                PROVIDE (__bss_end__, .)
                0x000023b8                __cy_region_init_ram = LOADADDR (.data)
                0x00000088                __cy_region_init_size_ram = (_edata - ADDR (.data))
                0x00000050                __cy_region_zero_size_ram = (_end - _edata)

.heap           0x1fff81a0       0x80 load address 0x00002440
                0x1fff81a0                . = _end
                0x1fff8220                . = (. + 0x80)
 *fill*         0x1fff81a0       0x80 
                0x1fff8220                __cy_heap_limit = .

.stack          0x20007800      0x800
                0x20007800                __cy_stack_limit = .
                0x20008000                . = (. + 0x800)
 *fill*         0x20007800      0x800 
                0x00000001                ASSERT ((__cy_stack_limit >= __cy_heap_limit), region RAM overflowed with stack)
                0x00000000                cy_checksum_exclude_size = (CY_APPL_LOADABLE == 0x1)?SIZEOF (.cy_checksum_exclude):0x0
                0x00000001                ASSERT ((cy_checksum_exclude_size <= CY_CHECKSUM_EXCLUDE_SIZE), CY_BOOT: Section .cy_checksum_exclude size exceedes specified limit.)

.cyloadermeta
 *(.cyloadermeta)

.cyloadablemeta
 *(.cyloadablemeta)

.cyconfigecc    0x80000000      0x474
 *(.cyconfigecc)
 .cyconfigecc   0x80000000      0x474 .\CortexM3\ARM_GCC_541\Debug\cymetadata.o
                0x80000000                cy_meta_configecc

.cycustnvl      0x90000000        0x4
 *(.cycustnvl)
 .cycustnvl     0x90000000        0x4 .\CortexM3\ARM_GCC_541\Debug\cymetadata.o
                0x90000000                cy_meta_custnvl

.cywolatch      0x90100000        0x4
 *(.cywolatch)
 .cywolatch     0x90100000        0x4 .\CortexM3\ARM_GCC_541\Debug\cymetadata.o
                0x90100000                cy_meta_wonvl

.cyeeprom       0x90200000        0x0
 *(.cyeeprom)
                0x00000001                ASSERT ((. <= ((0x90200000 + ee_offset) + ee_size)), .cyeeprom data will not fit in EEPROM)

.cyflashprotect
                0x90400000      0x100
 *(.cyflashprotect)
 .cyflashprotect
                0x90400000      0x100 .\CortexM3\ARM_GCC_541\Debug\cymetadata.o
                0x90400000                cy_meta_flashprotect

.cymeta         0x90500000        0xc
 *(.cymeta)
 .cymeta        0x90500000        0xc .\CortexM3\ARM_GCC_541\Debug\cymetadata.o
                0x90500000                cy_metadata

.rel.dyn        0x00002440        0x0 load address 0x9050000c
 .rel.iplt      0x00002440        0x0 c:/program files (x86)/cypress/psoc creator/4.4/psoc creator/import/gnu/arm/5.4.1/bin/../lib/gcc/arm-none-eabi/5.4.1/armv7-m/crtbegin.o

.stab
 *(.stab)

.stabstr
 *(.stabstr)

.debug
 *(.debug)

.line
 *(.line)

.debug_srcinfo
 *(.debug_srcinfo)

.debug_sfnames
 *(.debug_sfnames)

.debug_aranges  0x00000000      0xd18
 *(.debug_aranges)
 .debug_aranges
                0x00000000       0x20 .\CortexM3\ARM_GCC_541\Debug\main.o
 .debug_aranges
                0x00000020       0x20 .\CortexM3\ARM_GCC_541\Debug\InterruptRoutines.o
 .debug_aranges
                0x00000040       0x20 .\CortexM3\ARM_GCC_541\Debug\DMA_Routines.o
 .debug_aranges
                0x00000060       0x68 .\CortexM3\ARM_GCC_541\Debug\cyfitter_cfg.o
 .debug_aranges
                0x000000c8       0x18 .\CortexM3\ARM_GCC_541\Debug\cymetadata.o
 .debug_aranges
                0x000000e0       0x48 .\CortexM3\ARM_GCC_541\Debug\Cm3Start.o
 .debug_aranges
                0x00000128       0x50 .\CortexM3\ARM_GCC_541\Debug\Design02.a(WaveDAC8.o)
 .debug_aranges
                0x00000178       0xe8 .\CortexM3\ARM_GCC_541\Debug\Design02.a(ADC_DelSig.o)
 .debug_aranges
                0x00000260       0x38 .\CortexM3\ARM_GCC_541\Debug\Design02.a(ADC_DelSig_INT.o)
 .debug_aranges
                0x00000298       0xf0 .\CortexM3\ARM_GCC_541\Debug\Design02.a(UART.o)
 .debug_aranges
                0x00000388       0x70 .\CortexM3\ARM_GCC_541\Debug\Design02.a(WaveDAC8_DacClk.o)
 .debug_aranges
                0x000003f8       0x28 .\CortexM3\ARM_GCC_541\Debug\Design02.a(WaveDAC8_Wave1_DMA_dma.o)
 .debug_aranges
                0x00000420       0x28 .\CortexM3\ARM_GCC_541\Debug\Design02.a(WaveDAC8_Wave2_DMA_dma.o)
 .debug_aranges
                0x00000448       0x58 .\CortexM3\ARM_GCC_541\Debug\Design02.a(WaveDAC8_VDAC8.o)
 .debug_aranges
                0x000004a0       0x30 .\CortexM3\ARM_GCC_541\Debug\Design02.a(ADC_DelSig_AMux.o)
 .debug_aranges
                0x000004d0       0x70 .\CortexM3\ARM_GCC_541\Debug\Design02.a(ADC_DelSig_Ext_CP_Clk.o)
 .debug_aranges
                0x00000540       0x80 .\CortexM3\ARM_GCC_541\Debug\Design02.a(ADC_DelSig_IRQ.o)
 .debug_aranges
                0x000005c0       0x80 .\CortexM3\ARM_GCC_541\Debug\Design02.a(ADC_DelSig_theACLK.o)
 .debug_aranges
                0x00000640       0x70 .\CortexM3\ARM_GCC_541\Debug\Design02.a(UART_IntClock.o)
 .debug_aranges
                0x000006b0       0xd8 .\CortexM3\ARM_GCC_541\Debug\Design02.a(CyDmac.o)
 .debug_aranges
                0x00000788      0x2a0 .\CortexM3\ARM_GCC_541\Debug\Design02.a(CyLib.o)
 .debug_aranges
                0x00000a28       0x98 .\CortexM3\ARM_GCC_541\Debug\Design02.a(cyPm.o)
 .debug_aranges
                0x00000ac0       0x80 .\CortexM3\ARM_GCC_541\Debug\Design02.a(isr_TIMER.o)
 .debug_aranges
                0x00000b40       0x88 .\CortexM3\ARM_GCC_541\Debug\Design02.a(Timer.o)
 .debug_aranges
                0x00000bc8       0x28 .\CortexM3\ARM_GCC_541\Debug\Design02.a(DMA_dma.o)
 .debug_aranges
                0x00000bf0       0x20 .\CortexM3\ARM_GCC_541\Debug\Design02.a(CyBootAsmGnu.o)
 .debug_aranges
                0x00000c10       0x88 .\CortexM3\ARM_GCC_541\Debug\Design02.a(CyFlash.o)
 .debug_aranges
                0x00000c98       0x80 .\CortexM3\ARM_GCC_541\Debug\Design02.a(CySpc.o)

.debug_pubnames
 *(.debug_pubnames)

.debug_info     0x00000000     0x756c
 *(.debug_info .gnu.linkonce.wi.*)
 .debug_info    0x00000000      0x1f2 .\CortexM3\ARM_GCC_541\Debug\main.o
 .debug_info    0x000001f2      0x181 .\CortexM3\ARM_GCC_541\Debug\InterruptRoutines.o
 .debug_info    0x00000373      0x234 .\CortexM3\ARM_GCC_541\Debug\DMA_Routines.o
 .debug_info    0x000005a7      0x6aa .\CortexM3\ARM_GCC_541\Debug\cyfitter_cfg.o
 .debug_info    0x00000c51      0x136 .\CortexM3\ARM_GCC_541\Debug\cymetadata.o
 .debug_info    0x00000d87      0x3cf .\CortexM3\ARM_GCC_541\Debug\Cm3Start.o
 .debug_info    0x00001156      0x519 .\CortexM3\ARM_GCC_541\Debug\Design02.a(WaveDAC8.o)
 .debug_info    0x0000166f      0xa18 .\CortexM3\ARM_GCC_541\Debug\Design02.a(ADC_DelSig.o)
 .debug_info    0x00002087       0xd3 .\CortexM3\ARM_GCC_541\Debug\Design02.a(ADC_DelSig_INT.o)
 .debug_info    0x0000215a      0x60c .\CortexM3\ARM_GCC_541\Debug\Design02.a(UART.o)
 .debug_info    0x00002766      0x283 .\CortexM3\ARM_GCC_541\Debug\Design02.a(WaveDAC8_DacClk.o)
 .debug_info    0x000029e9      0x1aa .\CortexM3\ARM_GCC_541\Debug\Design02.a(WaveDAC8_Wave1_DMA_dma.o)
 .debug_info    0x00002b93      0x1a7 .\CortexM3\ARM_GCC_541\Debug\Design02.a(WaveDAC8_Wave2_DMA_dma.o)
 .debug_info    0x00002d3a      0x1de .\CortexM3\ARM_GCC_541\Debug\Design02.a(WaveDAC8_VDAC8.o)
 .debug_info    0x00002f18      0x165 .\CortexM3\ARM_GCC_541\Debug\Design02.a(ADC_DelSig_AMux.o)
 .debug_info    0x0000307d      0x283 .\CortexM3\ARM_GCC_541\Debug\Design02.a(ADC_DelSig_Ext_CP_Clk.o)
 .debug_info    0x00003300      0x2d2 .\CortexM3\ARM_GCC_541\Debug\Design02.a(ADC_DelSig_IRQ.o)
 .debug_info    0x000035d2      0x2c4 .\CortexM3\ARM_GCC_541\Debug\Design02.a(ADC_DelSig_theACLK.o)
 .debug_info    0x00003896      0x283 .\CortexM3\ARM_GCC_541\Debug\Design02.a(UART_IntClock.o)
 .debug_info    0x00003b19      0x94e .\CortexM3\ARM_GCC_541\Debug\Design02.a(CyDmac.o)
 .debug_info    0x00004467     0x1374 .\CortexM3\ARM_GCC_541\Debug\Design02.a(CyLib.o)
 .debug_info    0x000057db      0xa2a .\CortexM3\ARM_GCC_541\Debug\Design02.a(cyPm.o)
 .debug_info    0x00006205      0x2d2 .\CortexM3\ARM_GCC_541\Debug\Design02.a(isr_TIMER.o)
 .debug_info    0x000064d7      0x293 .\CortexM3\ARM_GCC_541\Debug\Design02.a(Timer.o)
 .debug_info    0x0000676a      0x1a7 .\CortexM3\ARM_GCC_541\Debug\Design02.a(DMA_dma.o)
 .debug_info    0x00006911       0xbe .\CortexM3\ARM_GCC_541\Debug\Design02.a(CyBootAsmGnu.o)
 .debug_info    0x000069cf      0x64d .\CortexM3\ARM_GCC_541\Debug\Design02.a(CyFlash.o)
 .debug_info    0x0000701c      0x550 .\CortexM3\ARM_GCC_541\Debug\Design02.a(CySpc.o)

.debug_abbrev   0x00000000     0x2198
 *(.debug_abbrev)
 .debug_abbrev  0x00000000       0xd1 .\CortexM3\ARM_GCC_541\Debug\main.o
 .debug_abbrev  0x000000d1       0xb5 .\CortexM3\ARM_GCC_541\Debug\InterruptRoutines.o
 .debug_abbrev  0x00000186       0xf5 .\CortexM3\ARM_GCC_541\Debug\DMA_Routines.o
 .debug_abbrev  0x0000027b      0x22d .\CortexM3\ARM_GCC_541\Debug\cyfitter_cfg.o
 .debug_abbrev  0x000004a8       0x77 .\CortexM3\ARM_GCC_541\Debug\cymetadata.o
 .debug_abbrev  0x0000051f      0x1e8 .\CortexM3\ARM_GCC_541\Debug\Cm3Start.o
 .debug_abbrev  0x00000707      0x114 .\CortexM3\ARM_GCC_541\Debug\Design02.a(WaveDAC8.o)
 .debug_abbrev  0x0000081b      0x1eb .\CortexM3\ARM_GCC_541\Debug\Design02.a(ADC_DelSig.o)
 .debug_abbrev  0x00000a06       0x42 .\CortexM3\ARM_GCC_541\Debug\Design02.a(ADC_DelSig_INT.o)
 .debug_abbrev  0x00000a48      0x175 .\CortexM3\ARM_GCC_541\Debug\Design02.a(UART.o)
 .debug_abbrev  0x00000bbd      0x139 .\CortexM3\ARM_GCC_541\Debug\Design02.a(WaveDAC8_DacClk.o)
 .debug_abbrev  0x00000cf6       0xcd .\CortexM3\ARM_GCC_541\Debug\Design02.a(WaveDAC8_Wave1_DMA_dma.o)
 .debug_abbrev  0x00000dc3       0xcd .\CortexM3\ARM_GCC_541\Debug\Design02.a(WaveDAC8_Wave2_DMA_dma.o)
 .debug_abbrev  0x00000e90       0xf7 .\CortexM3\ARM_GCC_541\Debug\Design02.a(WaveDAC8_VDAC8.o)
 .debug_abbrev  0x00000f87       0xb1 .\CortexM3\ARM_GCC_541\Debug\Design02.a(ADC_DelSig_AMux.o)
 .debug_abbrev  0x00001038      0x139 .\CortexM3\ARM_GCC_541\Debug\Design02.a(ADC_DelSig_Ext_CP_Clk.o)
 .debug_abbrev  0x00001171      0x173 .\CortexM3\ARM_GCC_541\Debug\Design02.a(ADC_DelSig_IRQ.o)
 .debug_abbrev  0x000012e4      0x121 .\CortexM3\ARM_GCC_541\Debug\Design02.a(ADC_DelSig_theACLK.o)
 .debug_abbrev  0x00001405      0x139 .\CortexM3\ARM_GCC_541\Debug\Design02.a(UART_IntClock.o)
 .debug_abbrev  0x0000153e      0x1b2 .\CortexM3\ARM_GCC_541\Debug\Design02.a(CyDmac.o)
 .debug_abbrev  0x000016f0      0x254 .\CortexM3\ARM_GCC_541\Debug\Design02.a(CyLib.o)
 .debug_abbrev  0x00001944      0x1ab .\CortexM3\ARM_GCC_541\Debug\Design02.a(cyPm.o)
 .debug_abbrev  0x00001aef      0x173 .\CortexM3\ARM_GCC_541\Debug\Design02.a(isr_TIMER.o)
 .debug_abbrev  0x00001c62      0x11a .\CortexM3\ARM_GCC_541\Debug\Design02.a(Timer.o)
 .debug_abbrev  0x00001d7c       0xcd .\CortexM3\ARM_GCC_541\Debug\Design02.a(DMA_dma.o)
 .debug_abbrev  0x00001e49       0x14 .\CortexM3\ARM_GCC_541\Debug\Design02.a(CyBootAsmGnu.o)
 .debug_abbrev  0x00001e5d      0x1a7 .\CortexM3\ARM_GCC_541\Debug\Design02.a(CyFlash.o)
 .debug_abbrev  0x00002004      0x194 .\CortexM3\ARM_GCC_541\Debug\Design02.a(CySpc.o)

.debug_line     0x00000000     0x3378
 *(.debug_line)
 .debug_line    0x00000000      0x1f3 .\CortexM3\ARM_GCC_541\Debug\main.o
 .debug_line    0x000001f3      0x1cf .\CortexM3\ARM_GCC_541\Debug\InterruptRoutines.o
 .debug_line    0x000003c2      0x1a0 .\CortexM3\ARM_GCC_541\Debug\DMA_Routines.o
 .debug_line    0x00000562      0x226 .\CortexM3\ARM_GCC_541\Debug\cyfitter_cfg.o
 .debug_line    0x00000788      0x141 .\CortexM3\ARM_GCC_541\Debug\cymetadata.o
 .debug_line    0x000008c9      0x241 .\CortexM3\ARM_GCC_541\Debug\Cm3Start.o
 .debug_line    0x00000b0a      0x156 .\CortexM3\ARM_GCC_541\Debug\Design02.a(WaveDAC8.o)
 .debug_line    0x00000c60      0x373 .\CortexM3\ARM_GCC_541\Debug\Design02.a(ADC_DelSig.o)
 .debug_line    0x00000fd3       0x87 .\CortexM3\ARM_GCC_541\Debug\Design02.a(ADC_DelSig_INT.o)
 .debug_line    0x0000105a      0x2bc .\CortexM3\ARM_GCC_541\Debug\Design02.a(UART.o)
 .debug_line    0x00001316      0x17e .\CortexM3\ARM_GCC_541\Debug\Design02.a(WaveDAC8_DacClk.o)
 .debug_line    0x00001494       0x8f .\CortexM3\ARM_GCC_541\Debug\Design02.a(WaveDAC8_Wave1_DMA_dma.o)
 .debug_line    0x00001523       0x8f .\CortexM3\ARM_GCC_541\Debug\Design02.a(WaveDAC8_Wave2_DMA_dma.o)
 .debug_line    0x000015b2       0xea .\CortexM3\ARM_GCC_541\Debug\Design02.a(WaveDAC8_VDAC8.o)
 .debug_line    0x0000169c       0xb3 .\CortexM3\ARM_GCC_541\Debug\Design02.a(ADC_DelSig_AMux.o)
 .debug_line    0x0000174f      0x184 .\CortexM3\ARM_GCC_541\Debug\Design02.a(ADC_DelSig_Ext_CP_Clk.o)
 .debug_line    0x000018d3      0x13b .\CortexM3\ARM_GCC_541\Debug\Design02.a(ADC_DelSig_IRQ.o)
 .debug_line    0x00001a0e      0x1a4 .\CortexM3\ARM_GCC_541\Debug\Design02.a(ADC_DelSig_theACLK.o)
 .debug_line    0x00001bb2      0x17c .\CortexM3\ARM_GCC_541\Debug\Design02.a(UART_IntClock.o)
 .debug_line    0x00001d2e      0x2e4 .\CortexM3\ARM_GCC_541\Debug\Design02.a(CyDmac.o)
 .debug_line    0x00002012      0x816 .\CortexM3\ARM_GCC_541\Debug\Design02.a(CyLib.o)
 .debug_line    0x00002828      0x367 .\CortexM3\ARM_GCC_541\Debug\Design02.a(cyPm.o)
 .debug_line    0x00002b8f      0x136 .\CortexM3\ARM_GCC_541\Debug\Design02.a(isr_TIMER.o)
 .debug_line    0x00002cc5      0x153 .\CortexM3\ARM_GCC_541\Debug\Design02.a(Timer.o)
 .debug_line    0x00002e18       0x80 .\CortexM3\ARM_GCC_541\Debug\Design02.a(DMA_dma.o)
 .debug_line    0x00002e98       0x66 .\CortexM3\ARM_GCC_541\Debug\Design02.a(CyBootAsmGnu.o)
 .debug_line    0x00002efe      0x21a .\CortexM3\ARM_GCC_541\Debug\Design02.a(CyFlash.o)
 .debug_line    0x00003118      0x260 .\CortexM3\ARM_GCC_541\Debug\Design02.a(CySpc.o)

.debug_frame    0x00000000     0x2004
 *(.debug_frame)
 .debug_frame   0x00000000       0x2c .\CortexM3\ARM_GCC_541\Debug\main.o
 .debug_frame   0x0000002c       0x2c .\CortexM3\ARM_GCC_541\Debug\InterruptRoutines.o
 .debug_frame   0x00000058       0x30 .\CortexM3\ARM_GCC_541\Debug\DMA_Routines.o
 .debug_frame   0x00000088      0x104 .\CortexM3\ARM_GCC_541\Debug\cyfitter_cfg.o
 .debug_frame   0x0000018c       0xb8 .\CortexM3\ARM_GCC_541\Debug\Cm3Start.o
 .debug_frame   0x00000244       0xe0 .\CortexM3\ARM_GCC_541\Debug\Design02.a(WaveDAC8.o)
 .debug_frame   0x00000324      0x284 .\CortexM3\ARM_GCC_541\Debug\Design02.a(ADC_DelSig.o)
 .debug_frame   0x000005a8       0x50 .\CortexM3\ARM_GCC_541\Debug\Design02.a(ADC_DelSig_INT.o)
 .debug_frame   0x000005f8      0x250 .\CortexM3\ARM_GCC_541\Debug\Design02.a(UART.o)
 .debug_frame   0x00000848       0xe0 .\CortexM3\ARM_GCC_541\Debug\Design02.a(WaveDAC8_DacClk.o)
 .debug_frame   0x00000928       0x54 .\CortexM3\ARM_GCC_541\Debug\Design02.a(WaveDAC8_Wave1_DMA_dma.o)
 .debug_frame   0x0000097c       0x54 .\CortexM3\ARM_GCC_541\Debug\Design02.a(WaveDAC8_Wave2_DMA_dma.o)
 .debug_frame   0x000009d0       0xb4 .\CortexM3\ARM_GCC_541\Debug\Design02.a(WaveDAC8_VDAC8.o)
 .debug_frame   0x00000a84       0x64 .\CortexM3\ARM_GCC_541\Debug\Design02.a(ADC_DelSig_AMux.o)
 .debug_frame   0x00000ae8       0xe0 .\CortexM3\ARM_GCC_541\Debug\Design02.a(ADC_DelSig_Ext_CP_Clk.o)
 .debug_frame   0x00000bc8      0x104 .\CortexM3\ARM_GCC_541\Debug\Design02.a(ADC_DelSig_IRQ.o)
 .debug_frame   0x00000ccc      0x100 .\CortexM3\ARM_GCC_541\Debug\Design02.a(ADC_DelSig_theACLK.o)
 .debug_frame   0x00000dcc       0xe0 .\CortexM3\ARM_GCC_541\Debug\Design02.a(UART_IntClock.o)
 .debug_frame   0x00000eac      0x1f8 .\CortexM3\ARM_GCC_541\Debug\Design02.a(CyDmac.o)
 .debug_frame   0x000010a4      0x738 .\CortexM3\ARM_GCC_541\Debug\Design02.a(CyLib.o)
 .debug_frame   0x000017dc      0x1f8 .\CortexM3\ARM_GCC_541\Debug\Design02.a(cyPm.o)
 .debug_frame   0x000019d4      0x104 .\CortexM3\ARM_GCC_541\Debug\Design02.a(isr_TIMER.o)
 .debug_frame   0x00001ad8      0x108 .\CortexM3\ARM_GCC_541\Debug\Design02.a(Timer.o)
 .debug_frame   0x00001be0       0x54 .\CortexM3\ARM_GCC_541\Debug\Design02.a(DMA_dma.o)
 .debug_frame   0x00001c34      0x194 .\CortexM3\ARM_GCC_541\Debug\Design02.a(CyFlash.o)
 .debug_frame   0x00001dc8      0x180 .\CortexM3\ARM_GCC_541\Debug\Design02.a(CySpc.o)
 .debug_frame   0x00001f48       0x20 c:/program files (x86)/cypress/psoc creator/4.4/psoc creator/import/gnu/arm/5.4.1/bin/../lib/gcc/arm-none-eabi/5.4.1/../../../../arm-none-eabi/lib/armv7-m\libg_nano.a(lib_a-errno.o)
 .debug_frame   0x00001f68       0x28 c:/program files (x86)/cypress/psoc creator/4.4/psoc creator/import/gnu/arm/5.4.1/bin/../lib/gcc/arm-none-eabi/5.4.1/../../../../arm-none-eabi/lib/armv7-m\libg_nano.a(lib_a-exit.o)
 .debug_frame   0x00001f90       0x2c c:/program files (x86)/cypress/psoc creator/4.4/psoc creator/import/gnu/arm/5.4.1/bin/../lib/gcc/arm-none-eabi/5.4.1/../../../../arm-none-eabi/lib/armv7-m\libg_nano.a(lib_a-init.o)
 .debug_frame   0x00001fbc       0x28 c:/program files (x86)/cypress/psoc creator/4.4/psoc creator/import/gnu/arm/5.4.1/bin/../lib/gcc/arm-none-eabi/5.4.1/../../../../arm-none-eabi/lib/armv7-m\libg_nano.a(lib_a-memcpy-stub.o)
 .debug_frame   0x00001fe4       0x20 c:/program files (x86)/cypress/psoc creator/4.4/psoc creator/import/gnu/arm/5.4.1/bin/../lib/gcc/arm-none-eabi/5.4.1/../../../../arm-none-eabi/lib/armv7-m\libg_nano.a(lib_a-memset.o)

.debug_str      0x00000000     0x2d07
 *(.debug_str)
 .debug_str     0x00000000      0x240 .\CortexM3\ARM_GCC_541\Debug\main.o
                                0x28d (size before relaxing)
 .debug_str     0x00000240       0x6e .\CortexM3\ARM_GCC_541\Debug\InterruptRoutines.o
                                0x25c (size before relaxing)
 .debug_str     0x000002ae       0x8e .\CortexM3\ARM_GCC_541\Debug\DMA_Routines.o
                                0x28d (size before relaxing)
 .debug_str     0x0000033c      0x20b .\CortexM3\ARM_GCC_541\Debug\cyfitter_cfg.o
                                0x3da (size before relaxing)
 .debug_str     0x00000547       0x7f .\CortexM3\ARM_GCC_541\Debug\cymetadata.o
                                0x212 (size before relaxing)
 .debug_str     0x000005c6      0x154 .\CortexM3\ARM_GCC_541\Debug\Cm3Start.o
                                0x348 (size before relaxing)
 .debug_str     0x0000071a      0x23d .\CortexM3\ARM_GCC_541\Debug\Design02.a(WaveDAC8.o)
                                0x465 (size before relaxing)
 .debug_str     0x00000957      0x4b8 .\CortexM3\ARM_GCC_541\Debug\Design02.a(ADC_DelSig.o)
                                0x716 (size before relaxing)
 .debug_str     0x00000e0f       0x68 .\CortexM3\ARM_GCC_541\Debug\Design02.a(ADC_DelSig_INT.o)
                                0x211 (size before relaxing)
 .debug_str     0x00000e77      0x275 .\CortexM3\ARM_GCC_541\Debug\Design02.a(UART.o)
                                0x4a3 (size before relaxing)
 .debug_str     0x000010ec      0x195 .\CortexM3\ARM_GCC_541\Debug\Design02.a(WaveDAC8_DacClk.o)
                                0x37c (size before relaxing)
 .debug_str     0x00001281       0xe8 .\CortexM3\ARM_GCC_541\Debug\Design02.a(WaveDAC8_Wave1_DMA_dma.o)
                                0x2ce (size before relaxing)
 .debug_str     0x00001369       0x6b .\CortexM3\ARM_GCC_541\Debug\Design02.a(WaveDAC8_Wave2_DMA_dma.o)
                                0x2ce (size before relaxing)
 .debug_str     0x000013d4       0x7c .\CortexM3\ARM_GCC_541\Debug\Design02.a(WaveDAC8_VDAC8.o)
                                0x2a7 (size before relaxing)
 .debug_str     0x00001450       0x7b .\CortexM3\ARM_GCC_541\Debug\Design02.a(ADC_DelSig_AMux.o)
                                0x25e (size before relaxing)
 .debug_str     0x000014cb      0x170 .\CortexM3\ARM_GCC_541\Debug\Design02.a(ADC_DelSig_Ext_CP_Clk.o)
                                0x3c4 (size before relaxing)
 .debug_str     0x0000163b      0x167 .\CortexM3\ARM_GCC_541\Debug\Design02.a(ADC_DelSig_IRQ.o)
                                0x352 (size before relaxing)
 .debug_str     0x000017a2      0x1a3 .\CortexM3\ARM_GCC_541\Debug\Design02.a(ADC_DelSig_theACLK.o)
                                0x3f1 (size before relaxing)
 .debug_str     0x00001945      0x138 .\CortexM3\ARM_GCC_541\Debug\Design02.a(UART_IntClock.o)
                                0x364 (size before relaxing)
 .debug_str     0x00001a7d      0x2a1 .\CortexM3\ARM_GCC_541\Debug\Design02.a(CyDmac.o)
                                0x578 (size before relaxing)
 .debug_str     0x00001d1e      0x7bb .\CortexM3\ARM_GCC_541\Debug\Design02.a(CyLib.o)
                                0xa75 (size before relaxing)
 .debug_str     0x000024d9      0x365 .\CortexM3\ARM_GCC_541\Debug\Design02.a(cyPm.o)
                                0x761 (size before relaxing)
 .debug_str     0x0000283e      0x10c .\CortexM3\ARM_GCC_541\Debug\Design02.a(isr_TIMER.o)
                                0x30c (size before relaxing)
 .debug_str     0x0000294a      0x135 .\CortexM3\ARM_GCC_541\Debug\Design02.a(Timer.o)
                                0x323 (size before relaxing)
 .debug_str     0x00002a7f       0x21 .\CortexM3\ARM_GCC_541\Debug\Design02.a(DMA_dma.o)
                                0x292 (size before relaxing)
 .debug_str     0x00002aa0      0x1bb .\CortexM3\ARM_GCC_541\Debug\Design02.a(CyFlash.o)
                                0x3ee (size before relaxing)
 .debug_str     0x00002c5b       0xac .\CortexM3\ARM_GCC_541\Debug\Design02.a(CySpc.o)
                                0x366 (size before relaxing)

.debug_loc      0x00000000     0x3841
 *(.debug_loc)
 .debug_loc     0x00000000       0x13 .\CortexM3\ARM_GCC_541\Debug\DMA_Routines.o
 .debug_loc     0x00000013      0x2cb .\CortexM3\ARM_GCC_541\Debug\cyfitter_cfg.o
 .debug_loc     0x000002de      0x144 .\CortexM3\ARM_GCC_541\Debug\Cm3Start.o
 .debug_loc     0x00000422      0x11b .\CortexM3\ARM_GCC_541\Debug\Design02.a(WaveDAC8.o)
 .debug_loc     0x0000053d      0x68c .\CortexM3\ARM_GCC_541\Debug\Design02.a(ADC_DelSig.o)
 .debug_loc     0x00000bc9      0x258 .\CortexM3\ARM_GCC_541\Debug\Design02.a(UART.o)
 .debug_loc     0x00000e21      0x128 .\CortexM3\ARM_GCC_541\Debug\Design02.a(WaveDAC8_DacClk.o)
 .debug_loc     0x00000f49       0x84 .\CortexM3\ARM_GCC_541\Debug\Design02.a(WaveDAC8_Wave1_DMA_dma.o)
 .debug_loc     0x00000fcd       0x84 .\CortexM3\ARM_GCC_541\Debug\Design02.a(WaveDAC8_Wave2_DMA_dma.o)
 .debug_loc     0x00001051       0x79 .\CortexM3\ARM_GCC_541\Debug\Design02.a(WaveDAC8_VDAC8.o)
 .debug_loc     0x000010ca       0x6c .\CortexM3\ARM_GCC_541\Debug\Design02.a(ADC_DelSig_AMux.o)
 .debug_loc     0x00001136      0x12c .\CortexM3\ARM_GCC_541\Debug\Design02.a(ADC_DelSig_Ext_CP_Clk.o)
 .debug_loc     0x00001262       0x56 .\CortexM3\ARM_GCC_541\Debug\Design02.a(ADC_DelSig_IRQ.o)
 .debug_loc     0x000012b8      0x14d .\CortexM3\ARM_GCC_541\Debug\Design02.a(ADC_DelSig_theACLK.o)
 .debug_loc     0x00001405      0x128 .\CortexM3\ARM_GCC_541\Debug\Design02.a(UART_IntClock.o)
 .debug_loc     0x0000152d      0xb8e .\CortexM3\ARM_GCC_541\Debug\Design02.a(CyDmac.o)
 .debug_loc     0x000020bb      0xa11 .\CortexM3\ARM_GCC_541\Debug\Design02.a(CyLib.o)
 .debug_loc     0x00002acc      0x1e4 .\CortexM3\ARM_GCC_541\Debug\Design02.a(cyPm.o)
 .debug_loc     0x00002cb0       0x56 .\CortexM3\ARM_GCC_541\Debug\Design02.a(isr_TIMER.o)
 .debug_loc     0x00002d06       0x84 .\CortexM3\ARM_GCC_541\Debug\Design02.a(DMA_dma.o)
 .debug_loc     0x00002d8a      0x3b2 .\CortexM3\ARM_GCC_541\Debug\Design02.a(CyFlash.o)
 .debug_loc     0x0000313c      0x705 .\CortexM3\ARM_GCC_541\Debug\Design02.a(CySpc.o)

.debug_macinfo
 *(.debug_macinfo)

.debug_ranges   0x00000000      0xb40
 *(.debug_ranges)
 .debug_ranges  0x00000000       0x10 .\CortexM3\ARM_GCC_541\Debug\main.o
 .debug_ranges  0x00000010       0x10 .\CortexM3\ARM_GCC_541\Debug\InterruptRoutines.o
 .debug_ranges  0x00000020       0x10 .\CortexM3\ARM_GCC_541\Debug\DMA_Routines.o
 .debug_ranges  0x00000030       0x58 .\CortexM3\ARM_GCC_541\Debug\cyfitter_cfg.o
 .debug_ranges  0x00000088       0x38 .\CortexM3\ARM_GCC_541\Debug\Cm3Start.o
 .debug_ranges  0x000000c0       0x40 .\CortexM3\ARM_GCC_541\Debug\Design02.a(WaveDAC8.o)
 .debug_ranges  0x00000100       0xd8 .\CortexM3\ARM_GCC_541\Debug\Design02.a(ADC_DelSig.o)
 .debug_ranges  0x000001d8       0x28 .\CortexM3\ARM_GCC_541\Debug\Design02.a(ADC_DelSig_INT.o)
 .debug_ranges  0x00000200       0xe0 .\CortexM3\ARM_GCC_541\Debug\Design02.a(UART.o)
 .debug_ranges  0x000002e0       0x60 .\CortexM3\ARM_GCC_541\Debug\Design02.a(WaveDAC8_DacClk.o)
 .debug_ranges  0x00000340       0x18 .\CortexM3\ARM_GCC_541\Debug\Design02.a(WaveDAC8_Wave1_DMA_dma.o)
 .debug_ranges  0x00000358       0x18 .\CortexM3\ARM_GCC_541\Debug\Design02.a(WaveDAC8_Wave2_DMA_dma.o)
 .debug_ranges  0x00000370       0x48 .\CortexM3\ARM_GCC_541\Debug\Design02.a(WaveDAC8_VDAC8.o)
 .debug_ranges  0x000003b8       0x20 .\CortexM3\ARM_GCC_541\Debug\Design02.a(ADC_DelSig_AMux.o)
 .debug_ranges  0x000003d8       0x60 .\CortexM3\ARM_GCC_541\Debug\Design02.a(ADC_DelSig_Ext_CP_Clk.o)
 .debug_ranges  0x00000438       0x70 .\CortexM3\ARM_GCC_541\Debug\Design02.a(ADC_DelSig_IRQ.o)
 .debug_ranges  0x000004a8       0x70 .\CortexM3\ARM_GCC_541\Debug\Design02.a(ADC_DelSig_theACLK.o)
 .debug_ranges  0x00000518       0x60 .\CortexM3\ARM_GCC_541\Debug\Design02.a(UART_IntClock.o)
 .debug_ranges  0x00000578       0xc8 .\CortexM3\ARM_GCC_541\Debug\Design02.a(CyDmac.o)
 .debug_ranges  0x00000640      0x290 .\CortexM3\ARM_GCC_541\Debug\Design02.a(CyLib.o)
 .debug_ranges  0x000008d0       0x88 .\CortexM3\ARM_GCC_541\Debug\Design02.a(cyPm.o)
 .debug_ranges  0x00000958       0x70 .\CortexM3\ARM_GCC_541\Debug\Design02.a(isr_TIMER.o)
 .debug_ranges  0x000009c8       0x78 .\CortexM3\ARM_GCC_541\Debug\Design02.a(Timer.o)
 .debug_ranges  0x00000a40       0x18 .\CortexM3\ARM_GCC_541\Debug\Design02.a(DMA_dma.o)
 .debug_ranges  0x00000a58       0x78 .\CortexM3\ARM_GCC_541\Debug\Design02.a(CyFlash.o)
 .debug_ranges  0x00000ad0       0x70 .\CortexM3\ARM_GCC_541\Debug\Design02.a(CySpc.o)

.comment        0x00000000       0x6e
 .comment       0x00000000       0x6e .\CortexM3\ARM_GCC_541\Debug\main.o
                                 0x6f (size before relaxing)
 .comment       0x0000006e       0x6f .\CortexM3\ARM_GCC_541\Debug\InterruptRoutines.o
 .comment       0x0000006e       0x6f .\CortexM3\ARM_GCC_541\Debug\DMA_Routines.o
 .comment       0x0000006e       0x6f .\CortexM3\ARM_GCC_541\Debug\cyfitter_cfg.o
 .comment       0x0000006e       0x6f .\CortexM3\ARM_GCC_541\Debug\cymetadata.o
 .comment       0x0000006e       0x6f .\CortexM3\ARM_GCC_541\Debug\Cm3Start.o
 .comment       0x0000006e       0x6f .\CortexM3\ARM_GCC_541\Debug\Design02.a(WaveDAC8.o)
 .comment       0x0000006e       0x6f .\CortexM3\ARM_GCC_541\Debug\Design02.a(ADC_DelSig.o)
 .comment       0x0000006e       0x6f .\CortexM3\ARM_GCC_541\Debug\Design02.a(ADC_DelSig_INT.o)
 .comment       0x0000006e       0x6f .\CortexM3\ARM_GCC_541\Debug\Design02.a(UART.o)
 .comment       0x0000006e       0x6f .\CortexM3\ARM_GCC_541\Debug\Design02.a(WaveDAC8_DacClk.o)
 .comment       0x0000006e       0x6f .\CortexM3\ARM_GCC_541\Debug\Design02.a(WaveDAC8_Wave1_DMA_dma.o)
 .comment       0x0000006e       0x6f .\CortexM3\ARM_GCC_541\Debug\Design02.a(WaveDAC8_Wave2_DMA_dma.o)
 .comment       0x0000006e       0x6f .\CortexM3\ARM_GCC_541\Debug\Design02.a(WaveDAC8_VDAC8.o)
 .comment       0x0000006e       0x6f .\CortexM3\ARM_GCC_541\Debug\Design02.a(ADC_DelSig_AMux.o)
 .comment       0x0000006e       0x6f .\CortexM3\ARM_GCC_541\Debug\Design02.a(ADC_DelSig_Ext_CP_Clk.o)
 .comment       0x0000006e       0x6f .\CortexM3\ARM_GCC_541\Debug\Design02.a(ADC_DelSig_IRQ.o)
 .comment       0x0000006e       0x6f .\CortexM3\ARM_GCC_541\Debug\Design02.a(ADC_DelSig_theACLK.o)
 .comment       0x0000006e       0x6f .\CortexM3\ARM_GCC_541\Debug\Design02.a(UART_IntClock.o)
 .comment       0x0000006e       0x6f .\CortexM3\ARM_GCC_541\Debug\Design02.a(CyDmac.o)
 .comment       0x0000006e       0x6f .\CortexM3\ARM_GCC_541\Debug\Design02.a(CyLib.o)
 .comment       0x0000006e       0x6f .\CortexM3\ARM_GCC_541\Debug\Design02.a(cyPm.o)
 .comment       0x0000006e       0x6f .\CortexM3\ARM_GCC_541\Debug\Design02.a(isr_TIMER.o)
 .comment       0x0000006e       0x6f .\CortexM3\ARM_GCC_541\Debug\Design02.a(Timer.o)
 .comment       0x0000006e       0x6f .\CortexM3\ARM_GCC_541\Debug\Design02.a(DMA_dma.o)
 .comment       0x0000006e       0x6f .\CortexM3\ARM_GCC_541\Debug\Design02.a(CyFlash.o)
 .comment       0x0000006e       0x6f .\CortexM3\ARM_GCC_541\Debug\Design02.a(CySpc.o)

.debug_weaknames
 *(.debug_weaknames)

.debug_funcnames
 *(.debug_funcnames)

.debug_typenames
 *(.debug_typenames)

.debug_varnames
 *(.debug_varnames)

.note.gnu.arm.ident
 *(.note.gnu.arm.ident)

.ARM.attributes
                0x00000000       0x29
 *(.ARM.attributes)
 .ARM.attributes
                0x00000000       0x1d c:/program files (x86)/cypress/psoc creator/4.4/psoc creator/import/gnu/arm/5.4.1/bin/../lib/gcc/arm-none-eabi/5.4.1/armv7-m/crti.o
 .ARM.attributes
                0x0000001d       0x2d c:/program files (x86)/cypress/psoc creator/4.4/psoc creator/import/gnu/arm/5.4.1/bin/../lib/gcc/arm-none-eabi/5.4.1/armv7-m/crtbegin.o
 .ARM.attributes
                0x0000004a       0x1b c:/program files (x86)/cypress/psoc creator/4.4/psoc creator/import/gnu/arm/5.4.1/bin/../lib/gcc/arm-none-eabi/5.4.1/../../../../arm-none-eabi/lib/armv7-m/crt0.o
 .ARM.attributes
                0x00000065       0x33 .\CortexM3\ARM_GCC_541\Debug\main.o
 .ARM.attributes
                0x00000098       0x33 .\CortexM3\ARM_GCC_541\Debug\InterruptRoutines.o
 .ARM.attributes
                0x000000cb       0x33 .\CortexM3\ARM_GCC_541\Debug\DMA_Routines.o
 .ARM.attributes
                0x000000fe       0x33 .\CortexM3\ARM_GCC_541\Debug\cyfitter_cfg.o
 .ARM.attributes
                0x00000131       0x33 .\CortexM3\ARM_GCC_541\Debug\cymetadata.o
 .ARM.attributes
                0x00000164       0x33 .\CortexM3\ARM_GCC_541\Debug\Cm3Start.o
 .ARM.attributes
                0x00000197       0x33 .\CortexM3\ARM_GCC_541\Debug\Design02.a(WaveDAC8.o)
 .ARM.attributes
                0x000001ca       0x33 .\CortexM3\ARM_GCC_541\Debug\Design02.a(ADC_DelSig.o)
 .ARM.attributes
                0x000001fd       0x33 .\CortexM3\ARM_GCC_541\Debug\Design02.a(ADC_DelSig_INT.o)
 .ARM.attributes
                0x00000230       0x33 .\CortexM3\ARM_GCC_541\Debug\Design02.a(UART.o)
 .ARM.attributes
                0x00000263       0x33 .\CortexM3\ARM_GCC_541\Debug\Design02.a(WaveDAC8_DacClk.o)
 .ARM.attributes
                0x00000296       0x33 .\CortexM3\ARM_GCC_541\Debug\Design02.a(WaveDAC8_Wave1_DMA_dma.o)
 .ARM.attributes
                0x000002c9       0x33 .\CortexM3\ARM_GCC_541\Debug\Design02.a(WaveDAC8_Wave2_DMA_dma.o)
 .ARM.attributes
                0x000002fc       0x33 .\CortexM3\ARM_GCC_541\Debug\Design02.a(WaveDAC8_VDAC8.o)
 .ARM.attributes
                0x0000032f       0x33 .\CortexM3\ARM_GCC_541\Debug\Design02.a(ADC_DelSig_AMux.o)
 .ARM.attributes
                0x00000362       0x33 .\CortexM3\ARM_GCC_541\Debug\Design02.a(ADC_DelSig_Ext_CP_Clk.o)
 .ARM.attributes
                0x00000395       0x33 .\CortexM3\ARM_GCC_541\Debug\Design02.a(ADC_DelSig_IRQ.o)
 .ARM.attributes
                0x000003c8       0x33 .\CortexM3\ARM_GCC_541\Debug\Design02.a(ADC_DelSig_theACLK.o)
 .ARM.attributes
                0x000003fb       0x33 .\CortexM3\ARM_GCC_541\Debug\Design02.a(UART_IntClock.o)
 .ARM.attributes
                0x0000042e       0x33 .\CortexM3\ARM_GCC_541\Debug\Design02.a(CyDmac.o)
 .ARM.attributes
                0x00000461       0x33 .\CortexM3\ARM_GCC_541\Debug\Design02.a(CyLib.o)
 .ARM.attributes
                0x00000494       0x33 .\CortexM3\ARM_GCC_541\Debug\Design02.a(cyPm.o)
 .ARM.attributes
                0x000004c7       0x33 .\CortexM3\ARM_GCC_541\Debug\Design02.a(isr_TIMER.o)
 .ARM.attributes
                0x000004fa       0x33 .\CortexM3\ARM_GCC_541\Debug\Design02.a(Timer.o)
 .ARM.attributes
                0x0000052d       0x33 .\CortexM3\ARM_GCC_541\Debug\Design02.a(DMA_dma.o)
 .ARM.attributes
                0x00000560       0x21 .\CortexM3\ARM_GCC_541\Debug\Design02.a(CyBootAsmGnu.o)
 .ARM.attributes
                0x00000581       0x33 .\CortexM3\ARM_GCC_541\Debug\Design02.a(CyFlash.o)
 .ARM.attributes
                0x000005b4       0x33 .\CortexM3\ARM_GCC_541\Debug\Design02.a(CySpc.o)
 .ARM.attributes
                0x000005e7       0x1d c:/program files (x86)/cypress/psoc creator/4.4/psoc creator/import/gnu/arm/5.4.1/bin/../lib/gcc/arm-none-eabi/5.4.1/armv7-m\libgcc.a(_arm_addsubdf3.o)
 .ARM.attributes
                0x00000604       0x1d c:/program files (x86)/cypress/psoc creator/4.4/psoc creator/import/gnu/arm/5.4.1/bin/../lib/gcc/arm-none-eabi/5.4.1/armv7-m\libgcc.a(_arm_cmpdf2.o)
 .ARM.attributes
                0x00000621       0x1d c:/program files (x86)/cypress/psoc creator/4.4/psoc creator/import/gnu/arm/5.4.1/bin/../lib/gcc/arm-none-eabi/5.4.1/armv7-m\libgcc.a(_arm_addsubsf3.o)
 .ARM.attributes
                0x0000063e       0x1d c:/program files (x86)/cypress/psoc creator/4.4/psoc creator/import/gnu/arm/5.4.1/bin/../lib/gcc/arm-none-eabi/5.4.1/armv7-m\libgcc.a(_arm_muldivsf3.o)
 .ARM.attributes
                0x0000065b       0x1d c:/program files (x86)/cypress/psoc creator/4.4/psoc creator/import/gnu/arm/5.4.1/bin/../lib/gcc/arm-none-eabi/5.4.1/armv7-m\libgcc.a(_arm_fixunssfsi.o)
 .ARM.attributes
                0x00000678       0x2d c:/program files (x86)/cypress/psoc creator/4.4/psoc creator/import/gnu/arm/5.4.1/bin/../lib/gcc/arm-none-eabi/5.4.1/../../../../arm-none-eabi/lib/armv7-m\libg_nano.a(lib_a-errno.o)
 .ARM.attributes
                0x000006a5       0x2d c:/program files (x86)/cypress/psoc creator/4.4/psoc creator/import/gnu/arm/5.4.1/bin/../lib/gcc/arm-none-eabi/5.4.1/../../../../arm-none-eabi/lib/armv7-m\libg_nano.a(lib_a-exit.o)
 .ARM.attributes
                0x000006d2       0x2d c:/program files (x86)/cypress/psoc creator/4.4/psoc creator/import/gnu/arm/5.4.1/bin/../lib/gcc/arm-none-eabi/5.4.1/../../../../arm-none-eabi/lib/armv7-m\libg_nano.a(lib_a-impure.o)
 .ARM.attributes
                0x000006ff       0x2d c:/program files (x86)/cypress/psoc creator/4.4/psoc creator/import/gnu/arm/5.4.1/bin/../lib/gcc/arm-none-eabi/5.4.1/../../../../arm-none-eabi/lib/armv7-m\libg_nano.a(lib_a-init.o)
 .ARM.attributes
                0x0000072c       0x2d c:/program files (x86)/cypress/psoc creator/4.4/psoc creator/import/gnu/arm/5.4.1/bin/../lib/gcc/arm-none-eabi/5.4.1/../../../../arm-none-eabi/lib/armv7-m\libg_nano.a(lib_a-memcpy-stub.o)
 .ARM.attributes
                0x00000759       0x2d c:/program files (x86)/cypress/psoc creator/4.4/psoc creator/import/gnu/arm/5.4.1/bin/../lib/gcc/arm-none-eabi/5.4.1/../../../../arm-none-eabi/lib/armv7-m\libg_nano.a(lib_a-memset.o)
 .ARM.attributes
                0x00000786       0x2d c:/program files (x86)/cypress/psoc creator/4.4/psoc creator/import/gnu/arm/5.4.1/bin/../lib/gcc/arm-none-eabi/5.4.1/armv7-m/crtend.o
 .ARM.attributes
                0x000007b3       0x1d c:/program files (x86)/cypress/psoc creator/4.4/psoc creator/import/gnu/arm/5.4.1/bin/../lib/gcc/arm-none-eabi/5.4.1/armv7-m/crtn.o

/DISCARD/
 *(.note.GNU-stack)
OUTPUT(C:\Users\cante\Desktop\INGEGNERIA BIOMEDICA\V ANNO\LAB ELETTRONICA\PSoC\Progetti DMA\Workspace01\Design02.cydsn\CortexM3\ARM_GCC_541\Debug\Design02.elf elf32-littlearm)
