Archive member included to satisfy reference by file (symbol)

.\CortexM3\ARM_GCC_541\Debug\Project2.a(UART.o)
                              .\CortexM3\ARM_GCC_541\Debug\main.o (UART_Start)
.\CortexM3\ARM_GCC_541\Debug\Project2.a(UART_IntClock.o)
                              .\CortexM3\ARM_GCC_541\Debug\Project2.a(UART.o) (UART_IntClock_Start)
.\CortexM3\ARM_GCC_541\Debug\Project2.a(CyLib.o)
                              .\CortexM3\ARM_GCC_541\Debug\Cm3Start.o (CyHalt)
.\CortexM3\ARM_GCC_541\Debug\Project2.a(cyPm.o)
                              .\CortexM3\ARM_GCC_541\Debug\Project2.a(CyLib.o) (CyPmReadStatus)
.\CortexM3\ARM_GCC_541\Debug\Project2.a(ADC_DelSig.o)
                              .\CortexM3\ARM_GCC_541\Debug\main.o (ADC_DelSig_Start)
.\CortexM3\ARM_GCC_541\Debug\Project2.a(ADC_DelSig_INT.o)
                              .\CortexM3\ARM_GCC_541\Debug\Project2.a(ADC_DelSig.o) (ADC_DelSig_ISR1)
.\CortexM3\ARM_GCC_541\Debug\Project2.a(Timer.o)
                              .\CortexM3\ARM_GCC_541\Debug\InterruptRoutines.o (Timer_ReadStatusRegister)
.\CortexM3\ARM_GCC_541\Debug\Project2.a(isr_ADC.o)
                              .\CortexM3\ARM_GCC_541\Debug\main.o (isr_ADC_StartEx)
.\CortexM3\ARM_GCC_541\Debug\Project2.a(ADC_DelSig_AMux.o)
                              .\CortexM3\ARM_GCC_541\Debug\Project2.a(ADC_DelSig.o) (ADC_DelSig_AMux_Select)
.\CortexM3\ARM_GCC_541\Debug\Project2.a(ADC_DelSig_Ext_CP_Clk.o)
                              .\CortexM3\ARM_GCC_541\Debug\Project2.a(ADC_DelSig.o) (ADC_DelSig_Ext_CP_Clk_SetModeRegister)
.\CortexM3\ARM_GCC_541\Debug\Project2.a(ADC_DelSig_theACLK.o)
                              .\CortexM3\ARM_GCC_541\Debug\Project2.a(ADC_DelSig.o) (ADC_DelSig_theACLK_SetModeRegister)
.\CortexM3\ARM_GCC_541\Debug\Project2.a(CyBootAsmGnu.o)
                              .\CortexM3\ARM_GCC_541\Debug\cyfitter_cfg.o (CyDelayCycles)
.\CortexM3\ARM_GCC_541\Debug\Project2.a(CyFlash.o)
                              .\CortexM3\ARM_GCC_541\Debug\Project2.a(cyPm.o) (CyFlash_SetWaitCycles)
.\CortexM3\ARM_GCC_541\Debug\Project2.a(CySpc.o)
                              .\CortexM3\ARM_GCC_541\Debug\Project2.a(CyFlash.o) (CySpcStart)
c:/program files (x86)/cypress/psoc creator/4.4/psoc creator/import/gnu/arm/5.4.1/bin/../lib/gcc/arm-none-eabi/5.4.1/armv7-m\libgcc.a(_arm_addsubdf3.o)
                              .\CortexM3\ARM_GCC_541\Debug\Project2.a(ADC_DelSig.o) (__aeabi_f2d)
c:/program files (x86)/cypress/psoc creator/4.4/psoc creator/import/gnu/arm/5.4.1/bin/../lib/gcc/arm-none-eabi/5.4.1/armv7-m\libgcc.a(_arm_cmpdf2.o)
                              .\CortexM3\ARM_GCC_541\Debug\Project2.a(ADC_DelSig.o) (__aeabi_dcmpgt)
c:/program files (x86)/cypress/psoc creator/4.4/psoc creator/import/gnu/arm/5.4.1/bin/../lib/gcc/arm-none-eabi/5.4.1/armv7-m\libgcc.a(_arm_addsubsf3.o)
                              .\CortexM3\ARM_GCC_541\Debug\Project2.a(ADC_DelSig.o) (__aeabi_ui2f)
c:/program files (x86)/cypress/psoc creator/4.4/psoc creator/import/gnu/arm/5.4.1/bin/../lib/gcc/arm-none-eabi/5.4.1/armv7-m\libgcc.a(_arm_muldivsf3.o)
                              .\CortexM3\ARM_GCC_541\Debug\Project2.a(ADC_DelSig.o) (__aeabi_fmul)
c:/program files (x86)/cypress/psoc creator/4.4/psoc creator/import/gnu/arm/5.4.1/bin/../lib/gcc/arm-none-eabi/5.4.1/armv7-m\libgcc.a(_arm_fixunssfsi.o)
                              .\CortexM3\ARM_GCC_541\Debug\Project2.a(ADC_DelSig.o) (__aeabi_f2uiz)
c:/program files (x86)/cypress/psoc creator/4.4/psoc creator/import/gnu/arm/5.4.1/bin/../lib/gcc/arm-none-eabi/5.4.1/../../../../arm-none-eabi/lib/armv7-m\libg_nano.a(lib_a-errno.o)
                              .\CortexM3\ARM_GCC_541\Debug\Cm3Start.o (__errno)
c:/program files (x86)/cypress/psoc creator/4.4/psoc creator/import/gnu/arm/5.4.1/bin/../lib/gcc/arm-none-eabi/5.4.1/../../../../arm-none-eabi/lib/armv7-m\libg_nano.a(lib_a-exit.o)
                              c:/program files (x86)/cypress/psoc creator/4.4/psoc creator/import/gnu/arm/5.4.1/bin/../lib/gcc/arm-none-eabi/5.4.1/../../../../arm-none-eabi/lib/armv7-m/crt0.o (exit)
c:/program files (x86)/cypress/psoc creator/4.4/psoc creator/import/gnu/arm/5.4.1/bin/../lib/gcc/arm-none-eabi/5.4.1/../../../../arm-none-eabi/lib/armv7-m\libg_nano.a(lib_a-impure.o)
                              c:/program files (x86)/cypress/psoc creator/4.4/psoc creator/import/gnu/arm/5.4.1/bin/../lib/gcc/arm-none-eabi/5.4.1/../../../../arm-none-eabi/lib/armv7-m\libg_nano.a(lib_a-exit.o) (_global_impure_ptr)
c:/program files (x86)/cypress/psoc creator/4.4/psoc creator/import/gnu/arm/5.4.1/bin/../lib/gcc/arm-none-eabi/5.4.1/../../../../arm-none-eabi/lib/armv7-m\libg_nano.a(lib_a-init.o)
                              c:/program files (x86)/cypress/psoc creator/4.4/psoc creator/import/gnu/arm/5.4.1/bin/../lib/gcc/arm-none-eabi/5.4.1/../../../../arm-none-eabi/lib/armv7-m/crt0.o (__libc_init_array)
[...]
Memory Configuration

Name             Origin             Length             Attributes
rom              0x00000000         0x00040000         xr
ram              0x1fff8000         0x00010000         xrw
*default*        0x00000000         0xffffffff

Linker script and memory map

LOAD c:/program files (x86)/cypress/psoc creator/4.4/psoc creator/import/gnu/arm/5.4.1/bin/../lib/gcc/arm-none-eabi/5.4.1/armv7-m/crti.o
LOAD c:/program files (x86)/cypress/psoc creator/4.4/psoc creator/import/gnu/arm/5.4.1/bin/../lib/gcc/arm-none-eabi/5.4.1/armv7-m/crtbegin.o
LOAD c:/program files (x86)/cypress/psoc creator/4.4/psoc creator/import/gnu/arm/5.4.1/bin/../lib/gcc/arm-none-eabi/5.4.1/../../../../arm-none-eabi/lib/armv7-m/crt0.o
START GROUP
LOAD .\CortexM3\ARM_GCC_541\Debug\main.o
LOAD .\CortexM3\ARM_GCC_541\Debug\InterruptRoutines.o
LOAD .\CortexM3\ARM_GCC_541\Debug\cyfitter_cfg.o
LOAD .\CortexM3\ARM_GCC_541\Debug\cymetadata.o
LOAD .\CortexM3\ARM_GCC_541\Debug\Cm3Start.o
LOAD .\CortexM3\ARM_GCC_541\Debug\Project2.a
LOAD C:\Program Files (x86)\Cypress\PSoC Creator\4.4\PSoC Creator\psoc\content\cycomponentlibrary\CyComponentLibrary.cylib\CortexM3\ARM_GCC_541\Debug\CyComponentLibrary.a
END GROUP
START GROUP
LOAD c:/program files (x86)/cypress/psoc creator/4.4/psoc creator/import/gnu/arm/5.4.1/bin/../lib/gcc/arm-none-eabi/5.4.1/armv7-m\libgcc.a
LOAD c:/program files (x86)/cypress/psoc creator/4.4/psoc creator/import/gnu/arm/5.4.1/bin/../lib/gcc/arm-none-eabi/5.4.1/../../../../arm-none-eabi/lib/armv7-m\libg_nano.a
LOAD c:/program files (x86)/cypress/psoc creator/4.4/psoc creator/import/gnu/arm/5.4.1/bin/../lib/gcc/arm-none-eabi/5.4.1/../../../../arm-none-eabi/lib/armv7-m\libc_nano.a
END GROUP
START GROUP
LOAD c:/program files (x86)/cypress/psoc creator/4.4/psoc creator/import/gnu/arm/5.4.1/bin/../lib/gcc/arm-none-eabi/5.4.1/armv7-m\libgcc.a
LOAD c:/program files (x86)/cypress/psoc creator/4.4/psoc creator/import/gnu/arm/5.4.1/bin/../lib/gcc/arm-none-eabi/5.4.1/../../../../arm-none-eabi/lib/armv7-m\libc_nano.a
END GROUP
LOAD c:/program files (x86)/cypress/psoc creator/4.4/psoc creator/import/gnu/arm/5.4.1/bin/../lib/gcc/arm-none-eabi/5.4.1/armv7-m/crtend.o
LOAD c:/program files (x86)/cypress/psoc creator/4.4/psoc creator/import/gnu/arm/5.4.1/bin/../lib/gcc/arm-none-eabi/5.4.1/armv7-m/crtn.o
START GROUP
LOAD c:/program files (x86)/cypress/psoc creator/4.4/psoc creator/import/gnu/arm/5.4.1/bin/../lib/gcc/arm-none-eabi/5.4.1/armv7-m\libgcc.a
LOAD c:/program files (x86)/cypress/psoc creator/4.4/psoc creator/import/gnu/arm/5.4.1/bin/../lib/gcc/arm-none-eabi/5.4.1/../../../../arm-none-eabi/lib/armv7-m\libc.a
LOAD c:/program files (x86)/cypress/psoc creator/4.4/psoc creator/import/gnu/arm/5.4.1/bin/../lib/gcc/arm-none-eabi/5.4.1/../../../../arm-none-eabi/lib/armv7-m\libnosys.a
END GROUP
                0x00000000                CY_APPL_ORIGIN = 0x0
                0x00000100                CY_FLASH_ROW_SIZE = 0x100
                0x00000020                CY_ECC_ROW_SIZE = 0x20
                0x00000000                CY_EE_IN_BTLDR = 0x0
                0x00000000                CY_APPL_LOADABLE = 0x0
                0x00000800                CY_EE_SIZE = 0x800
                0x00000001                CY_APPL_NUM = 0x1
                0x00000001                CY_APPL_MAX = 0x1
                0x00000040                CY_METADATA_SIZE = 0x40
                0x00000000                CY_APPL_LOADABLE = 0x0
                0x00000000                CY_CHECKSUM_EXCLUDE_SIZE = ALIGN (0x0, CY_FLASH_ROW_SIZE)
                [!provide]                PROVIDE (__cy_heap_start, _end)
                0x00000001                PROVIDE (__cy_region_num, ((__cy_regions_end - __cy_regions) / 0x10))
                0x20008000                PROVIDE (__cy_stack, (ORIGIN (ram) + LENGTH (ram)))
                [!provide]                PROVIDE (__cy_heap_end, (__cy_stack - 0x800))

.cybootloader   0x00000000        0x0
 *(.cybootloader)
                0x00000000                appl1_start = CY_APPL_ORIGIN?CY_APPL_ORIGIN:ALIGN (CY_FLASH_ROW_SIZE)
                0x0001ff00                appl2_start = (appl1_start + ALIGN ((((LENGTH (rom) - appl1_start) - (0x2 * CY_FLASH_ROW_SIZE)) / 0x2), CY_FLASH_ROW_SIZE))
                0x00000000                appl_start = (CY_APPL_NUM == 0x1)?appl1_start:appl2_start
                0x00000000                ecc_offset = ((appl_start / CY_FLASH_ROW_SIZE) * CY_ECC_ROW_SIZE)
                0x00000000                ee_offset = (CY_APPL_LOADABLE && ! (CY_EE_IN_BTLDR))?((CY_EE_SIZE / CY_APPL_MAX) * (CY_APPL_NUM - 0x1)):0x0
                0x00000800                ee_size = (CY_APPL_LOADABLE && ! (CY_EE_IN_BTLDR))?(CY_EE_SIZE / CY_APPL_MAX):CY_EE_SIZE
                [!provide]                PROVIDE (CY_ECC_OFFSET, ecc_offset)

.text           0x00000000     0x1778
 CREATE_OBJECT_SYMBOLS
                0x00000000                PROVIDE (__cy_interrupt_vector, RomVectors)
 *(.romvectors)
 .romvectors    0x00000000       0x10 .\CortexM3\ARM_GCC_541\Debug\Cm3Start.o
                0x00000000                RomVectors
                0x00000001                ASSERT ((. != __cy_interrupt_vector), No interrupt vector)
                0x00000001                ASSERT (CY_APPL_ORIGIN?(SIZEOF (.cybootloader) <= CY_APPL_ORIGIN):0x1, Wrong image location)
                0x00000010                PROVIDE (__cy_reset, Reset)
 *(.text.Reset)
 .text.Reset    0x00000010       0x18 .\CortexM3\ARM_GCC_541\Debug\Cm3Start.o
                0x00000010                Reset
                0x00000001                ASSERT ((. != __cy_reset), No reset code)
 *(.dma_init)
                0x00000001                ASSERT ((((appl_start + .) <= 0x10000) || 0x1), DMA Init must be within the first 64k of flash)
 *(.text .text.* .gnu.linkonce.t.*)
 .text          0x00000028       0x5c c:/program files (x86)/cypress/psoc creator/4.4/psoc creator/import/gnu/arm/5.4.1/bin/../lib/gcc/arm-none-eabi/5.4.1/armv7-m/crtbegin.o
 .text.main     0x00000084       0x44 .\CortexM3\ARM_GCC_541\Debug\main.o
                0x00000084                main
 .text.Custom_ISR_ADC
                0x000000c8       0x5c .\CortexM3\ARM_GCC_541\Debug\InterruptRoutines.o
                0x000000c8                Custom_ISR_ADC
 .text.CyClockStartupError
                0x00000124        0x4 .\CortexM3\ARM_GCC_541\Debug\cyfitter_cfg.o
 .text.cfg_write_bytes32
                0x00000128       0x34 .\CortexM3\ARM_GCC_541\Debug\cyfitter_cfg.o
 .text.AnalogSetDefault
                0x0000015c       0x38 .\CortexM3\ARM_GCC_541\Debug\cyfitter_cfg.o
 .text.CYMEMZERO
                0x00000194        0xc .\CortexM3\ARM_GCC_541\Debug\cyfitter_cfg.o
 .text.CYCONFIGCPY
                0x000001a0        0x8 .\CortexM3\ARM_GCC_541\Debug\cyfitter_cfg.o
 .text.ClockSetup
                0x000001a8      0x100 .\CortexM3\ARM_GCC_541\Debug\cyfitter_cfg.o
 .text.ADC_DelSig_AMux_Set
                0x000002a8       0x1c .\CortexM3\ARM_GCC_541\Debug\cyfitter_cfg.o
                0x000002a8                ADC_DelSig_AMux_Set
 .text.ADC_DelSig_AMux_Unset
                0x000002c4       0x1c .\CortexM3\ARM_GCC_541\Debug\cyfitter_cfg.o
                0x000002c4                ADC_DelSig_AMux_Unset
 .text.cyfitter_cfg
                0x000002e0      0x128 .\CortexM3\ARM_GCC_541\Debug\cyfitter_cfg.o
                0x000002e0                cyfitter_cfg
 .text.IntDefaultHandler
                0x00000408       0x10 .\CortexM3\ARM_GCC_541\Debug\Cm3Start.o
                0x00000408                IntDefaultHandler
 .text._sbrk    0x00000418       0x30 .\CortexM3\ARM_GCC_541\Debug\Cm3Start.o
                0x00000418                _sbrk
 .text.Start_c  0x00000448       0x4c .\CortexM3\ARM_GCC_541\Debug\Cm3Start.o
                0x00000448                Start_c
 .text.initialize_psoc
                0x00000494       0x68 .\CortexM3\ARM_GCC_541\Debug\Cm3Start.o
                0x00000494                initialize_psoc
 .text.UART_Init
                0x000004fc       0x24 .\CortexM3\ARM_GCC_541\Debug\Project2.a(UART.o)
                0x000004fc                UART_Init
 .text.UART_Enable
                0x00000520       0x38 .\CortexM3\ARM_GCC_541\Debug\Project2.a(UART.o)
                0x00000520                UART_Enable
 .text.UART_Start
                0x00000558       0x1c .\CortexM3\ARM_GCC_541\Debug\Project2.a(UART.o)
                0x00000558                UART_Start
 .text.UART_PutChar
                0x00000574       0x18 .\CortexM3\ARM_GCC_541\Debug\Project2.a(UART.o)
                0x00000574                UART_PutChar
 .text.UART_PutString
                0x0000058c       0x24 .\CortexM3\ARM_GCC_541\Debug\Project2.a(UART.o)
                0x0000058c                UART_PutString
 .text.UART_IntClock_Start
                0x000005b0       0x1c .\CortexM3\ARM_GCC_541\Debug\Project2.a(UART_IntClock.o)
                0x000005b0                UART_IntClock_Start
 .text.CyHalt   0x000005cc        0x4 .\CortexM3\ARM_GCC_541\Debug\Project2.a(CyLib.o)
                0x000005cc                CyHalt
 .text.CyDelayUs
                0x000005d0       0x14 .\CortexM3\ARM_GCC_541\Debug\Project2.a(CyLib.o)
                0x000005d0                CyDelayUs
 .text.CyIntSetVector
                0x000005e4       0x28 .\CortexM3\ARM_GCC_541\Debug\Project2.a(CyLib.o)
                0x000005e4                CyIntSetVector
 .text.CyIntSetPriority
                0x0000060c       0x30 .\CortexM3\ARM_GCC_541\Debug\Project2.a(CyLib.o)
                0x0000060c                CyIntSetPriority
 .text.ADC_DelSig_GainCompensation
                0x0000063c       0xdc .\CortexM3\ARM_GCC_541\Debug\Project2.a(ADC_DelSig.o)
 .text.ADC_DelSig_SetDSMRef0Reg
                0x00000718       0x4c .\CortexM3\ARM_GCC_541\Debug\Project2.a(ADC_DelSig.o)
 .text.ADC_DelSig_InitConfig
                0x00000764       0xe0 .\CortexM3\ARM_GCC_541\Debug\Project2.a(ADC_DelSig.o)
 .text.ADC_DelSig_Init
                0x00000844       0xc4 .\CortexM3\ARM_GCC_541\Debug\Project2.a(ADC_DelSig.o)
                0x00000844                ADC_DelSig_Init
 .text.ADC_DelSig_Enable
                0x00000908       0xd8 .\CortexM3\ARM_GCC_541\Debug\Project2.a(ADC_DelSig.o)
                0x00000908                ADC_DelSig_Enable
 .text.ADC_DelSig_Start
                0x000009e0       0x28 .\CortexM3\ARM_GCC_541\Debug\Project2.a(ADC_DelSig.o)
                0x000009e0                ADC_DelSig_Start
 .text.ADC_DelSig_StartConvert
                0x00000a08       0x10 .\CortexM3\ARM_GCC_541\Debug\Project2.a(ADC_DelSig.o)
                0x00000a08                ADC_DelSig_StartConvert
 .text.ADC_DelSig_StopConvert
                0x00000a18       0x10 .\CortexM3\ARM_GCC_541\Debug\Project2.a(ADC_DelSig.o)
                0x00000a18                ADC_DelSig_StopConvert
 .text.ADC_DelSig_IsEndConversion
                0x00000a28       0x30 .\CortexM3\ARM_GCC_541\Debug\Project2.a(ADC_DelSig.o)
                0x00000a28                ADC_DelSig_IsEndConversion
 .text.ADC_DelSig_GetResult32
                0x00000a58       0x6c .\CortexM3\ARM_GCC_541\Debug\Project2.a(ADC_DelSig.o)
                0x00000a58                ADC_DelSig_GetResult32
 .text.ADC_DelSig_CountsTo_mVolts
                0x00000ac4       0x24 .\CortexM3\ARM_GCC_541\Debug\Project2.a(ADC_DelSig.o)
                0x00000ac4                ADC_DelSig_CountsTo_mVolts
 .text.ADC_DelSig_Read32
                0x00000ae8       0x28 .\CortexM3\ARM_GCC_541\Debug\Project2.a(ADC_DelSig.o)
                0x00000ae8                ADC_DelSig_Read32
 .text.ADC_DelSig_ISR1
                0x00000b10        0x4 .\CortexM3\ARM_GCC_541\Debug\Project2.a(ADC_DelSig_INT.o)
                0x00000b10                ADC_DelSig_ISR1
 .text.Timer_Enable
                0x00000b14       0x28 .\CortexM3\ARM_GCC_541\Debug\Project2.a(Timer.o)
                0x00000b14                Timer_Enable
 .text.Timer_SetInterruptMode
                0x00000b3c        0xc .\CortexM3\ARM_GCC_541\Debug\Project2.a(Timer.o)
                0x00000b3c                Timer_SetInterruptMode
 .text.Timer_ReadStatusRegister
                0x00000b48        0xc .\CortexM3\ARM_GCC_541\Debug\Project2.a(Timer.o)
                0x00000b48                Timer_ReadStatusRegister
 .text.Timer_WritePeriod
                0x00000b54        0xc .\CortexM3\ARM_GCC_541\Debug\Project2.a(Timer.o)
                0x00000b54                Timer_WritePeriod
 .text.Timer_WriteCounter
                0x00000b60        0xc .\CortexM3\ARM_GCC_541\Debug\Project2.a(Timer.o)
                0x00000b60                Timer_WriteCounter
 .text.Timer_Init
                0x00000b6c       0x64 .\CortexM3\ARM_GCC_541\Debug\Project2.a(Timer.o)
                0x00000b6c                Timer_Init
 .text.Timer_Start
                0x00000bd0       0x1c .\CortexM3\ARM_GCC_541\Debug\Project2.a(Timer.o)
                0x00000bd0                Timer_Start
 .text.isr_ADC_SetVector
                0x00000bec       0x10 .\CortexM3\ARM_GCC_541\Debug\Project2.a(isr_ADC.o)
                0x00000bec                isr_ADC_SetVector
 .text.isr_ADC_SetPriority
                0x00000bfc       0x10 .\CortexM3\ARM_GCC_541\Debug\Project2.a(isr_ADC.o)
                0x00000bfc                isr_ADC_SetPriority
 .text.isr_ADC_Enable
                0x00000c0c       0x10 .\CortexM3\ARM_GCC_541\Debug\Project2.a(isr_ADC.o)
                0x00000c0c                isr_ADC_Enable
 .text.isr_ADC_Disable
                0x00000c1c       0x10 .\CortexM3\ARM_GCC_541\Debug\Project2.a(isr_ADC.o)
                0x00000c1c                isr_ADC_Disable
 .text.isr_ADC_StartEx
                0x00000c2c       0x1c .\CortexM3\ARM_GCC_541\Debug\Project2.a(isr_ADC.o)
                0x00000c2c                isr_ADC_StartEx
 .text.ADC_DelSig_AMux_Start
                0x00000c48       0x20 .\CortexM3\ARM_GCC_541\Debug\Project2.a(ADC_DelSig_AMux.o)
                0x00000c48                ADC_DelSig_AMux_Start
 .text.ADC_DelSig_AMux_Select
                0x00000c68       0x18 .\CortexM3\ARM_GCC_541\Debug\Project2.a(ADC_DelSig_AMux.o)
                0x00000c68                ADC_DelSig_AMux_Select
 .text.ADC_DelSig_Ext_CP_Clk_GetDividerRegister
                0x00000c80        0xc .\CortexM3\ARM_GCC_541\Debug\Project2.a(ADC_DelSig_Ext_CP_Clk.o)
                0x00000c80                ADC_DelSig_Ext_CP_Clk_GetDividerRegister
 .text.ADC_DelSig_Ext_CP_Clk_SetModeRegister
                0x00000c8c       0x14 .\CortexM3\ARM_GCC_541\Debug\Project2.a(ADC_DelSig_Ext_CP_Clk.o)
                0x00000c8c                ADC_DelSig_Ext_CP_Clk_SetModeRegister
 .text.ADC_DelSig_Ext_CP_Clk_GetSourceRegister
                0x00000ca0       0x10 .\CortexM3\ARM_GCC_541\Debug\Project2.a(ADC_DelSig_Ext_CP_Clk.o)
                0x00000ca0                ADC_DelSig_Ext_CP_Clk_GetSourceRegister
 .text.ADC_DelSig_Ext_CP_Clk_SetDividerRegister
                0x00000cb0       0xd8 .\CortexM3\ARM_GCC_541\Debug\Project2.a(ADC_DelSig_Ext_CP_Clk.o)
                0x00000cb0                ADC_DelSig_Ext_CP_Clk_SetDividerRegister
 .text.ADC_DelSig_theACLK_GetDividerRegister
                0x00000d88        0xc .\CortexM3\ARM_GCC_541\Debug\Project2.a(ADC_DelSig_theACLK.o)
                0x00000d88                ADC_DelSig_theACLK_GetDividerRegister
 .text.ADC_DelSig_theACLK_SetModeRegister
                0x00000d94       0x14 .\CortexM3\ARM_GCC_541\Debug\Project2.a(ADC_DelSig_theACLK.o)
                0x00000d94                ADC_DelSig_theACLK_SetModeRegister
 .text.ADC_DelSig_theACLK_GetSourceRegister
                0x00000da8       0x10 .\CortexM3\ARM_GCC_541\Debug\Project2.a(ADC_DelSig_theACLK.o)
                0x00000da8                ADC_DelSig_theACLK_GetSourceRegister
 .text.ADC_DelSig_theACLK_SetDividerRegister
                0x00000db8       0xd8 .\CortexM3\ARM_GCC_541\Debug\Project2.a(ADC_DelSig_theACLK.o)
                0x00000db8                ADC_DelSig_theACLK_SetDividerRegister
 .text          0x00000e90       0x20 .\CortexM3\ARM_GCC_541\Debug\Project2.a(CyBootAsmGnu.o)
                0x00000e90                CyDelayCycles
                0x00000ea0                CyEnterCriticalSection
                0x00000ea8                CyExitCriticalSection
 .text.__errno  0x00000eb0        0xc c:/program files (x86)/cypress/psoc creator/4.4/psoc creator/import/gnu/arm/5.4.1/bin/../lib/gcc/arm-none-eabi/5.4.1/../../../../arm-none-eabi/lib/armv7-m\libg_nano.a(lib_a-errno.o)
                0x00000eb0                __errno
 .text.__libc_init_array
                0x00000ebc       0x4c c:/program files (x86)/cypress/psoc creator/4.4/psoc creator/import/gnu/arm/5.4.1/bin/../lib/gcc/arm-none-eabi/5.4.1/../../../../arm-none-eabi/lib/armv7-m\libg_nano.a(lib_a-init.o)
                0x00000ebc                __libc_init_array
 .text.memcpy   0x00000f08       0x16 c:/program files (x86)/cypress/psoc creator/4.4/psoc creator/import/gnu/arm/5.4.1/bin/../lib/gcc/arm-none-eabi/5.4.1/../../../../arm-none-eabi/lib/armv7-m\libg_nano.a(lib_a-memcpy-stub.o)
                0x00000f08                memcpy
 .text.memset   0x00000f1e       0x10 c:/program files (x86)/cypress/psoc creator/4.4/psoc creator/import/gnu/arm/5.4.1/bin/../lib/gcc/arm-none-eabi/5.4.1/../../../../arm-none-eabi/lib/armv7-m\libg_nano.a(lib_a-memset.o)
                0x00000f1e                memset
 *fill*         0x00000f2e        0x2 
 .text.sprintf  0x00000f30       0x48 c:/program files (x86)/cypress/psoc creator/4.4/psoc creator/import/gnu/arm/5.4.1/bin/../lib/gcc/arm-none-eabi/5.4.1/../../../../arm-none-eabi/lib/armv7-m\libg_nano.a(lib_a-sprintf.o)
                0x00000f30                siprintf
                0x00000f30                sprintf
 .text.__ssputs_r
                0x00000f78       0xb2 c:/program files (x86)/cypress/psoc creator/4.4/psoc creator/import/gnu/arm/5.4.1/bin/../lib/gcc/arm-none-eabi/5.4.1/../../../../arm-none-eabi/lib/armv7-m\libg_nano.a(lib_a-nano-svfprintf.o)
                0x00000f78                __ssputs_r
 *fill*         0x0000102a        0x2 
 .text._svfprintf_r
                0x0000102c      0x1e8 c:/program files (x86)/cypress/psoc creator/4.4/psoc creator/import/gnu/arm/5.4.1/bin/../lib/gcc/arm-none-eabi/5.4.1/../../../../arm-none-eabi/lib/armv7-m\libg_nano.a(lib_a-nano-svfprintf.o)
                0x0000102c                _svfiprintf_r
                0x0000102c                _svfprintf_r
 .text._printf_common
                0x00001214       0xec c:/program files (x86)/cypress/psoc creator/4.4/psoc creator/import/gnu/arm/5.4.1/bin/../lib/gcc/arm-none-eabi/5.4.1/../../../../arm-none-eabi/lib/armv7-m\libg_nano.a(lib_a-nano-vfprintf_i.o)
                0x00001214                _printf_common
 .text._printf_i
                0x00001300      0x24c c:/program files (x86)/cypress/psoc creator/4.4/psoc creator/import/gnu/arm/5.4.1/bin/../lib/gcc/arm-none-eabi/5.4.1/../../../../arm-none-eabi/lib/armv7-m\libg_nano.a(lib_a-nano-vfprintf_i.o)
                0x00001300                _printf_i
 .text.memchr   0x0000154c       0x1c c:/program files (x86)/cypress/psoc creator/4.4/psoc creator/import/gnu/arm/5.4.1/bin/../lib/gcc/arm-none-eabi/5.4.1/../../../../arm-none-eabi/lib/armv7-m\libg_nano.a(lib_a-memchr-stub.o)
                0x0000154c                memchr
 .text.memmove  0x00001568       0x36 c:/program files (x86)/cypress/psoc creator/4.4/psoc creator/import/gnu/arm/5.4.1/bin/../lib/gcc/arm-none-eabi/5.4.1/../../../../arm-none-eabi/lib/armv7-m\libg_nano.a(lib_a-memmove.o)
                0x00001568                memmove
 *fill*         0x0000159e        0x2 
 .text._free_r  0x000015a0       0x98 c:/program files (x86)/cypress/psoc creator/4.4/psoc creator/import/gnu/arm/5.4.1/bin/../lib/gcc/arm-none-eabi/5.4.1/../../../../arm-none-eabi/lib/armv7-m\libg_nano.a(lib_a-nano-freer.o)
                0x000015a0                _free_r
 .text._malloc_r
                0x00001638       0xbc c:/program files (x86)/cypress/psoc creator/4.4/psoc creator/import/gnu/arm/5.4.1/bin/../lib/gcc/arm-none-eabi/5.4.1/../../../../arm-none-eabi/lib/armv7-m\libg_nano.a(lib_a-nano-mallocr.o)
                0x00001638                _malloc_r
 .text._realloc_r
                0x000016f4       0x4c c:/program files (x86)/cypress/psoc creator/4.4/psoc creator/import/gnu/arm/5.4.1/bin/../lib/gcc/arm-none-eabi/5.4.1/../../../../arm-none-eabi/lib/armv7-m\libg_nano.a(lib_a-nano-reallocr.o)
                0x000016f4                _realloc_r
 .text._sbrk_r  0x00001740       0x20 c:/program files (x86)/cypress/psoc creator/4.4/psoc creator/import/gnu/arm/5.4.1/bin/../lib/gcc/arm-none-eabi/5.4.1/../../../../arm-none-eabi/lib/armv7-m\libg_nano.a(lib_a-sbrkr.o)
                0x00001740                _sbrk_r
 .text.__malloc_lock
                0x00001760        0x2 c:/program files (x86)/cypress/psoc creator/4.4/psoc creator/import/gnu/arm/5.4.1/bin/../lib/gcc/arm-none-eabi/5.4.1/../../../../arm-none-eabi/lib/armv7-m\libg_nano.a(lib_a-mlock.o)
                0x00001760                __malloc_lock
 .text.__malloc_unlock
                0x00001762        0x2 c:/program files (x86)/cypress/psoc creator/4.4/psoc creator/import/gnu/arm/5.4.1/bin/../lib/gcc/arm-none-eabi/5.4.1/../../../../arm-none-eabi/lib/armv7-m\libg_nano.a(lib_a-mlock.o)
                0x00001762                __malloc_unlock
 .text._malloc_usable_size_r
                0x00001764       0x14 c:/program files (x86)/cypress/psoc creator/4.4/psoc creator/import/gnu/arm/5.4.1/bin/../lib/gcc/arm-none-eabi/5.4.1/../../../../arm-none-eabi/lib/armv7-m\libg_nano.a(lib_a-nano-msizer.o)
                0x00001764                _malloc_usable_size_r
 *(.plt)
 *(.gnu.warning)
 *(.glue_7t)
 .glue_7t       0x00001778        0x0 linker stubs
 *(.glue_7)
 .glue_7        0x00001778        0x0 linker stubs
 *(.vfp11_veneer)
 .vfp11_veneer  0x00001778        0x0 linker stubs
 *(.bootloader)
 *(.ARM.extab* .gnu.linkonce.armextab.*)
 *(.gcc_except_table)

.v4_bx          0x00001778        0x0
 .v4_bx         0x00001778        0x0 linker stubs

.iplt           0x00001778        0x0
 .iplt          0x00001778        0x0 c:/program files (x86)/cypress/psoc creator/4.4/psoc creator/import/gnu/arm/5.4.1/bin/../lib/gcc/arm-none-eabi/5.4.1/armv7-m/crtbegin.o

.eh_frame_hdr
 *(.eh_frame_hdr)

.eh_frame       0x00001778        0x4
 *(.eh_frame)
 .eh_frame      0x00001778        0x0 c:/program files (x86)/cypress/psoc creator/4.4/psoc creator/import/gnu/arm/5.4.1/bin/../lib/gcc/arm-none-eabi/5.4.1/armv7-m/crtbegin.o
 .eh_frame      0x00001778        0x4 c:/program files (x86)/cypress/psoc creator/4.4/psoc creator/import/gnu/arm/5.4.1/bin/../lib/gcc/arm-none-eabi/5.4.1/armv7-m/crtend.o
                [!provide]                PROVIDE (__exidx_start, .)

.ARM.exidx
 *(.ARM.exidx* .gnu.linkonce.armexidx.*)
                0x0000177c                __exidx_end = .

.rodata         0x0000177c       0xd4
 *(.rodata .rodata.* .gnu.linkonce.r.*)
 .rodata.str1.4
                0x0000177c       0x14 .\CortexM3\ARM_GCC_541\Debug\InterruptRoutines.o
                                 0x11 (size before relaxing)
 .rodata        0x00001790       0x52 .\CortexM3\ARM_GCC_541\Debug\cyfitter_cfg.o
                0x00001790                ADC_DelSig_AMux__addrTable
                0x00001798                ADC_DelSig_AMux__maskTable
 .rodata.str1.1
                0x000017e2        0x2 c:/program files (x86)/cypress/psoc creator/4.4/psoc creator/import/gnu/arm/5.4.1/bin/../lib/gcc/arm-none-eabi/5.4.1/../../../../arm-none-eabi/lib/armv7-m\libg_nano.a(lib_a-impure.o)
 .rodata.str1.1
                0x000017e4       0x11 c:/program files (x86)/cypress/psoc creator/4.4/psoc creator/import/gnu/arm/5.4.1/bin/../lib/gcc/arm-none-eabi/5.4.1/../../../../arm-none-eabi/lib/armv7-m\libg_nano.a(lib_a-nano-svfprintf.o)
 .rodata.str1.1
                0x000017f5       0x22 c:/program files (x86)/cypress/psoc creator/4.4/psoc creator/import/gnu/arm/5.4.1/bin/../lib/gcc/arm-none-eabi/5.4.1/../../../../arm-none-eabi/lib/armv7-m\libg_nano.a(lib_a-nano-vfprintf_i.o)
                0x00001818                . = ALIGN (0x4)
 *fill*         0x00001817        0x1 
 *(.init)
 .init          0x00001818        0x4 c:/program files (x86)/cypress/psoc creator/4.4/psoc creator/import/gnu/arm/5.4.1/bin/../lib/gcc/arm-none-eabi/5.4.1/armv7-m/crti.o
                0x00001818                _init
 .init          0x0000181c        0x8 c:/program files (x86)/cypress/psoc creator/4.4/psoc creator/import/gnu/arm/5.4.1/bin/../lib/gcc/arm-none-eabi/5.4.1/armv7-m/crtn.o
                0x00001824                . = ALIGN (0x4)
                0x00001824                __preinit_array_start = .
 *(.preinit_array)
                0x00001824                __preinit_array_end = .
                0x00001824                . = ALIGN (0x4)
                0x00001824                __init_array_start = .
 *(SORT(.init_array.*))
 *(.init_array)
 .init_array    0x00001824        0x4 c:/program files (x86)/cypress/psoc creator/4.4/psoc creator/import/gnu/arm/5.4.1/bin/../lib/gcc/arm-none-eabi/5.4.1/armv7-m/crtbegin.o
 .init_array    0x00001828        0x4 .\CortexM3\ARM_GCC_541\Debug\Cm3Start.o
                0x0000182c                __init_array_end = .
                0x0000182c                . = ALIGN (0x4)
 *(.fini)
 .fini          0x0000182c        0x4 c:/program files (x86)/cypress/psoc creator/4.4/psoc creator/import/gnu/arm/5.4.1/bin/../lib/gcc/arm-none-eabi/5.4.1/armv7-m/crti.o
                0x0000182c                _fini
 .fini          0x00001830        0x8 c:/program files (x86)/cypress/psoc creator/4.4/psoc creator/import/gnu/arm/5.4.1/bin/../lib/gcc/arm-none-eabi/5.4.1/armv7-m/crtn.o
                0x00001838                . = ALIGN (0x4)
                0x00001838                __fini_array_start = .
 *(.fini_array)
 .fini_array    0x00001838        0x4 c:/program files (x86)/cypress/psoc creator/4.4/psoc creator/import/gnu/arm/5.4.1/bin/../lib/gcc/arm-none-eabi/5.4.1/armv7-m/crtbegin.o
 *(SORT(.fini_array.*))
                0x0000183c                __fini_array_end = .
                0x0000183c                . = ALIGN (0x4)
 *crtbegin.o(.ctors)
 *(EXCLUDE_FILE(*crtend.o) .ctors)
 *(SORT(.ctors.*))
 *crtend.o(.ctors)
                0x0000183c                . = ALIGN (0x4)
 *crtbegin.o(.dtors)
 *(EXCLUDE_FILE(*crtend.o) .dtors)
 *(SORT(.dtors.*))
 *crtend.o(.dtors)
                0x0000183c                . = ALIGN (0x4)
                0x0000183c                __cy_regions = .
                0x0000183c        0x4 LONG 0x1850 __cy_region_init_ram
                0x00001840        0x4 LONG 0x1fff80c8 __cy_region_start_data
                0x00001844        0x4 LONG 0x80 __cy_region_init_size_ram
                0x00001848        0x4 LONG 0x90 __cy_region_zero_size_ram
                0x0000184c                __cy_regions_end = .
                0x00001850                . = ALIGN (0x8)
 *fill*         0x0000184c        0x4 
                0x00001850                _etext = .

.cy_checksum_exclude
                0x00001850        0x0
 *(.cy_checksum_exclude)

.ramvectors     0x1fff8000       0xc0
                0x1fff8000                __cy_region_start_ram = .
 *(.ramvectors)
 .ramvectors    0x1fff8000       0xc0 .\CortexM3\ARM_GCC_541\Debug\Cm3Start.o
                0x1fff8000                CyRamVectors

.noinit         0x1fff80c0        0x1
 *(.noinit)
 .noinit        0x1fff80c0        0x1 .\CortexM3\ARM_GCC_541\Debug\Project2.a(CyLib.o)
                0x1fff80c0                CyResetStatus

.data           0x1fff80c8       0x80 load address 0x00001850
                0x1fff80c8                __cy_region_start_data = .
 *(.jcr)
 .jcr           0x1fff80c8        0x0 c:/program files (x86)/cypress/psoc creator/4.4/psoc creator/import/gnu/arm/5.4.1/bin/../lib/gcc/arm-none-eabi/5.4.1/armv7-m/crtbegin.o
 .jcr           0x1fff80c8        0x4 c:/program files (x86)/cypress/psoc creator/4.4/psoc creator/import/gnu/arm/5.4.1/bin/../lib/gcc/arm-none-eabi/5.4.1/armv7-m/crtend.o
 *(.got.plt)
 *(.got)
 *(.shdata)
 *(.data .data.* .gnu.linkonce.d.*)
 .data          0x1fff80cc        0x4 .\CortexM3\ARM_GCC_541\Debug\Cm3Start.o
 .data          0x1fff80d0       0x10 .\CortexM3\ARM_GCC_541\Debug\Project2.a(CyLib.o)
                0x1fff80d0                cydelay_32k_ms
                0x1fff80d4                cydelay_freq_khz
                0x1fff80d8                cydelay_freq_mhz
                0x1fff80dc                cydelay_freq_hz
 .data          0x1fff80e0        0x1 .\CortexM3\ARM_GCC_541\Debug\Project2.a(ADC_DelSig.o)
                0x1fff80e0                ADC_DelSig_Config
 .data          0x1fff80e1        0x1 .\CortexM3\ARM_GCC_541\Debug\Project2.a(ADC_DelSig_AMux.o)
 *fill*         0x1fff80e2        0x2 
 .data.impure_data
                0x1fff80e4       0x60 c:/program files (x86)/cypress/psoc creator/4.4/psoc creator/import/gnu/arm/5.4.1/bin/../lib/gcc/arm-none-eabi/5.4.1/../../../../arm-none-eabi/lib/armv7-m\libg_nano.a(lib_a-impure.o)
 .data._impure_ptr
                0x1fff8144        0x4 c:/program files (x86)/cypress/psoc creator/4.4/psoc creator/import/gnu/arm/5.4.1/bin/../lib/gcc/arm-none-eabi/5.4.1/../../../../arm-none-eabi/lib/armv7-m\libg_nano.a(lib_a-impure.o)
                0x1fff8144                _impure_ptr
                0x1fff8148                . = ALIGN (0x8)
 *(.ram)
                0x1fff8148                _edata = .

.igot.plt       0x1fff8148        0x0 load address 0x000018d0
 .igot.plt      0x1fff8148        0x0 c:/program files (x86)/cypress/psoc creator/4.4/psoc creator/import/gnu/arm/5.4.1/bin/../lib/gcc/arm-none-eabi/5.4.1/armv7-m/crtbegin.o

.bss            0x1fff8148       0x90 load address 0x000018d0
                0x1fff8148                PROVIDE (__bss_start__, .)
 *(.shbss)
 *(.bss .bss.* .gnu.linkonce.b.*)
 .bss           0x1fff8148       0x1c c:/program files (x86)/cypress/psoc creator/4.4/psoc creator/import/gnu/arm/5.4.1/bin/../lib/gcc/arm-none-eabi/5.4.1/armv7-m/crtbegin.o
 .bss           0x1fff8164        0x2 .\CortexM3\ARM_GCC_541\Debug\Project2.a(UART.o)
                0x1fff8164                UART_initVar
 *fill*         0x1fff8166        0x2 
 .bss           0x1fff8168        0xc .\CortexM3\ARM_GCC_541\Debug\Project2.a(ADC_DelSig.o)
                0x1fff816c                ADC_DelSig_stopConversion
                0x1fff816d                ADC_DelSig_convDone
                0x1fff816e                ADC_DelSig_initVar
                0x1fff816f                ADC_DelSig_started
                0x1fff8170                ADC_DelSig_Offset
 .bss           0x1fff8174        0x1 .\CortexM3\ARM_GCC_541\Debug\Project2.a(Timer.o)
                0x1fff8174                Timer_initVar
 *fill*         0x1fff8175        0x3 
 .bss.__malloc_sbrk_start
                0x1fff8178        0x4 c:/program files (x86)/cypress/psoc creator/4.4/psoc creator/import/gnu/arm/5.4.1/bin/../lib/gcc/arm-none-eabi/5.4.1/../../../../arm-none-eabi/lib/armv7-m\libg_nano.a(lib_a-nano-mallocr.o)
                0x1fff8178                __malloc_sbrk_start
 .bss.__malloc_free_list
                0x1fff817c        0x4 c:/program files (x86)/cypress/psoc creator/4.4/psoc creator/import/gnu/arm/5.4.1/bin/../lib/gcc/arm-none-eabi/5.4.1/../../../../arm-none-eabi/lib/armv7-m\libg_nano.a(lib_a-nano-mallocr.o)
                0x1fff817c                __malloc_free_list
 *(COMMON)
 COMMON         0x1fff8180       0x41 .\CortexM3\ARM_GCC_541\Debug\main.o
                0x1fff8180                DataBuffer
                0x1fff81c0                PacketReadyFlag
 *fill*         0x1fff81c1        0x3 
 COMMON         0x1fff81c4        0x8 .\CortexM3\ARM_GCC_541\Debug\InterruptRoutines.o
                0x1fff81c4                value_digit
                0x1fff81c8                value_mv
 COMMON         0x1fff81cc        0x4 .\CortexM3\ARM_GCC_541\Debug\Project2.a(ADC_DelSig.o)
                0x1fff81cc                ADC_DelSig_CountsPerVolt
 COMMON         0x1fff81d0        0x4 c:/program files (x86)/cypress/psoc creator/4.4/psoc creator/import/gnu/arm/5.4.1/bin/../lib/gcc/arm-none-eabi/5.4.1/../../../../arm-none-eabi/lib/armv7-m\libg_nano.a(lib_a-reent.o)
                0x1fff81d0                errno
                0x1fff81d8                . = ALIGN (0x8)
 *fill*         0x1fff81d4        0x4 
 *(.ram.b)
                0x1fff81d8                _end = .
                0x1fff81d8                __end = .
                0x1fff81d8                PROVIDE (end, .)
                0x1fff81d8                PROVIDE (__bss_end__, .)
                0x00001850                __cy_region_init_ram = LOADADDR (.data)
                0x00000080                __cy_region_init_size_ram = (_edata - ADDR (.data))
                0x00000090                __cy_region_zero_size_ram = (_end - _edata)

.heap           0x1fff81d8       0x80 load address 0x000018d0
                0x1fff81d8                . = _end
                0x1fff8258                . = (. + 0x80)
 *fill*         0x1fff81d8       0x80 
                0x1fff8258                __cy_heap_limit = .

.stack          0x20007800      0x800
                0x20007800                __cy_stack_limit = .
                0x20008000                . = (. + 0x800)
 *fill*         0x20007800      0x800 
                0x00000001                ASSERT ((__cy_stack_limit >= __cy_heap_limit), region RAM overflowed with stack)
                0x00000000                cy_checksum_exclude_size = (CY_APPL_LOADABLE == 0x1)?SIZEOF (.cy_checksum_exclude):0x0
                0x00000001                ASSERT ((cy_checksum_exclude_size <= CY_CHECKSUM_EXCLUDE_SIZE), CY_BOOT: Section .cy_checksum_exclude size exceedes specified limit.)

.cyloadermeta
 *(.cyloadermeta)

.cyloadablemeta
 *(.cyloadablemeta)

.cyconfigecc    0x80000000      0x33c
 *(.cyconfigecc)
 .cyconfigecc   0x80000000      0x33c .\CortexM3\ARM_GCC_541\Debug\cymetadata.o
                0x80000000                cy_meta_configecc

.cycustnvl      0x90000000        0x4
 *(.cycustnvl)
 .cycustnvl     0x90000000        0x4 .\CortexM3\ARM_GCC_541\Debug\cymetadata.o
                0x90000000                cy_meta_custnvl

.cywolatch      0x90100000        0x4
 *(.cywolatch)
 .cywolatch     0x90100000        0x4 .\CortexM3\ARM_GCC_541\Debug\cymetadata.o
                0x90100000                cy_meta_wonvl

.cyeeprom       0x90200000        0x0
 *(.cyeeprom)
                0x00000001                ASSERT ((. <= ((0x90200000 + ee_offset) + ee_size)), .cyeeprom data will not fit in EEPROM)

.cyflashprotect
                0x90400000      0x100
 *(.cyflashprotect)
 .cyflashprotect
                0x90400000      0x100 .\CortexM3\ARM_GCC_541\Debug\cymetadata.o
                0x90400000                cy_meta_flashprotect

.cymeta         0x90500000        0xc
 *(.cymeta)
 .cymeta        0x90500000        0xc .\CortexM3\ARM_GCC_541\Debug\cymetadata.o
                0x90500000                cy_metadata

.rel.dyn        0x000018d0        0x0 load address 0x9050000c
 .rel.iplt      0x000018d0        0x0 c:/program files (x86)/cypress/psoc creator/4.4/psoc creator/import/gnu/arm/5.4.1/bin/../lib/gcc/arm-none-eabi/5.4.1/armv7-m/crtbegin.o

.stab
 *(.stab)

.stabstr
 *(.stabstr)

.debug
 *(.debug)

.line
 *(.line)

.debug_srcinfo
 *(.debug_srcinfo)

.debug_sfnames
 *(.debug_sfnames)

.debug_aranges  0x00000000      0xa10
 *(.debug_aranges)
 .debug_aranges
                0x00000000       0x20 .\CortexM3\ARM_GCC_541\Debug\main.o
 .debug_aranges
                0x00000020       0x20 .\CortexM3\ARM_GCC_541\Debug\InterruptRoutines.o
 .debug_aranges
                0x00000040       0x68 .\CortexM3\ARM_GCC_541\Debug\cyfitter_cfg.o
 .debug_aranges
                0x000000a8       0x18 .\CortexM3\ARM_GCC_541\Debug\cymetadata.o
 .debug_aranges
                0x000000c0       0x48 .\CortexM3\ARM_GCC_541\Debug\Cm3Start.o
 .debug_aranges
                0x00000108       0xf0 .\CortexM3\ARM_GCC_541\Debug\Project2.a(UART.o)
 .debug_aranges
                0x000001f8       0x70 .\CortexM3\ARM_GCC_541\Debug\Project2.a(UART_IntClock.o)
 .debug_aranges
                0x00000268      0x2a0 .\CortexM3\ARM_GCC_541\Debug\Project2.a(CyLib.o)
 .debug_aranges
                0x00000508       0x98 .\CortexM3\ARM_GCC_541\Debug\Project2.a(cyPm.o)
 .debug_aranges
                0x000005a0       0xe8 .\CortexM3\ARM_GCC_541\Debug\Project2.a(ADC_DelSig.o)
 .debug_aranges
                0x00000688       0x38 .\CortexM3\ARM_GCC_541\Debug\Project2.a(ADC_DelSig_INT.o)
 .debug_aranges
                0x000006c0       0x88 .\CortexM3\ARM_GCC_541\Debug\Project2.a(Timer.o)
 .debug_aranges
                0x00000748       0x80 .\CortexM3\ARM_GCC_541\Debug\Project2.a(isr_ADC.o)
 .debug_aranges
                0x000007c8       0x30 .\CortexM3\ARM_GCC_541\Debug\Project2.a(ADC_DelSig_AMux.o)
 .debug_aranges
                0x000007f8       0x70 .\CortexM3\ARM_GCC_541\Debug\Project2.a(ADC_DelSig_Ext_CP_Clk.o)
 .debug_aranges
                0x00000868       0x80 .\CortexM3\ARM_GCC_541\Debug\Project2.a(ADC_DelSig_theACLK.o)
 .debug_aranges
                0x000008e8       0x20 .\CortexM3\ARM_GCC_541\Debug\Project2.a(CyBootAsmGnu.o)
 .debug_aranges
                0x00000908       0x88 .\CortexM3\ARM_GCC_541\Debug\Project2.a(CyFlash.o)
 .debug_aranges
                0x00000990       0x80 .\CortexM3\ARM_GCC_541\Debug\Project2.a(CySpc.o)

.debug_pubnames
 *(.debug_pubnames)

.debug_info     0x00000000     0x5835
 *(.debug_info .gnu.linkonce.wi.*)
 .debug_info    0x00000000      0x195 .\CortexM3\ARM_GCC_541\Debug\main.o
 .debug_info    0x00000195      0x19a .\CortexM3\ARM_GCC_541\Debug\InterruptRoutines.o
 .debug_info    0x0000032f      0x68c .\CortexM3\ARM_GCC_541\Debug\cyfitter_cfg.o
 .debug_info    0x000009bb      0x135 .\CortexM3\ARM_GCC_541\Debug\cymetadata.o
 .debug_info    0x00000af0      0x3bb .\CortexM3\ARM_GCC_541\Debug\Cm3Start.o
 .debug_info    0x00000eab      0x60c .\CortexM3\ARM_GCC_541\Debug\Project2.a(UART.o)
 .debug_info    0x000014b7      0x283 .\CortexM3\ARM_GCC_541\Debug\Project2.a(UART_IntClock.o)
 .debug_info    0x0000173a     0x1374 .\CortexM3\ARM_GCC_541\Debug\Project2.a(CyLib.o)
 .debug_info    0x00002aae      0xa2a .\CortexM3\ARM_GCC_541\Debug\Project2.a(cyPm.o)
 .debug_info    0x000034d8      0xa19 .\CortexM3\ARM_GCC_541\Debug\Project2.a(ADC_DelSig.o)
 .debug_info    0x00003ef1       0xd3 .\CortexM3\ARM_GCC_541\Debug\Project2.a(ADC_DelSig_INT.o)
 .debug_info    0x00003fc4      0x293 .\CortexM3\ARM_GCC_541\Debug\Project2.a(Timer.o)
 .debug_info    0x00004257      0x2d2 .\CortexM3\ARM_GCC_541\Debug\Project2.a(isr_ADC.o)
 .debug_info    0x00004529      0x165 .\CortexM3\ARM_GCC_541\Debug\Project2.a(ADC_DelSig_AMux.o)
 .debug_info    0x0000468e      0x283 .\CortexM3\ARM_GCC_541\Debug\Project2.a(ADC_DelSig_Ext_CP_Clk.o)
 .debug_info    0x00004911      0x2c4 .\CortexM3\ARM_GCC_541\Debug\Project2.a(ADC_DelSig_theACLK.o)
 .debug_info    0x00004bd5       0xc3 .\CortexM3\ARM_GCC_541\Debug\Project2.a(CyBootAsmGnu.o)
 .debug_info    0x00004c98      0x64d .\CortexM3\ARM_GCC_541\Debug\Project2.a(CyFlash.o)
 .debug_info    0x000052e5      0x550 .\CortexM3\ARM_GCC_541\Debug\Project2.a(CySpc.o)

.debug_abbrev   0x00000000     0x17ea
 *(.debug_abbrev)
 .debug_abbrev  0x00000000       0xd1 .\CortexM3\ARM_GCC_541\Debug\main.o
 .debug_abbrev  0x000000d1       0xdd .\CortexM3\ARM_GCC_541\Debug\InterruptRoutines.o
 .debug_abbrev  0x000001ae      0x22d .\CortexM3\ARM_GCC_541\Debug\cyfitter_cfg.o
 .debug_abbrev  0x000003db       0x66 .\CortexM3\ARM_GCC_541\Debug\cymetadata.o
 .debug_abbrev  0x00000441      0x1e8 .\CortexM3\ARM_GCC_541\Debug\Cm3Start.o
 .debug_abbrev  0x00000629      0x175 .\CortexM3\ARM_GCC_541\Debug\Project2.a(UART.o)
 .debug_abbrev  0x0000079e      0x139 .\CortexM3\ARM_GCC_541\Debug\Project2.a(UART_IntClock.o)
 .debug_abbrev  0x000008d7      0x254 .\CortexM3\ARM_GCC_541\Debug\Project2.a(CyLib.o)
 .debug_abbrev  0x00000b2b      0x1ab .\CortexM3\ARM_GCC_541\Debug\Project2.a(cyPm.o)
 .debug_abbrev  0x00000cd6      0x1eb .\CortexM3\ARM_GCC_541\Debug\Project2.a(ADC_DelSig.o)
 .debug_abbrev  0x00000ec1       0x42 .\CortexM3\ARM_GCC_541\Debug\Project2.a(ADC_DelSig_INT.o)
 .debug_abbrev  0x00000f03      0x11a .\CortexM3\ARM_GCC_541\Debug\Project2.a(Timer.o)
 .debug_abbrev  0x0000101d      0x173 .\CortexM3\ARM_GCC_541\Debug\Project2.a(isr_ADC.o)
 .debug_abbrev  0x00001190       0xb1 .\CortexM3\ARM_GCC_541\Debug\Project2.a(ADC_DelSig_AMux.o)
 .debug_abbrev  0x00001241      0x139 .\CortexM3\ARM_GCC_541\Debug\Project2.a(ADC_DelSig_Ext_CP_Clk.o)
 .debug_abbrev  0x0000137a      0x121 .\CortexM3\ARM_GCC_541\Debug\Project2.a(ADC_DelSig_theACLK.o)
 .debug_abbrev  0x0000149b       0x14 .\CortexM3\ARM_GCC_541\Debug\Project2.a(CyBootAsmGnu.o)
 .debug_abbrev  0x000014af      0x1a7 .\CortexM3\ARM_GCC_541\Debug\Project2.a(CyFlash.o)
 .debug_abbrev  0x00001656      0x194 .\CortexM3\ARM_GCC_541\Debug\Project2.a(CySpc.o)

.debug_line     0x00000000     0x286d
 *(.debug_line)
 .debug_line    0x00000000      0x1b8 .\CortexM3\ARM_GCC_541\Debug\main.o
 .debug_line    0x000001b8      0x22c .\CortexM3\ARM_GCC_541\Debug\InterruptRoutines.o
 .debug_line    0x000003e4      0x223 .\CortexM3\ARM_GCC_541\Debug\cyfitter_cfg.o
 .debug_line    0x00000607      0x141 .\CortexM3\ARM_GCC_541\Debug\cymetadata.o
 .debug_line    0x00000748      0x234 .\CortexM3\ARM_GCC_541\Debug\Cm3Start.o
 .debug_line    0x0000097c      0x2bc .\CortexM3\ARM_GCC_541\Debug\Project2.a(UART.o)
 .debug_line    0x00000c38      0x17c .\CortexM3\ARM_GCC_541\Debug\Project2.a(UART_IntClock.o)
 .debug_line    0x00000db4      0x816 .\CortexM3\ARM_GCC_541\Debug\Project2.a(CyLib.o)
 .debug_line    0x000015ca      0x367 .\CortexM3\ARM_GCC_541\Debug\Project2.a(cyPm.o)
 .debug_line    0x00001931      0x373 .\CortexM3\ARM_GCC_541\Debug\Project2.a(ADC_DelSig.o)
 .debug_line    0x00001ca4       0x87 .\CortexM3\ARM_GCC_541\Debug\Project2.a(ADC_DelSig_INT.o)
 .debug_line    0x00001d2b      0x153 .\CortexM3\ARM_GCC_541\Debug\Project2.a(Timer.o)
 .debug_line    0x00001e7e      0x134 .\CortexM3\ARM_GCC_541\Debug\Project2.a(isr_ADC.o)
 .debug_line    0x00001fb2       0xb3 .\CortexM3\ARM_GCC_541\Debug\Project2.a(ADC_DelSig_AMux.o)
 .debug_line    0x00002065      0x184 .\CortexM3\ARM_GCC_541\Debug\Project2.a(ADC_DelSig_Ext_CP_Clk.o)
 .debug_line    0x000021e9      0x1a4 .\CortexM3\ARM_GCC_541\Debug\Project2.a(ADC_DelSig_theACLK.o)
 .debug_line    0x0000238d       0x66 .\CortexM3\ARM_GCC_541\Debug\Project2.a(CyBootAsmGnu.o)
 .debug_line    0x000023f3      0x21a .\CortexM3\ARM_GCC_541\Debug\Project2.a(CyFlash.o)
 .debug_line    0x0000260d      0x260 .\CortexM3\ARM_GCC_541\Debug\Project2.a(CySpc.o)

.debug_frame    0x00000000     0x1c90
 *(.debug_frame)
 .debug_frame   0x00000000       0x2c .\CortexM3\ARM_GCC_541\Debug\main.o
 .debug_frame   0x0000002c       0x2c .\CortexM3\ARM_GCC_541\Debug\InterruptRoutines.o
 .debug_frame   0x00000058      0x104 .\CortexM3\ARM_GCC_541\Debug\cyfitter_cfg.o
 .debug_frame   0x0000015c       0xb8 .\CortexM3\ARM_GCC_541\Debug\Cm3Start.o
 .debug_frame   0x00000214      0x250 .\CortexM3\ARM_GCC_541\Debug\Project2.a(UART.o)
 .debug_frame   0x00000464       0xe0 .\CortexM3\ARM_GCC_541\Debug\Project2.a(UART_IntClock.o)
 .debug_frame   0x00000544      0x738 .\CortexM3\ARM_GCC_541\Debug\Project2.a(CyLib.o)
 .debug_frame   0x00000c7c      0x1f8 .\CortexM3\ARM_GCC_541\Debug\Project2.a(cyPm.o)
 .debug_frame   0x00000e74      0x284 .\CortexM3\ARM_GCC_541\Debug\Project2.a(ADC_DelSig.o)
 .debug_frame   0x000010f8       0x50 .\CortexM3\ARM_GCC_541\Debug\Project2.a(ADC_DelSig_INT.o)
 .debug_frame   0x00001148      0x108 .\CortexM3\ARM_GCC_541\Debug\Project2.a(Timer.o)
 .debug_frame   0x00001250      0x104 .\CortexM3\ARM_GCC_541\Debug\Project2.a(isr_ADC.o)
 .debug_frame   0x00001354       0x64 .\CortexM3\ARM_GCC_541\Debug\Project2.a(ADC_DelSig_AMux.o)
 .debug_frame   0x000013b8       0xe0 .\CortexM3\ARM_GCC_541\Debug\Project2.a(ADC_DelSig_Ext_CP_Clk.o)
 .debug_frame   0x00001498      0x100 .\CortexM3\ARM_GCC_541\Debug\Project2.a(ADC_DelSig_theACLK.o)
 .debug_frame   0x00001598      0x194 .\CortexM3\ARM_GCC_541\Debug\Project2.a(CyFlash.o)
 .debug_frame   0x0000172c      0x180 .\CortexM3\ARM_GCC_541\Debug\Project2.a(CySpc.o)
 .debug_frame   0x000018ac       0x20 c:/program files (x86)/cypress/psoc creator/4.4/psoc creator/import/gnu/arm/5.4.1/bin/../lib/gcc/arm-none-eabi/5.4.1/../../../../arm-none-eabi/lib/armv7-m\libg_nano.a(lib_a-errno.o)
 .debug_frame   0x000018cc       0x28 c:/program files (x86)/cypress/psoc creator/4.4/psoc creator/import/gnu/arm/5.4.1/bin/../lib/gcc/arm-none-eabi/5.4.1/../../../../arm-none-eabi/lib/armv7-m\libg_nano.a(lib_a-exit.o)
 .debug_frame   0x000018f4       0x2c c:/program files (x86)/cypress/psoc creator/4.4/psoc creator/import/gnu/arm/5.4.1/bin/../lib/gcc/arm-none-eabi/5.4.1/../../../../arm-none-eabi/lib/armv7-m\libg_nano.a(lib_a-init.o)
 .debug_frame   0x00001920       0x28 c:/program files (x86)/cypress/psoc creator/4.4/psoc creator/import/gnu/arm/5.4.1/bin/../lib/gcc/arm-none-eabi/5.4.1/../../../../arm-none-eabi/lib/armv7-m\libg_nano.a(lib_a-memcpy-stub.o)
 .debug_frame   0x00001948       0x20 c:/program files (x86)/cypress/psoc creator/4.4/psoc creator/import/gnu/arm/5.4.1/bin/../lib/gcc/arm-none-eabi/5.4.1/../../../../arm-none-eabi/lib/armv7-m\libg_nano.a(lib_a-memset.o)
 .debug_frame   0x00001968       0x70 c:/program files (x86)/cypress/psoc creator/4.4/psoc creator/import/gnu/arm/5.4.1/bin/../lib/gcc/arm-none-eabi/5.4.1/../../../../arm-none-eabi/lib/armv7-m\libg_nano.a(lib_a-sprintf.o)
 .debug_frame   0x000019d8       0x90 c:/program files (x86)/cypress/psoc creator/4.4/psoc creator/import/gnu/arm/5.4.1/bin/../lib/gcc/arm-none-eabi/5.4.1/../../../../arm-none-eabi/lib/armv7-m\libg_nano.a(lib_a-nano-svfprintf.o)
 .debug_frame   0x00001a68       0x60 c:/program files (x86)/cypress/psoc creator/4.4/psoc creator/import/gnu/arm/5.4.1/bin/../lib/gcc/arm-none-eabi/5.4.1/../../../../arm-none-eabi/lib/armv7-m\libg_nano.a(lib_a-nano-vfprintf_i.o)
 .debug_frame   0x00001ac8       0x28 c:/program files (x86)/cypress/psoc creator/4.4/psoc creator/import/gnu/arm/5.4.1/bin/../lib/gcc/arm-none-eabi/5.4.1/../../../../arm-none-eabi/lib/armv7-m\libg_nano.a(lib_a-memchr-stub.o)
 .debug_frame   0x00001af0       0x28 c:/program files (x86)/cypress/psoc creator/4.4/psoc creator/import/gnu/arm/5.4.1/bin/../lib/gcc/arm-none-eabi/5.4.1/../../../../arm-none-eabi/lib/armv7-m\libg_nano.a(lib_a-memmove.o)
 .debug_frame   0x00001b18       0x38 c:/program files (x86)/cypress/psoc creator/4.4/psoc creator/import/gnu/arm/5.4.1/bin/../lib/gcc/arm-none-eabi/5.4.1/../../../../arm-none-eabi/lib/armv7-m\libg_nano.a(lib_a-nano-freer.o)
 .debug_frame   0x00001b50       0x2c c:/program files (x86)/cypress/psoc creator/4.4/psoc creator/import/gnu/arm/5.4.1/bin/../lib/gcc/arm-none-eabi/5.4.1/../../../../arm-none-eabi/lib/armv7-m\libg_nano.a(lib_a-nano-mallocr.o)
 .debug_frame   0x00001b7c       0x3c c:/program files (x86)/cypress/psoc creator/4.4/psoc creator/import/gnu/arm/5.4.1/bin/../lib/gcc/arm-none-eabi/5.4.1/../../../../arm-none-eabi/lib/armv7-m\libg_nano.a(lib_a-nano-reallocr.o)
 .debug_frame   0x00001bb8       0x2c c:/program files (x86)/cypress/psoc creator/4.4/psoc creator/import/gnu/arm/5.4.1/bin/../lib/gcc/arm-none-eabi/5.4.1/../../../../arm-none-eabi/lib/armv7-m\libg_nano.a(lib_a-sbrkr.o)
 .debug_frame   0x00001be4       0x30 c:/program files (x86)/cypress/psoc creator/4.4/psoc creator/import/gnu/arm/5.4.1/bin/../lib/gcc/arm-none-eabi/5.4.1/../../../../arm-none-eabi/lib/armv7-m\libg_nano.a(lib_a-mlock.o)
 .debug_frame   0x00001c14       0x20 c:/program files (x86)/cypress/psoc creator/4.4/psoc creator/import/gnu/arm/5.4.1/bin/../lib/gcc/arm-none-eabi/5.4.1/../../../../arm-none-eabi/lib/armv7-m\libg_nano.a(lib_a-nano-msizer.o)
 .debug_frame   0x00001c34       0x5c c:/program files (x86)/cypress/psoc creator/4.4/psoc creator/import/gnu/arm/5.4.1/bin/../lib/gcc/arm-none-eabi/5.4.1/../../../../arm-none-eabi/lib/armv7-m\libg_nano.a(lib_a-reent.o)

.debug_str      0x00000000     0x22f3
 *(.debug_str)
 .debug_str     0x00000000      0x211 .\CortexM3\ARM_GCC_541\Debug\main.o
                                0x259 (size before relaxing)
 .debug_str     0x00000211       0x86 .\CortexM3\ARM_GCC_541\Debug\InterruptRoutines.o
                                0x27a (size before relaxing)
 .debug_str     0x00000297      0x21e .\CortexM3\ARM_GCC_541\Debug\cyfitter_cfg.o
                                0x3df (size before relaxing)
 .debug_str     0x000004b5       0x7f .\CortexM3\ARM_GCC_541\Debug\cymetadata.o
                                0x217 (size before relaxing)
 .debug_str     0x00000534      0x144 .\CortexM3\ARM_GCC_541\Debug\Cm3Start.o
                                0x33d (size before relaxing)
 .debug_str     0x00000678      0x2ba .\CortexM3\ARM_GCC_541\Debug\Project2.a(UART.o)
                                0x4a8 (size before relaxing)
 .debug_str     0x00000932      0x189 .\CortexM3\ARM_GCC_541\Debug\Project2.a(UART_IntClock.o)
                                0x369 (size before relaxing)
 .debug_str     0x00000abb      0x821 .\CortexM3\ARM_GCC_541\Debug\Project2.a(CyLib.o)
                                0xa7a (size before relaxing)
 .debug_str     0x000012dc      0x365 .\CortexM3\ARM_GCC_541\Debug\Project2.a(cyPm.o)
                                0x766 (size before relaxing)
 .debug_str     0x00001641      0x42e .\CortexM3\ARM_GCC_541\Debug\Project2.a(ADC_DelSig.o)
                                0x71b (size before relaxing)
 .debug_str     0x00001a6f       0x68 .\CortexM3\ARM_GCC_541\Debug\Project2.a(ADC_DelSig_INT.o)
                                0x216 (size before relaxing)
 .debug_str     0x00001ad7      0x135 .\CortexM3\ARM_GCC_541\Debug\Project2.a(Timer.o)
                                0x328 (size before relaxing)
 .debug_str     0x00001c0c       0xf2 .\CortexM3\ARM_GCC_541\Debug\Project2.a(isr_ADC.o)
                                0x2f5 (size before relaxing)
 .debug_str     0x00001cfe       0x7b .\CortexM3\ARM_GCC_541\Debug\Project2.a(ADC_DelSig_AMux.o)
                                0x263 (size before relaxing)
 .debug_str     0x00001d79      0x170 .\CortexM3\ARM_GCC_541\Debug\Project2.a(ADC_DelSig_Ext_CP_Clk.o)
                                0x3c9 (size before relaxing)
 .debug_str     0x00001ee9      0x1a3 .\CortexM3\ARM_GCC_541\Debug\Project2.a(ADC_DelSig_theACLK.o)
                                0x3f6 (size before relaxing)
 .debug_str     0x0000208c      0x1bb .\CortexM3\ARM_GCC_541\Debug\Project2.a(CyFlash.o)
                                0x3f3 (size before relaxing)
 .debug_str     0x00002247       0xac .\CortexM3\ARM_GCC_541\Debug\Project2.a(CySpc.o)
                                0x36b (size before relaxing)

.debug_loc      0x00000000     0x27d3
 *(.debug_loc)
 .debug_loc     0x00000000      0x29c .\CortexM3\ARM_GCC_541\Debug\cyfitter_cfg.o
 .debug_loc     0x0000029c      0x144 .\CortexM3\ARM_GCC_541\Debug\Cm3Start.o
 .debug_loc     0x000003e0      0x258 .\CortexM3\ARM_GCC_541\Debug\Project2.a(UART.o)
 .debug_loc     0x00000638      0x128 .\CortexM3\ARM_GCC_541\Debug\Project2.a(UART_IntClock.o)
 .debug_loc     0x00000760      0xa11 .\CortexM3\ARM_GCC_541\Debug\Project2.a(CyLib.o)
 .debug_loc     0x00001171      0x1e4 .\CortexM3\ARM_GCC_541\Debug\Project2.a(cyPm.o)
 .debug_loc     0x00001355      0x68c .\CortexM3\ARM_GCC_541\Debug\Project2.a(ADC_DelSig.o)
 .debug_loc     0x000019e1       0x56 .\CortexM3\ARM_GCC_541\Debug\Project2.a(isr_ADC.o)
 .debug_loc     0x00001a37       0x6c .\CortexM3\ARM_GCC_541\Debug\Project2.a(ADC_DelSig_AMux.o)
 .debug_loc     0x00001aa3      0x12c .\CortexM3\ARM_GCC_541\Debug\Project2.a(ADC_DelSig_Ext_CP_Clk.o)
 .debug_loc     0x00001bcf      0x14d .\CortexM3\ARM_GCC_541\Debug\Project2.a(ADC_DelSig_theACLK.o)
 .debug_loc     0x00001d1c      0x3b2 .\CortexM3\ARM_GCC_541\Debug\Project2.a(CyFlash.o)
 .debug_loc     0x000020ce      0x705 .\CortexM3\ARM_GCC_541\Debug\Project2.a(CySpc.o)

.debug_macinfo
 *(.debug_macinfo)

.debug_ranges   0x00000000      0x8c8
 *(.debug_ranges)
 .debug_ranges  0x00000000       0x10 .\CortexM3\ARM_GCC_541\Debug\main.o
 .debug_ranges  0x00000010       0x10 .\CortexM3\ARM_GCC_541\Debug\InterruptRoutines.o
 .debug_ranges  0x00000020       0x58 .\CortexM3\ARM_GCC_541\Debug\cyfitter_cfg.o
 .debug_ranges  0x00000078       0x38 .\CortexM3\ARM_GCC_541\Debug\Cm3Start.o
 .debug_ranges  0x000000b0       0xe0 .\CortexM3\ARM_GCC_541\Debug\Project2.a(UART.o)
 .debug_ranges  0x00000190       0x60 .\CortexM3\ARM_GCC_541\Debug\Project2.a(UART_IntClock.o)
 .debug_ranges  0x000001f0      0x290 .\CortexM3\ARM_GCC_541\Debug\Project2.a(CyLib.o)
 .debug_ranges  0x00000480       0x88 .\CortexM3\ARM_GCC_541\Debug\Project2.a(cyPm.o)
 .debug_ranges  0x00000508       0xd8 .\CortexM3\ARM_GCC_541\Debug\Project2.a(ADC_DelSig.o)
 .debug_ranges  0x000005e0       0x28 .\CortexM3\ARM_GCC_541\Debug\Project2.a(ADC_DelSig_INT.o)
 .debug_ranges  0x00000608       0x78 .\CortexM3\ARM_GCC_541\Debug\Project2.a(Timer.o)
 .debug_ranges  0x00000680       0x70 .\CortexM3\ARM_GCC_541\Debug\Project2.a(isr_ADC.o)
 .debug_ranges  0x000006f0       0x20 .\CortexM3\ARM_GCC_541\Debug\Project2.a(ADC_DelSig_AMux.o)
 .debug_ranges  0x00000710       0x60 .\CortexM3\ARM_GCC_541\Debug\Project2.a(ADC_DelSig_Ext_CP_Clk.o)
 .debug_ranges  0x00000770       0x70 .\CortexM3\ARM_GCC_541\Debug\Project2.a(ADC_DelSig_theACLK.o)
 .debug_ranges  0x000007e0       0x78 .\CortexM3\ARM_GCC_541\Debug\Project2.a(CyFlash.o)
 .debug_ranges  0x00000858       0x70 .\CortexM3\ARM_GCC_541\Debug\Project2.a(CySpc.o)

.comment        0x00000000       0x6e
 .comment       0x00000000       0x6e .\CortexM3\ARM_GCC_541\Debug\main.o
                                 0x6f (size before relaxing)
 .comment       0x0000006e       0x6f .\CortexM3\ARM_GCC_541\Debug\InterruptRoutines.o
 .comment       0x0000006e       0x6f .\CortexM3\ARM_GCC_541\Debug\cyfitter_cfg.o
 .comment       0x0000006e       0x6f .\CortexM3\ARM_GCC_541\Debug\cymetadata.o
 .comment       0x0000006e       0x6f .\CortexM3\ARM_GCC_541\Debug\Cm3Start.o
 .comment       0x0000006e       0x6f .\CortexM3\ARM_GCC_541\Debug\Project2.a(UART.o)
 .comment       0x0000006e       0x6f .\CortexM3\ARM_GCC_541\Debug\Project2.a(UART_IntClock.o)
 .comment       0x0000006e       0x6f .\CortexM3\ARM_GCC_541\Debug\Project2.a(CyLib.o)
 .comment       0x0000006e       0x6f .\CortexM3\ARM_GCC_541\Debug\Project2.a(cyPm.o)
 .comment       0x0000006e       0x6f .\CortexM3\ARM_GCC_541\Debug\Project2.a(ADC_DelSig.o)
 .comment       0x0000006e       0x6f .\CortexM3\ARM_GCC_541\Debug\Project2.a(ADC_DelSig_INT.o)
 .comment       0x0000006e       0x6f .\CortexM3\ARM_GCC_541\Debug\Project2.a(Timer.o)
 .comment       0x0000006e       0x6f .\CortexM3\ARM_GCC_541\Debug\Project2.a(isr_ADC.o)
 .comment       0x0000006e       0x6f .\CortexM3\ARM_GCC_541\Debug\Project2.a(ADC_DelSig_AMux.o)
 .comment       0x0000006e       0x6f .\CortexM3\ARM_GCC_541\Debug\Project2.a(ADC_DelSig_Ext_CP_Clk.o)
 .comment       0x0000006e       0x6f .\CortexM3\ARM_GCC_541\Debug\Project2.a(ADC_DelSig_theACLK.o)
 .comment       0x0000006e       0x6f .\CortexM3\ARM_GCC_541\Debug\Project2.a(CyFlash.o)
 .comment       0x0000006e       0x6f .\CortexM3\ARM_GCC_541\Debug\Project2.a(CySpc.o)

.debug_weaknames
 *(.debug_weaknames)

.debug_funcnames
 *(.debug_funcnames)

.debug_typenames
 *(.debug_typenames)

.debug_varnames
 *(.debug_varnames)

.note.gnu.arm.ident
 *(.note.gnu.arm.ident)

.ARM.attributes
                0x00000000       0x29
 *(.ARM.attributes)
 .ARM.attributes
                0x00000000       0x1d c:/program files (x86)/cypress/psoc creator/4.4/psoc creator/import/gnu/arm/5.4.1/bin/../lib/gcc/arm-none-eabi/5.4.1/armv7-m/crti.o
 .ARM.attributes
                0x0000001d       0x2d c:/program files (x86)/cypress/psoc creator/4.4/psoc creator/import/gnu/arm/5.4.1/bin/../lib/gcc/arm-none-eabi/5.4.1/armv7-m/crtbegin.o
 .ARM.attributes
                0x0000004a       0x1b c:/program files (x86)/cypress/psoc creator/4.4/psoc creator/import/gnu/arm/5.4.1/bin/../lib/gcc/arm-none-eabi/5.4.1/../../../../arm-none-eabi/lib/armv7-m/crt0.o
 .ARM.attributes
                0x00000065       0x33 .\CortexM3\ARM_GCC_541\Debug\main.o
 .ARM.attributes
                0x00000098       0x33 .\CortexM3\ARM_GCC_541\Debug\InterruptRoutines.o
 .ARM.attributes
                0x000000cb       0x33 .\CortexM3\ARM_GCC_541\Debug\cyfitter_cfg.o
 .ARM.attributes
                0x000000fe       0x33 .\CortexM3\ARM_GCC_541\Debug\cymetadata.o
 .ARM.attributes
                0x00000131       0x33 .\CortexM3\ARM_GCC_541\Debug\Cm3Start.o
 .ARM.attributes
                0x00000164       0x33 .\CortexM3\ARM_GCC_541\Debug\Project2.a(UART.o)
 .ARM.attributes
                0x00000197       0x33 .\CortexM3\ARM_GCC_541\Debug\Project2.a(UART_IntClock.o)
 .ARM.attributes
                0x000001ca       0x33 .\CortexM3\ARM_GCC_541\Debug\Project2.a(CyLib.o)
 .ARM.attributes
                0x000001fd       0x33 .\CortexM3\ARM_GCC_541\Debug\Project2.a(cyPm.o)
 .ARM.attributes
                0x00000230       0x33 .\CortexM3\ARM_GCC_541\Debug\Project2.a(ADC_DelSig.o)
 .ARM.attributes
                0x00000263       0x33 .\CortexM3\ARM_GCC_541\Debug\Project2.a(ADC_DelSig_INT.o)
 .ARM.attributes
                0x00000296       0x33 .\CortexM3\ARM_GCC_541\Debug\Project2.a(Timer.o)
 .ARM.attributes
                0x000002c9       0x33 .\CortexM3\ARM_GCC_541\Debug\Project2.a(isr_ADC.o)
 .ARM.attributes
                0x000002fc       0x33 .\CortexM3\ARM_GCC_541\Debug\Project2.a(ADC_DelSig_AMux.o)
 .ARM.attributes
                0x0000032f       0x33 .\CortexM3\ARM_GCC_541\Debug\Project2.a(ADC_DelSig_Ext_CP_Clk.o)
 .ARM.attributes
                0x00000362       0x33 .\CortexM3\ARM_GCC_541\Debug\Project2.a(ADC_DelSig_theACLK.o)
 .ARM.attributes
                0x00000395       0x21 .\CortexM3\ARM_GCC_541\Debug\Project2.a(CyBootAsmGnu.o)
 .ARM.attributes
                0x000003b6       0x33 .\CortexM3\ARM_GCC_541\Debug\Project2.a(CyFlash.o)
 .ARM.attributes
                0x000003e9       0x33 .\CortexM3\ARM_GCC_541\Debug\Project2.a(CySpc.o)
 .ARM.attributes
                0x0000041c       0x1d c:/program files (x86)/cypress/psoc creator/4.4/psoc creator/import/gnu/arm/5.4.1/bin/../lib/gcc/arm-none-eabi/5.4.1/armv7-m\libgcc.a(_arm_addsubdf3.o)
 .ARM.attributes
                0x00000439       0x1d c:/program files (x86)/cypress/psoc creator/4.4/psoc creator/import/gnu/arm/5.4.1/bin/../lib/gcc/arm-none-eabi/5.4.1/armv7-m\libgcc.a(_arm_cmpdf2.o)
 .ARM.attributes
                0x00000456       0x1d c:/program files (x86)/cypress/psoc creator/4.4/psoc creator/import/gnu/arm/5.4.1/bin/../lib/gcc/arm-none-eabi/5.4.1/armv7-m\libgcc.a(_arm_addsubsf3.o)
 .ARM.attributes
                0x00000473       0x1d c:/program files (x86)/cypress/psoc creator/4.4/psoc creator/import/gnu/arm/5.4.1/bin/../lib/gcc/arm-none-eabi/5.4.1/armv7-m\libgcc.a(_arm_muldivsf3.o)
 .ARM.attributes
                0x00000490       0x1d c:/program files (x86)/cypress/psoc creator/4.4/psoc creator/import/gnu/arm/5.4.1/bin/../lib/gcc/arm-none-eabi/5.4.1/armv7-m\libgcc.a(_arm_fixunssfsi.o)
 .ARM.attributes
                0x000004ad       0x2d c:/program files (x86)/cypress/psoc creator/4.4/psoc creator/import/gnu/arm/5.4.1/bin/../lib/gcc/arm-none-eabi/5.4.1/../../../../arm-none-eabi/lib/armv7-m\libg_nano.a(lib_a-errno.o)
 .ARM.attributes
                0x000004da       0x2d c:/program files (x86)/cypress/psoc creator/4.4/psoc creator/import/gnu/arm/5.4.1/bin/../lib/gcc/arm-none-eabi/5.4.1/../../../../arm-none-eabi/lib/armv7-m\libg_nano.a(lib_a-exit.o)
 .ARM.attributes
                0x00000507       0x2d c:/program files (x86)/cypress/psoc creator/4.4/psoc creator/import/gnu/arm/5.4.1/bin/../lib/gcc/arm-none-eabi/5.4.1/../../../../arm-none-eabi/lib/armv7-m\libg_nano.a(lib_a-impure.o)
 .ARM.attributes
                0x00000534       0x2d c:/program files (x86)/cypress/psoc creator/4.4/psoc creator/import/gnu/arm/5.4.1/bin/../lib/gcc/arm-none-eabi/5.4.1/../../../../arm-none-eabi/lib/armv7-m\libg_nano.a(lib_a-init.o)
 .ARM.attributes
                0x00000561       0x2d c:/program files (x86)/cypress/psoc creator/4.4/psoc creator/import/gnu/arm/5.4.1/bin/../lib/gcc/arm-none-eabi/5.4.1/../../../../arm-none-eabi/lib/armv7-m\libg_nano.a(lib_a-memcpy-stub.o)
 .ARM.attributes
                0x0000058e       0x2d c:/program files (x86)/cypress/psoc creator/4.4/psoc creator/import/gnu/arm/5.4.1/bin/../lib/gcc/arm-none-eabi/5.4.1/../../../../arm-none-eabi/lib/armv7-m\libg_nano.a(lib_a-memset.o)
 .ARM.attributes
                0x000005bb       0x2d c:/program files (x86)/cypress/psoc creator/4.4/psoc creator/import/gnu/arm/5.4.1/bin/../lib/gcc/arm-none-eabi/5.4.1/../../../../arm-none-eabi/lib/armv7-m\libg_nano.a(lib_a-sprintf.o)
 .ARM.attributes
                0x000005e8       0x2d c:/program files (x86)/cypress/psoc creator/4.4/psoc creator/import/gnu/arm/5.4.1/bin/../lib/gcc/arm-none-eabi/5.4.1/../../../../arm-none-eabi/lib/armv7-m\libg_nano.a(lib_a-nano-svfprintf.o)
 .ARM.attributes
                0x00000615       0x2d c:/program files (x86)/cypress/psoc creator/4.4/psoc creator/import/gnu/arm/5.4.1/bin/../lib/gcc/arm-none-eabi/5.4.1/../../../../arm-none-eabi/lib/armv7-m\libg_nano.a(lib_a-nano-vfprintf_i.o)
 .ARM.attributes
                0x00000642       0x2d c:/program files (x86)/cypress/psoc creator/4.4/psoc creator/import/gnu/arm/5.4.1/bin/../lib/gcc/arm-none-eabi/5.4.1/../../../../arm-none-eabi/lib/armv7-m\libg_nano.a(lib_a-memchr-stub.o)
 .ARM.attributes
                0x0000066f       0x2d c:/program files (x86)/cypress/psoc creator/4.4/psoc creator/import/gnu/arm/5.4.1/bin/../lib/gcc/arm-none-eabi/5.4.1/../../../../arm-none-eabi/lib/armv7-m\libg_nano.a(lib_a-memmove.o)
 .ARM.attributes
                0x0000069c       0x2d c:/program files (x86)/cypress/psoc creator/4.4/psoc creator/import/gnu/arm/5.4.1/bin/../lib/gcc/arm-none-eabi/5.4.1/../../../../arm-none-eabi/lib/armv7-m\libg_nano.a(lib_a-nano-freer.o)
 .ARM.attributes
                0x000006c9       0x2d c:/program files (x86)/cypress/psoc creator/4.4/psoc creator/import/gnu/arm/5.4.1/bin/../lib/gcc/arm-none-eabi/5.4.1/../../../../arm-none-eabi/lib/armv7-m\libg_nano.a(lib_a-nano-mallocr.o)
 .ARM.attributes
                0x000006f6       0x2d c:/program files (x86)/cypress/psoc creator/4.4/psoc creator/import/gnu/arm/5.4.1/bin/../lib/gcc/arm-none-eabi/5.4.1/../../../../arm-none-eabi/lib/armv7-m\libg_nano.a(lib_a-nano-reallocr.o)
 .ARM.attributes
                0x00000723       0x2d c:/program files (x86)/cypress/psoc creator/4.4/psoc creator/import/gnu/arm/5.4.1/bin/../lib/gcc/arm-none-eabi/5.4.1/../../../../arm-none-eabi/lib/armv7-m\libg_nano.a(lib_a-sbrkr.o)
 .ARM.attributes
                0x00000750       0x2d c:/program files (x86)/cypress/psoc creator/4.4/psoc creator/import/gnu/arm/5.4.1/bin/../lib/gcc/arm-none-eabi/5.4.1/../../../../arm-none-eabi/lib/armv7-m\libg_nano.a(lib_a-mlock.o)
 .ARM.attributes
                0x0000077d       0x2d c:/program files (x86)/cypress/psoc creator/4.4/psoc creator/import/gnu/arm/5.4.1/bin/../lib/gcc/arm-none-eabi/5.4.1/../../../../arm-none-eabi/lib/armv7-m\libg_nano.a(lib_a-nano-msizer.o)
 .ARM.attributes
                0x000007aa       0x2d c:/program files (x86)/cypress/psoc creator/4.4/psoc creator/import/gnu/arm/5.4.1/bin/../lib/gcc/arm-none-eabi/5.4.1/../../../../arm-none-eabi/lib/armv7-m\libg_nano.a(lib_a-reent.o)
 .ARM.attributes
                0x000007d7       0x2d c:/program files (x86)/cypress/psoc creator/4.4/psoc creator/import/gnu/arm/5.4.1/bin/../lib/gcc/arm-none-eabi/5.4.1/armv7-m/crtend.o
 .ARM.attributes
                0x00000804       0x1d c:/program files (x86)/cypress/psoc creator/4.4/psoc creator/import/gnu/arm/5.4.1/bin/../lib/gcc/arm-none-eabi/5.4.1/armv7-m/crtn.o

/DISCARD/
 *(.note.GNU-stack)
OUTPUT(C:\Users\cante\Desktop\INGEGNERIA BIOMEDICA\V ANNO\LAB ELETTRONICA\PSoC\Progetti 7 aprile\Workspace01\Project2.cydsn\CortexM3\ARM_GCC_541\Debug\Project2.elf elf32-littlearm)
